Archive member included because of file (symbol)

c:/program files (x86)/gnu tools arm embedded/4.8 2013q4/bin/../lib/gcc/arm-none-eabi/4.8.3/../../../../arm-none-eabi/lib/armv7e-m\libm.a(lib_a-w_sqrt.o)
                              ..\obj\middle.o (sqrt)
c:/program files (x86)/gnu tools arm embedded/4.8 2013q4/bin/../lib/gcc/arm-none-eabi/4.8.3/../../../../arm-none-eabi/lib/armv7e-m\libm.a(lib_a-e_sqrt.o)
                              c:/program files (x86)/gnu tools arm embedded/4.8 2013q4/bin/../lib/gcc/arm-none-eabi/4.8.3/../../../../arm-none-eabi/lib/armv7e-m\libm.a(lib_a-w_sqrt.o) (__ieee754_sqrt)
c:/program files (x86)/gnu tools arm embedded/4.8 2013q4/bin/../lib/gcc/arm-none-eabi/4.8.3/../../../../arm-none-eabi/lib/armv7e-m\libm.a(lib_a-s_fpclassify.o)
                              c:/program files (x86)/gnu tools arm embedded/4.8 2013q4/bin/../lib/gcc/arm-none-eabi/4.8.3/../../../../arm-none-eabi/lib/armv7e-m\libm.a(lib_a-w_sqrt.o) (__fpclassifyd)
c:/program files (x86)/gnu tools arm embedded/4.8 2013q4/bin/../lib/gcc/arm-none-eabi/4.8.3/../../../../arm-none-eabi/lib/armv7e-m\libm.a(lib_a-s_lib_ver.o)
                              c:/program files (x86)/gnu tools arm embedded/4.8 2013q4/bin/../lib/gcc/arm-none-eabi/4.8.3/../../../../arm-none-eabi/lib/armv7e-m\libm.a(lib_a-w_sqrt.o) (__fdlib_version)
c:/program files (x86)/gnu tools arm embedded/4.8 2013q4/bin/../lib/gcc/arm-none-eabi/4.8.3/../../../../arm-none-eabi/lib/armv7e-m\libm.a(lib_a-s_matherr.o)
                              c:/program files (x86)/gnu tools arm embedded/4.8 2013q4/bin/../lib/gcc/arm-none-eabi/4.8.3/../../../../arm-none-eabi/lib/armv7e-m\libm.a(lib_a-w_sqrt.o) (matherr)
c:/program files (x86)/gnu tools arm embedded/4.8 2013q4/bin/../lib/gcc/arm-none-eabi/4.8.3/armv7e-m\libgcc.a(_arm_addsubdf3.o)
                              ..\obj\middle.o (__aeabi_dsub)
c:/program files (x86)/gnu tools arm embedded/4.8 2013q4/bin/../lib/gcc/arm-none-eabi/4.8.3/armv7e-m\libgcc.a(_arm_muldivdf3.o)
                              ..\obj\middle.o (__aeabi_dmul)
c:/program files (x86)/gnu tools arm embedded/4.8 2013q4/bin/../lib/gcc/arm-none-eabi/4.8.3/armv7e-m\libgcc.a(_arm_cmpdf2.o)
                              c:/program files (x86)/gnu tools arm embedded/4.8 2013q4/bin/../lib/gcc/arm-none-eabi/4.8.3/../../../../arm-none-eabi/lib/armv7e-m\libm.a(lib_a-w_sqrt.o) (__aeabi_dcmplt)
c:/program files (x86)/gnu tools arm embedded/4.8 2013q4/bin/../lib/gcc/arm-none-eabi/4.8.3/armv7e-m\libgcc.a(_arm_fixdfsi.o)
                              ..\obj\middle.o (__aeabi_d2iz)
c:/program files (x86)/gnu tools arm embedded/4.8 2013q4/bin/../lib/gcc/arm-none-eabi/4.8.3/armv7e-m\libgcc.a(_arm_truncdfsf2.o)
                              ..\obj\middle.o (__aeabi_d2f)
c:/program files (x86)/gnu tools arm embedded/4.8 2013q4/bin/../lib/gcc/arm-none-eabi/4.8.3/armv7e-m\libgcc.a(_arm_addsubsf3.o)
                              ..\obj\middle.o (__aeabi_fsub)
c:/program files (x86)/gnu tools arm embedded/4.8 2013q4/bin/../lib/gcc/arm-none-eabi/4.8.3/armv7e-m\libgcc.a(_arm_muldivsf3.o)
                              ..\obj\middle.o (__aeabi_fmul)
c:/program files (x86)/gnu tools arm embedded/4.8 2013q4/bin/../lib/gcc/arm-none-eabi/4.8.3/armv7e-m\libgcc.a(_arm_cmpsf2.o)
                              ..\obj\middle.o (__aeabi_fcmplt)
c:/program files (x86)/gnu tools arm embedded/4.8 2013q4/bin/../lib/gcc/arm-none-eabi/4.8.3/armv7e-m\libgcc.a(_arm_fixsfsi.o)
                              ..\obj\middle.o (__aeabi_f2iz)
c:/program files (x86)/gnu tools arm embedded/4.8 2013q4/bin/../lib/gcc/arm-none-eabi/4.8.3/../../../../arm-none-eabi/lib/armv7e-m\libg.a(lib_a-errno.o)
                              c:/program files (x86)/gnu tools arm embedded/4.8 2013q4/bin/../lib/gcc/arm-none-eabi/4.8.3/../../../../arm-none-eabi/lib/armv7e-m\libm.a(lib_a-w_sqrt.o) (__errno)
c:/program files (x86)/gnu tools arm embedded/4.8 2013q4/bin/../lib/gcc/arm-none-eabi/4.8.3/../../../../arm-none-eabi/lib/armv7e-m\libg.a(lib_a-impure.o)
                              c:/program files (x86)/gnu tools arm embedded/4.8 2013q4/bin/../lib/gcc/arm-none-eabi/4.8.3/../../../../arm-none-eabi/lib/armv7e-m\libg.a(lib_a-errno.o) (_impure_ptr)
c:/program files (x86)/gnu tools arm embedded/4.8 2013q4/bin/../lib/gcc/arm-none-eabi/4.8.3/../../../../arm-none-eabi/lib/armv7e-m\libg.a(lib_a-rand.o)
                              ..\obj\main.o (rand)

Allocating common symbols
Common symbol       size              file

textColor           0x1               ..\obj\main.o
fillColor           0x1               ..\obj\main.o
VGA                 0xc               ..\obj\main.o
VGA_RAM1            0x12cf0           ..\obj\main.o
lineColor           0x1               ..\obj\main.o
currentFontInfo     0x4               ..\obj\main.o

Discarded input sections

 .text          0x00000000        0x0 ..\obj\tnrCursive.o
 .data          0x00000000        0x0 ..\obj\tnrCursive.o
 .bss           0x00000000        0x0 ..\obj\tnrCursive.o
 .text          0x00000000        0x0 ..\obj\keys.o
 .data          0x00000000        0x0 ..\obj\keys.o
 .bss           0x00000000        0x0 ..\obj\keys.o
 .text          0x00000000        0x0 ..\obj\arialCursive.o
 .data          0x00000000        0x0 ..\obj\arialCursive.o
 .bss           0x00000000        0x0 ..\obj\arialCursive.o
 .text          0x00000000        0x0 ..\obj\arialNormal.o
 .data          0x00000000        0x0 ..\obj\arialNormal.o
 .bss           0x00000000        0x0 ..\obj\arialNormal.o
 .text          0x00000000        0x0 ..\obj\startup_stm32f4xx.o
 .data          0x00000000        0x0 ..\obj\startup_stm32f4xx.o
 .bss           0x00000000        0x0 ..\obj\startup_stm32f4xx.o
 .text          0x00000000        0x0 ..\obj\main.o
 .data          0x00000000        0x0 ..\obj\main.o
 .bss           0x00000000        0x0 ..\obj\main.o
 .text          0x00000000        0x0 ..\obj\stm32f4xx_rcc.o
 .data          0x00000000       0x10 ..\obj\stm32f4xx_rcc.o
 .bss           0x00000000        0x0 ..\obj\stm32f4xx_rcc.o
 .text.RCC_DeInit
                0x00000000       0x50 ..\obj\stm32f4xx_rcc.o
 .text.RCC_HSEConfig
                0x00000000       0x24 ..\obj\stm32f4xx_rcc.o
 .text.RCC_WaitForHSEStartUp
                0x00000000       0x50 ..\obj\stm32f4xx_rcc.o
 .text.RCC_AdjustHSICalibrationValue
                0x00000000       0x3c ..\obj\stm32f4xx_rcc.o
 .text.RCC_HSICmd
                0x00000000       0x20 ..\obj\stm32f4xx_rcc.o
 .text.RCC_LSEConfig
                0x00000000       0x40 ..\obj\stm32f4xx_rcc.o
 .text.RCC_LSICmd
                0x00000000       0x20 ..\obj\stm32f4xx_rcc.o
 .text.RCC_PLLConfig
                0x00000000       0x3c ..\obj\stm32f4xx_rcc.o
 .text.RCC_PLLCmd
                0x00000000       0x20 ..\obj\stm32f4xx_rcc.o
 .text.RCC_PLLI2SConfig
                0x00000000       0x28 ..\obj\stm32f4xx_rcc.o
 .text.RCC_PLLI2SCmd
                0x00000000       0x20 ..\obj\stm32f4xx_rcc.o
 .text.RCC_ClockSecuritySystemCmd
                0x00000000       0x20 ..\obj\stm32f4xx_rcc.o
 .text.RCC_MCO1Config
                0x00000000       0x3c ..\obj\stm32f4xx_rcc.o
 .text.RCC_MCO2Config
                0x00000000       0x3c ..\obj\stm32f4xx_rcc.o
 .text.RCC_SYSCLKConfig
                0x00000000       0x38 ..\obj\stm32f4xx_rcc.o
 .text.RCC_GetSYSCLKSource
                0x00000000       0x20 ..\obj\stm32f4xx_rcc.o
 .text.RCC_HCLKConfig
                0x00000000       0x38 ..\obj\stm32f4xx_rcc.o
 .text.RCC_PCLK1Config
                0x00000000       0x38 ..\obj\stm32f4xx_rcc.o
 .text.RCC_PCLK2Config
                0x00000000       0x38 ..\obj\stm32f4xx_rcc.o
 .text.RCC_GetClocksFreq
                0x00000000      0x154 ..\obj\stm32f4xx_rcc.o
 .text.RCC_RTCCLKConfig
                0x00000000       0x5c ..\obj\stm32f4xx_rcc.o
 .text.RCC_RTCCLKCmd
                0x00000000       0x20 ..\obj\stm32f4xx_rcc.o
 .text.RCC_BackupResetCmd
                0x00000000       0x20 ..\obj\stm32f4xx_rcc.o
 .text.RCC_I2SCLKConfig
                0x00000000       0x1c ..\obj\stm32f4xx_rcc.o
 .text.RCC_AHB2PeriphClockCmd
                0x00000000       0x3c ..\obj\stm32f4xx_rcc.o
 .text.RCC_AHB3PeriphClockCmd
                0x00000000       0x3c ..\obj\stm32f4xx_rcc.o
 .text.RCC_AHB1PeriphResetCmd
                0x00000000       0x3c ..\obj\stm32f4xx_rcc.o
 .text.RCC_AHB2PeriphResetCmd
                0x00000000       0x3c ..\obj\stm32f4xx_rcc.o
 .text.RCC_AHB3PeriphResetCmd
                0x00000000       0x3c ..\obj\stm32f4xx_rcc.o
 .text.RCC_APB1PeriphResetCmd
                0x00000000       0x3c ..\obj\stm32f4xx_rcc.o
 .text.RCC_APB2PeriphResetCmd
                0x00000000       0x3c ..\obj\stm32f4xx_rcc.o
 .text.RCC_AHB1PeriphClockLPModeCmd
                0x00000000       0x3c ..\obj\stm32f4xx_rcc.o
 .text.RCC_AHB2PeriphClockLPModeCmd
                0x00000000       0x3c ..\obj\stm32f4xx_rcc.o
 .text.RCC_AHB3PeriphClockLPModeCmd
                0x00000000       0x3c ..\obj\stm32f4xx_rcc.o
 .text.RCC_APB1PeriphClockLPModeCmd
                0x00000000       0x3c ..\obj\stm32f4xx_rcc.o
 .text.RCC_APB2PeriphClockLPModeCmd
                0x00000000       0x3c ..\obj\stm32f4xx_rcc.o
 .text.RCC_ITConfig
                0x00000000       0x48 ..\obj\stm32f4xx_rcc.o
 .text.RCC_GetFlagStatus
                0x00000000       0x74 ..\obj\stm32f4xx_rcc.o
 .text.RCC_ClearFlag
                0x00000000       0x1c ..\obj\stm32f4xx_rcc.o
 .text.RCC_GetITStatus
                0x00000000       0x38 ..\obj\stm32f4xx_rcc.o
 .text.RCC_ClearITPendingBit
                0x00000000       0x20 ..\obj\stm32f4xx_rcc.o
 .text          0x00000000        0x0 ..\obj\text.o
 .bss           0x00000000        0x0 ..\obj\text.o
 .text          0x00000000        0x0 ..\obj\stm32f4xx_gpio.o
 .data          0x00000000        0x0 ..\obj\stm32f4xx_gpio.o
 .bss           0x00000000        0x0 ..\obj\stm32f4xx_gpio.o
 .text.GPIO_DeInit
                0x00000000      0x120 ..\obj\stm32f4xx_gpio.o
 .text.GPIO_StructInit
                0x00000000       0x34 ..\obj\stm32f4xx_gpio.o
 .text.GPIO_PinLockConfig
                0x00000000       0x44 ..\obj\stm32f4xx_gpio.o
 .text.GPIO_ReadInputData
                0x00000000       0x1c ..\obj\stm32f4xx_gpio.o
 .text.GPIO_ReadOutputDataBit
                0x00000000       0x34 ..\obj\stm32f4xx_gpio.o
 .text.GPIO_ReadOutputData
                0x00000000       0x1c ..\obj\stm32f4xx_gpio.o
 .text.GPIO_WriteBit
                0x00000000       0x30 ..\obj\stm32f4xx_gpio.o
 .text.GPIO_Write
                0x00000000       0x1c ..\obj\stm32f4xx_gpio.o
 .text.GPIO_ToggleBits
                0x00000000       0x24 ..\obj\stm32f4xx_gpio.o
 .text          0x00000000        0x0 ..\obj\tnrBold.o
 .data          0x00000000        0x0 ..\obj\tnrBold.o
 .bss           0x00000000        0x0 ..\obj\tnrBold.o
 .text          0x00000000        0x0 ..\obj\system_stm32f4xx.o
 .data          0x00000000       0x14 ..\obj\system_stm32f4xx.o
 .bss           0x00000000        0x0 ..\obj\system_stm32f4xx.o
 .text.SystemCoreClockUpdate
                0x00000000       0xf8 ..\obj\system_stm32f4xx.o
 .text          0x00000000        0x0 ..\obj\syscalls.o
 .data          0x00000000        0x0 ..\obj\syscalls.o
 .bss           0x00000000        0x4 ..\obj\syscalls.o
 .text._sbrk    0x00000000       0x40 ..\obj\syscalls.o
 .text.link     0x00000000       0x1c ..\obj\syscalls.o
 .text._close   0x00000000       0x18 ..\obj\syscalls.o
 .text._fstat   0x00000000       0x20 ..\obj\syscalls.o
 .text._isatty  0x00000000       0x18 ..\obj\syscalls.o
 .text._lseek   0x00000000       0x1c ..\obj\syscalls.o
 .text._read    0x00000000       0x1c ..\obj\syscalls.o
 .text._write   0x00000000       0x1c ..\obj\syscalls.o
 .text.abort    0x00000000        0x8 ..\obj\syscalls.o
 .debug_info    0x00000000      0x3ee ..\obj\syscalls.o
 .debug_abbrev  0x00000000       0xe2 ..\obj\syscalls.o
 .debug_aranges
                0x00000000       0x60 ..\obj\syscalls.o
 .debug_ranges  0x00000000       0x50 ..\obj\syscalls.o
 .debug_line    0x00000000      0x188 ..\obj\syscalls.o
 .debug_str     0x00000000      0x2ff ..\obj\syscalls.o
 .comment       0x00000000       0x71 ..\obj\syscalls.o
 .ARM.attributes
                0x00000000       0x33 ..\obj\syscalls.o
 .debug_frame   0x00000000      0x108 ..\obj\syscalls.o
 .text          0x00000000        0x0 ..\obj\stm32f4xx_dma.o
 .data          0x00000000        0x0 ..\obj\stm32f4xx_dma.o
 .bss           0x00000000        0x0 ..\obj\stm32f4xx_dma.o
 .text.DMA_StructInit
                0x00000000       0x6c ..\obj\stm32f4xx_dma.o
 .text.DMA_PeriphIncOffsetSizeConfig
                0x00000000       0x34 ..\obj\stm32f4xx_dma.o
 .text.DMA_FlowControllerConfig
                0x00000000       0x34 ..\obj\stm32f4xx_dma.o
 .text.DMA_SetCurrDataCounter
                0x00000000       0x1c ..\obj\stm32f4xx_dma.o
 .text.DMA_GetCurrDataCounter
                0x00000000       0x1c ..\obj\stm32f4xx_dma.o
 .text.DMA_DoubleBufferModeConfig
                0x00000000       0x3c ..\obj\stm32f4xx_dma.o
 .text.DMA_DoubleBufferModeCmd
                0x00000000       0x38 ..\obj\stm32f4xx_dma.o
 .text.DMA_MemoryTargetConfig
                0x00000000       0x2c ..\obj\stm32f4xx_dma.o
 .text.DMA_GetCurrentMemoryTarget
                0x00000000       0x30 ..\obj\stm32f4xx_dma.o
 .text.DMA_GetCmdStatus
                0x00000000       0x30 ..\obj\stm32f4xx_dma.o
 .text.DMA_GetFIFOStatus
                0x00000000       0x24 ..\obj\stm32f4xx_dma.o
 .text.DMA_GetFlagStatus
                0x00000000       0x78 ..\obj\stm32f4xx_dma.o
 .text.DMA_ClearFlag
                0x00000000       0x5c ..\obj\stm32f4xx_dma.o
 .text          0x00000000        0x0 ..\obj\arialBold.o
 .data          0x00000000        0x0 ..\obj\arialBold.o
 .bss           0x00000000        0x0 ..\obj\arialBold.o
 .text          0x00000000        0x0 ..\obj\stm32_ub_vga_screen.o
 .data          0x00000000        0x0 ..\obj\stm32_ub_vga_screen.o
 .bss           0x00000000        0x0 ..\obj\stm32_ub_vga_screen.o
 .text          0x00000000        0x0 ..\obj\misc.o
 .data          0x00000000        0x0 ..\obj\misc.o
 .bss           0x00000000        0x0 ..\obj\misc.o
 .text.NVIC_PriorityGroupConfig
                0x00000000       0x24 ..\obj\misc.o
 .text.NVIC_SetVectorTable
                0x00000000       0x2c ..\obj\misc.o
 .text.NVIC_SystemLPConfig
                0x00000000       0x40 ..\obj\misc.o
 .text.SysTick_CLKSourceConfig
                0x00000000       0x38 ..\obj\misc.o
 .text          0x00000000        0x0 ..\obj\tnrNormal.o
 .data          0x00000000        0x0 ..\obj\tnrNormal.o
 .bss           0x00000000        0x0 ..\obj\tnrNormal.o
 .text          0x00000000        0x0 ..\obj\middle.o
 .data          0x00000000        0x0 ..\obj\middle.o
 .bss           0x00000000        0x0 ..\obj\middle.o
 .text.InitMiddle
                0x00000000       0x20 ..\obj\middle.o
 .text.DrawCircle
                0x00000000      0x220 ..\obj\middle.o
 .text.DrawRectangle
                0x00000000       0xec ..\obj\middle.o
 .text.DrawSimpleTriangle
                0x00000000      0x1d0 ..\obj\middle.o
 .text.DrawEllipse
                0x00000000      0x610 ..\obj\middle.o
 .text          0x00000000        0x0 ..\obj\image.o
 .data          0x00000000        0x0 ..\obj\image.o
 .bss           0x00000000        0x0 ..\obj\image.o
 .text          0x00000000        0x0 ..\obj\stm32f4xx_tim.o
 .data          0x00000000        0x0 ..\obj\stm32f4xx_tim.o
 .bss           0x00000000        0x0 ..\obj\stm32f4xx_tim.o
 .text.TIM_DeInit
                0x00000000      0x1bc ..\obj\stm32f4xx_tim.o
 .text.TIM_TimeBaseStructInit
                0x00000000       0x34 ..\obj\stm32f4xx_tim.o
 .text.TIM_PrescalerConfig
                0x00000000       0x28 ..\obj\stm32f4xx_tim.o
 .text.TIM_CounterModeConfig
                0x00000000       0x38 ..\obj\stm32f4xx_tim.o
 .text.TIM_SetCounter
                0x00000000       0x1c ..\obj\stm32f4xx_tim.o
 .text.TIM_SetAutoreload
                0x00000000       0x1c ..\obj\stm32f4xx_tim.o
 .text.TIM_GetCounter
                0x00000000       0x18 ..\obj\stm32f4xx_tim.o
 .text.TIM_GetPrescaler
                0x00000000       0x1c ..\obj\stm32f4xx_tim.o
 .text.TIM_UpdateDisableConfig
                0x00000000       0x40 ..\obj\stm32f4xx_tim.o
 .text.TIM_UpdateRequestConfig
                0x00000000       0x40 ..\obj\stm32f4xx_tim.o
 .text.TIM_SelectOnePulseMode
                0x00000000       0x38 ..\obj\stm32f4xx_tim.o
 .text.TIM_SetClockDivision
                0x00000000       0x38 ..\obj\stm32f4xx_tim.o
 .text.TIM_OC1Init
                0x00000000       0xf4 ..\obj\stm32f4xx_tim.o
 .text.TIM_OC2Init
                0x00000000      0x110 ..\obj\stm32f4xx_tim.o
 .text.TIM_OCStructInit
                0x00000000       0x44 ..\obj\stm32f4xx_tim.o
 .text.TIM_SelectOCxM
                0x00000000       0xac ..\obj\stm32f4xx_tim.o
 .text.TIM_SetCompare1
                0x00000000       0x1c ..\obj\stm32f4xx_tim.o
 .text.TIM_SetCompare2
                0x00000000       0x1c ..\obj\stm32f4xx_tim.o
 .text.TIM_SetCompare3
                0x00000000       0x1c ..\obj\stm32f4xx_tim.o
 .text.TIM_SetCompare4
                0x00000000       0x1c ..\obj\stm32f4xx_tim.o
 .text.TIM_ForcedOC1Config
                0x00000000       0x38 ..\obj\stm32f4xx_tim.o
 .text.TIM_ForcedOC2Config
                0x00000000       0x3c ..\obj\stm32f4xx_tim.o
 .text.TIM_ForcedOC3Config
                0x00000000       0x38 ..\obj\stm32f4xx_tim.o
 .text.TIM_ForcedOC4Config
                0x00000000       0x3c ..\obj\stm32f4xx_tim.o
 .text.TIM_OC1PreloadConfig
                0x00000000       0x38 ..\obj\stm32f4xx_tim.o
 .text.TIM_OC2PreloadConfig
                0x00000000       0x3c ..\obj\stm32f4xx_tim.o
 .text.TIM_OC1FastConfig
                0x00000000       0x38 ..\obj\stm32f4xx_tim.o
 .text.TIM_OC2FastConfig
                0x00000000       0x3c ..\obj\stm32f4xx_tim.o
 .text.TIM_OC3FastConfig
                0x00000000       0x38 ..\obj\stm32f4xx_tim.o
 .text.TIM_OC4FastConfig
                0x00000000       0x3c ..\obj\stm32f4xx_tim.o
 .text.TIM_ClearOC1Ref
                0x00000000       0x38 ..\obj\stm32f4xx_tim.o
 .text.TIM_ClearOC2Ref
                0x00000000       0x3c ..\obj\stm32f4xx_tim.o
 .text.TIM_ClearOC3Ref
                0x00000000       0x38 ..\obj\stm32f4xx_tim.o
 .text.TIM_ClearOC4Ref
                0x00000000       0x3c ..\obj\stm32f4xx_tim.o
 .text.TIM_OC1PolarityConfig
                0x00000000       0x38 ..\obj\stm32f4xx_tim.o
 .text.TIM_OC1NPolarityConfig
                0x00000000       0x38 ..\obj\stm32f4xx_tim.o
 .text.TIM_OC2PolarityConfig
                0x00000000       0x3c ..\obj\stm32f4xx_tim.o
 .text.TIM_OC2NPolarityConfig
                0x00000000       0x3c ..\obj\stm32f4xx_tim.o
 .text.TIM_OC3PolarityConfig
                0x00000000       0x3c ..\obj\stm32f4xx_tim.o
 .text.TIM_OC3NPolarityConfig
                0x00000000       0x3c ..\obj\stm32f4xx_tim.o
 .text.TIM_OC4PolarityConfig
                0x00000000       0x3c ..\obj\stm32f4xx_tim.o
 .text.TIM_CCxCmd
                0x00000000       0x54 ..\obj\stm32f4xx_tim.o
 .text.TIM_CCxNCmd
                0x00000000       0x54 ..\obj\stm32f4xx_tim.o
 .text.TIM_ICInit
                0x00000000       0xa8 ..\obj\stm32f4xx_tim.o
 .text.TIM_ICStructInit
                0x00000000       0x30 ..\obj\stm32f4xx_tim.o
 .text.TIM_PWMIConfig
                0x00000000       0xb8 ..\obj\stm32f4xx_tim.o
 .text.TIM_GetCapture1
                0x00000000       0x18 ..\obj\stm32f4xx_tim.o
 .text.TIM_GetCapture2
                0x00000000       0x18 ..\obj\stm32f4xx_tim.o
 .text.TIM_GetCapture3
                0x00000000       0x18 ..\obj\stm32f4xx_tim.o
 .text.TIM_GetCapture4
                0x00000000       0x18 ..\obj\stm32f4xx_tim.o
 .text.TIM_SetIC1Prescaler
                0x00000000       0x38 ..\obj\stm32f4xx_tim.o
 .text.TIM_SetIC2Prescaler
                0x00000000       0x3c ..\obj\stm32f4xx_tim.o
 .text.TIM_SetIC3Prescaler
                0x00000000       0x38 ..\obj\stm32f4xx_tim.o
 .text.TIM_SetIC4Prescaler
                0x00000000       0x3c ..\obj\stm32f4xx_tim.o
 .text.TIM_BDTRConfig
                0x00000000       0x50 ..\obj\stm32f4xx_tim.o
 .text.TIM_BDTRStructInit
                0x00000000       0x3c ..\obj\stm32f4xx_tim.o
 .text.TIM_CtrlPWMOutputs
                0x00000000       0x4c ..\obj\stm32f4xx_tim.o
 .text.TIM_SelectCOM
                0x00000000       0x40 ..\obj\stm32f4xx_tim.o
 .text.TIM_CCPreloadControl
                0x00000000       0x40 ..\obj\stm32f4xx_tim.o
 .text.TIM_GenerateEvent
                0x00000000       0x1c ..\obj\stm32f4xx_tim.o
 .text.TIM_GetFlagStatus
                0x00000000       0x38 ..\obj\stm32f4xx_tim.o
 .text.TIM_ClearFlag
                0x00000000       0x20 ..\obj\stm32f4xx_tim.o
 .text.TIM_GetITStatus
                0x00000000       0x54 ..\obj\stm32f4xx_tim.o
 .text.TIM_DMAConfig
                0x00000000       0x28 ..\obj\stm32f4xx_tim.o
 .text.TIM_SelectCCDMA
                0x00000000       0x40 ..\obj\stm32f4xx_tim.o
 .text.TIM_InternalClockConfig
                0x00000000       0x24 ..\obj\stm32f4xx_tim.o
 .text.TIM_ITRxExternalClockConfig
                0x00000000       0x2c ..\obj\stm32f4xx_tim.o
 .text.TIM_TIxExternalClockConfig
                0x00000000       0x54 ..\obj\stm32f4xx_tim.o
 .text.TIM_ETRClockMode1Config
                0x00000000       0x50 ..\obj\stm32f4xx_tim.o
 .text.TIM_ETRClockMode2Config
                0x00000000       0x30 ..\obj\stm32f4xx_tim.o
 .text.TIM_SelectInputTrigger
                0x00000000       0x38 ..\obj\stm32f4xx_tim.o
 .text.TIM_SelectOutputTrigger
                0x00000000       0x38 ..\obj\stm32f4xx_tim.o
 .text.TIM_SelectSlaveMode
                0x00000000       0x38 ..\obj\stm32f4xx_tim.o
 .text.TIM_SelectMasterSlaveMode
                0x00000000       0x38 ..\obj\stm32f4xx_tim.o
 .text.TIM_ETRConfig
                0x00000000       0x48 ..\obj\stm32f4xx_tim.o
 .text.TIM_EncoderInterfaceConfig
                0x00000000       0x8c ..\obj\stm32f4xx_tim.o
 .text.TIM_SelectHallSensor
                0x00000000       0x40 ..\obj\stm32f4xx_tim.o
 .text.TIM_RemapConfig
                0x00000000       0x20 ..\obj\stm32f4xx_tim.o
 .text.TI1_Config
                0x00000000       0x78 ..\obj\stm32f4xx_tim.o
 .text.TI2_Config
                0x00000000       0x8c ..\obj\stm32f4xx_tim.o
 .text.TI3_Config
                0x00000000       0x84 ..\obj\stm32f4xx_tim.o
 .text.TI4_Config
                0x00000000       0x90 ..\obj\stm32f4xx_tim.o
 .text          0x00000000        0x0 c:/program files (x86)/gnu tools arm embedded/4.8 2013q4/bin/../lib/gcc/arm-none-eabi/4.8.3/../../../../arm-none-eabi/lib/armv7e-m\libm.a(lib_a-w_sqrt.o)
 .data          0x00000000        0x0 c:/program files (x86)/gnu tools arm embedded/4.8 2013q4/bin/../lib/gcc/arm-none-eabi/4.8.3/../../../../arm-none-eabi/lib/armv7e-m\libm.a(lib_a-w_sqrt.o)
 .bss           0x00000000        0x0 c:/program files (x86)/gnu tools arm embedded/4.8 2013q4/bin/../lib/gcc/arm-none-eabi/4.8.3/../../../../arm-none-eabi/lib/armv7e-m\libm.a(lib_a-w_sqrt.o)
 .text          0x00000000        0x0 c:/program files (x86)/gnu tools arm embedded/4.8 2013q4/bin/../lib/gcc/arm-none-eabi/4.8.3/../../../../arm-none-eabi/lib/armv7e-m\libm.a(lib_a-e_sqrt.o)
 .data          0x00000000        0x0 c:/program files (x86)/gnu tools arm embedded/4.8 2013q4/bin/../lib/gcc/arm-none-eabi/4.8.3/../../../../arm-none-eabi/lib/armv7e-m\libm.a(lib_a-e_sqrt.o)
 .bss           0x00000000        0x0 c:/program files (x86)/gnu tools arm embedded/4.8 2013q4/bin/../lib/gcc/arm-none-eabi/4.8.3/../../../../arm-none-eabi/lib/armv7e-m\libm.a(lib_a-e_sqrt.o)
 .text          0x00000000        0x0 c:/program files (x86)/gnu tools arm embedded/4.8 2013q4/bin/../lib/gcc/arm-none-eabi/4.8.3/../../../../arm-none-eabi/lib/armv7e-m\libm.a(lib_a-s_fpclassify.o)
 .data          0x00000000        0x0 c:/program files (x86)/gnu tools arm embedded/4.8 2013q4/bin/../lib/gcc/arm-none-eabi/4.8.3/../../../../arm-none-eabi/lib/armv7e-m\libm.a(lib_a-s_fpclassify.o)
 .bss           0x00000000        0x0 c:/program files (x86)/gnu tools arm embedded/4.8 2013q4/bin/../lib/gcc/arm-none-eabi/4.8.3/../../../../arm-none-eabi/lib/armv7e-m\libm.a(lib_a-s_fpclassify.o)
 .text          0x00000000        0x0 c:/program files (x86)/gnu tools arm embedded/4.8 2013q4/bin/../lib/gcc/arm-none-eabi/4.8.3/../../../../arm-none-eabi/lib/armv7e-m\libm.a(lib_a-s_lib_ver.o)
 .data          0x00000000        0x0 c:/program files (x86)/gnu tools arm embedded/4.8 2013q4/bin/../lib/gcc/arm-none-eabi/4.8.3/../../../../arm-none-eabi/lib/armv7e-m\libm.a(lib_a-s_lib_ver.o)
 .bss           0x00000000        0x0 c:/program files (x86)/gnu tools arm embedded/4.8 2013q4/bin/../lib/gcc/arm-none-eabi/4.8.3/../../../../arm-none-eabi/lib/armv7e-m\libm.a(lib_a-s_lib_ver.o)
 .text          0x00000000        0x0 c:/program files (x86)/gnu tools arm embedded/4.8 2013q4/bin/../lib/gcc/arm-none-eabi/4.8.3/../../../../arm-none-eabi/lib/armv7e-m\libm.a(lib_a-s_matherr.o)
 .data          0x00000000        0x0 c:/program files (x86)/gnu tools arm embedded/4.8 2013q4/bin/../lib/gcc/arm-none-eabi/4.8.3/../../../../arm-none-eabi/lib/armv7e-m\libm.a(lib_a-s_matherr.o)
 .bss           0x00000000        0x0 c:/program files (x86)/gnu tools arm embedded/4.8 2013q4/bin/../lib/gcc/arm-none-eabi/4.8.3/../../../../arm-none-eabi/lib/armv7e-m\libm.a(lib_a-s_matherr.o)
 .data          0x00000000        0x0 c:/program files (x86)/gnu tools arm embedded/4.8 2013q4/bin/../lib/gcc/arm-none-eabi/4.8.3/armv7e-m\libgcc.a(_arm_addsubdf3.o)
 .bss           0x00000000        0x0 c:/program files (x86)/gnu tools arm embedded/4.8 2013q4/bin/../lib/gcc/arm-none-eabi/4.8.3/armv7e-m\libgcc.a(_arm_addsubdf3.o)
 .data          0x00000000        0x0 c:/program files (x86)/gnu tools arm embedded/4.8 2013q4/bin/../lib/gcc/arm-none-eabi/4.8.3/armv7e-m\libgcc.a(_arm_muldivdf3.o)
 .bss           0x00000000        0x0 c:/program files (x86)/gnu tools arm embedded/4.8 2013q4/bin/../lib/gcc/arm-none-eabi/4.8.3/armv7e-m\libgcc.a(_arm_muldivdf3.o)
 .data          0x00000000        0x0 c:/program files (x86)/gnu tools arm embedded/4.8 2013q4/bin/../lib/gcc/arm-none-eabi/4.8.3/armv7e-m\libgcc.a(_arm_cmpdf2.o)
 .bss           0x00000000        0x0 c:/program files (x86)/gnu tools arm embedded/4.8 2013q4/bin/../lib/gcc/arm-none-eabi/4.8.3/armv7e-m\libgcc.a(_arm_cmpdf2.o)
 .text          0x00000000       0x50 c:/program files (x86)/gnu tools arm embedded/4.8 2013q4/bin/../lib/gcc/arm-none-eabi/4.8.3/armv7e-m\libgcc.a(_arm_fixdfsi.o)
 .data          0x00000000        0x0 c:/program files (x86)/gnu tools arm embedded/4.8 2013q4/bin/../lib/gcc/arm-none-eabi/4.8.3/armv7e-m\libgcc.a(_arm_fixdfsi.o)
 .bss           0x00000000        0x0 c:/program files (x86)/gnu tools arm embedded/4.8 2013q4/bin/../lib/gcc/arm-none-eabi/4.8.3/armv7e-m\libgcc.a(_arm_fixdfsi.o)
 .ARM.attributes
                0x00000000       0x1e c:/program files (x86)/gnu tools arm embedded/4.8 2013q4/bin/../lib/gcc/arm-none-eabi/4.8.3/armv7e-m\libgcc.a(_arm_fixdfsi.o)
 .data          0x00000000        0x0 c:/program files (x86)/gnu tools arm embedded/4.8 2013q4/bin/../lib/gcc/arm-none-eabi/4.8.3/armv7e-m\libgcc.a(_arm_truncdfsf2.o)
 .bss           0x00000000        0x0 c:/program files (x86)/gnu tools arm embedded/4.8 2013q4/bin/../lib/gcc/arm-none-eabi/4.8.3/armv7e-m\libgcc.a(_arm_truncdfsf2.o)
 .data          0x00000000        0x0 c:/program files (x86)/gnu tools arm embedded/4.8 2013q4/bin/../lib/gcc/arm-none-eabi/4.8.3/armv7e-m\libgcc.a(_arm_addsubsf3.o)
 .bss           0x00000000        0x0 c:/program files (x86)/gnu tools arm embedded/4.8 2013q4/bin/../lib/gcc/arm-none-eabi/4.8.3/armv7e-m\libgcc.a(_arm_addsubsf3.o)
 .data          0x00000000        0x0 c:/program files (x86)/gnu tools arm embedded/4.8 2013q4/bin/../lib/gcc/arm-none-eabi/4.8.3/armv7e-m\libgcc.a(_arm_muldivsf3.o)
 .bss           0x00000000        0x0 c:/program files (x86)/gnu tools arm embedded/4.8 2013q4/bin/../lib/gcc/arm-none-eabi/4.8.3/armv7e-m\libgcc.a(_arm_muldivsf3.o)
 .data          0x00000000        0x0 c:/program files (x86)/gnu tools arm embedded/4.8 2013q4/bin/../lib/gcc/arm-none-eabi/4.8.3/armv7e-m\libgcc.a(_arm_cmpsf2.o)
 .bss           0x00000000        0x0 c:/program files (x86)/gnu tools arm embedded/4.8 2013q4/bin/../lib/gcc/arm-none-eabi/4.8.3/armv7e-m\libgcc.a(_arm_cmpsf2.o)
 .data          0x00000000        0x0 c:/program files (x86)/gnu tools arm embedded/4.8 2013q4/bin/../lib/gcc/arm-none-eabi/4.8.3/armv7e-m\libgcc.a(_arm_fixsfsi.o)
 .bss           0x00000000        0x0 c:/program files (x86)/gnu tools arm embedded/4.8 2013q4/bin/../lib/gcc/arm-none-eabi/4.8.3/armv7e-m\libgcc.a(_arm_fixsfsi.o)
 .text          0x00000000        0x0 c:/program files (x86)/gnu tools arm embedded/4.8 2013q4/bin/../lib/gcc/arm-none-eabi/4.8.3/../../../../arm-none-eabi/lib/armv7e-m\libg.a(lib_a-errno.o)
 .data          0x00000000        0x0 c:/program files (x86)/gnu tools arm embedded/4.8 2013q4/bin/../lib/gcc/arm-none-eabi/4.8.3/../../../../arm-none-eabi/lib/armv7e-m\libg.a(lib_a-errno.o)
 .bss           0x00000000        0x0 c:/program files (x86)/gnu tools arm embedded/4.8 2013q4/bin/../lib/gcc/arm-none-eabi/4.8.3/../../../../arm-none-eabi/lib/armv7e-m\libg.a(lib_a-errno.o)
 .text          0x00000000        0x0 c:/program files (x86)/gnu tools arm embedded/4.8 2013q4/bin/../lib/gcc/arm-none-eabi/4.8.3/../../../../arm-none-eabi/lib/armv7e-m\libg.a(lib_a-impure.o)
 .data          0x00000000        0x0 c:/program files (x86)/gnu tools arm embedded/4.8 2013q4/bin/../lib/gcc/arm-none-eabi/4.8.3/../../../../arm-none-eabi/lib/armv7e-m\libg.a(lib_a-impure.o)
 .bss           0x00000000        0x0 c:/program files (x86)/gnu tools arm embedded/4.8 2013q4/bin/../lib/gcc/arm-none-eabi/4.8.3/../../../../arm-none-eabi/lib/armv7e-m\libg.a(lib_a-impure.o)
 .rodata._global_impure_ptr
                0x00000000        0x4 c:/program files (x86)/gnu tools arm embedded/4.8 2013q4/bin/../lib/gcc/arm-none-eabi/4.8.3/../../../../arm-none-eabi/lib/armv7e-m\libg.a(lib_a-impure.o)
 .text          0x00000000        0x0 c:/program files (x86)/gnu tools arm embedded/4.8 2013q4/bin/../lib/gcc/arm-none-eabi/4.8.3/../../../../arm-none-eabi/lib/armv7e-m\libg.a(lib_a-rand.o)
 .data          0x00000000        0x0 c:/program files (x86)/gnu tools arm embedded/4.8 2013q4/bin/../lib/gcc/arm-none-eabi/4.8.3/../../../../arm-none-eabi/lib/armv7e-m\libg.a(lib_a-rand.o)
 .bss           0x00000000        0x0 c:/program files (x86)/gnu tools arm embedded/4.8 2013q4/bin/../lib/gcc/arm-none-eabi/4.8.3/../../../../arm-none-eabi/lib/armv7e-m\libg.a(lib_a-rand.o)
 .text.srand    0x00000000       0x10 c:/program files (x86)/gnu tools arm embedded/4.8 2013q4/bin/../lib/gcc/arm-none-eabi/4.8.3/../../../../arm-none-eabi/lib/armv7e-m\libg.a(lib_a-rand.o)

Memory Configuration

Name             Origin             Length             Attributes
rom              0x08000000         0x00100000         xr
ram              0x20000000         0x00020000         xrw
ram1             0x10000000         0x00010000         xrw
*default*        0x00000000         0xffffffff

Linker script and memory map

                0x20020000                _eram = 0x20020000

.text           0x08000000    0x1feec
 *(.isr_vector)
 .isr_vector    0x08000000      0x188 ..\obj\startup_stm32f4xx.o
                0x08000000                g_pfnVectors
 *(.text*)
 .text.KEYS_init
                0x08000188       0x5c ..\obj\keys.o
                0x08000188                KEYS_init
 .text.KEYS_read
                0x080001e4       0xa8 ..\obj\keys.o
                0x080001e4                KEYS_read
 .text.KEYS_kolom
                0x0800028c       0x64 ..\obj\keys.o
                0x0800028c                KEYS_kolom
 .text.Default_Reset_Handler
                0x080002f0       0x5c ..\obj\startup_stm32f4xx.o
                0x080002f0                Default_Reset_Handler
                0x080002f0                Reset_Handler
 .text.Default_Handler
                0x0800034c        0x8 ..\obj\startup_stm32f4xx.o
                0x0800034c                RTC_Alarm_IRQHandler
                0x0800034c                HASH_RNG_IRQHandler
                0x0800034c                EXTI2_IRQHandler
                0x0800034c                TIM8_CC_IRQHandler
                0x0800034c                DebugMon_Handler
                0x0800034c                TIM1_CC_IRQHandler
                0x0800034c                HardFault_Handler
                0x0800034c                DMA1_Stream5_IRQHandler
                0x0800034c                SysTick_Handler
                0x0800034c                PVD_IRQHandler
                0x0800034c                SDIO_IRQHandler
                0x0800034c                TAMP_STAMP_IRQHandler
                0x0800034c                PendSV_Handler
                0x0800034c                NMI_Handler
                0x0800034c                CAN2_RX1_IRQHandler
                0x0800034c                EXTI3_IRQHandler
                0x0800034c                TIM8_TRG_COM_TIM14_IRQHandler
                0x0800034c                TIM1_UP_TIM10_IRQHandler
                0x0800034c                TIM8_UP_TIM13_IRQHandler
                0x0800034c                I2C3_ER_IRQHandler
                0x0800034c                EXTI0_IRQHandler
                0x0800034c                I2C2_EV_IRQHandler
                0x0800034c                DMA1_Stream2_IRQHandler
                0x0800034c                CAN1_RX0_IRQHandler
                0x0800034c                FPU_IRQHandler
                0x0800034c                OTG_HS_WKUP_IRQHandler
                0x0800034c                UsageFault_Handler
                0x0800034c                CAN2_SCE_IRQHandler
                0x0800034c                DMA2_Stream2_IRQHandler
                0x0800034c                SPI1_IRQHandler
                0x0800034c                TIM6_DAC_IRQHandler
                0x0800034c                TIM1_BRK_TIM9_IRQHandler
                0x0800034c                DCMI_IRQHandler
                0x0800034c                CAN2_RX0_IRQHandler
                0x0800034c                DMA2_Stream3_IRQHandler
                0x0800034c                USART6_IRQHandler
                0x0800034c                USART3_IRQHandler
                0x0800034c                CRYP_IRQHandler
                0x0800034c                CAN1_RX1_IRQHandler
                0x0800034c                UART5_IRQHandler
                0x0800034c                DMA2_Stream0_IRQHandler
                0x0800034c                TIM4_IRQHandler
                0x0800034c                I2C1_EV_IRQHandler
                0x0800034c                DMA1_Stream6_IRQHandler
                0x0800034c                DMA1_Stream1_IRQHandler
                0x0800034c                UART4_IRQHandler
                0x0800034c                TIM3_IRQHandler
                0x0800034c                RCC_IRQHandler
                0x0800034c                TIM8_BRK_TIM12_IRQHandler
                0x0800034c                EXTI15_10_IRQHandler
                0x0800034c                ADC_IRQHandler
                0x0800034c                DMA1_Stream7_IRQHandler
                0x0800034c                TIM7_IRQHandler
                0x0800034c                CAN2_TX_IRQHandler
                0x0800034c                TIM5_IRQHandler
                0x0800034c                DMA2_Stream7_IRQHandler
                0x0800034c                I2C3_EV_IRQHandler
                0x0800034c                EXTI9_5_IRQHandler
                0x0800034c                RTC_WKUP_IRQHandler
                0x0800034c                ETH_WKUP_IRQHandler
                0x0800034c                SPI2_IRQHandler
                0x0800034c                OTG_HS_EP1_IN_IRQHandler
                0x0800034c                MemManage_Handler
                0x0800034c                DMA1_Stream0_IRQHandler
                0x0800034c                CAN1_TX_IRQHandler
                0x0800034c                SVC_Handler
                0x0800034c                EXTI4_IRQHandler
                0x0800034c                FSMC_IRQHandler
                0x0800034c                ETH_IRQHandler
                0x0800034c                OTG_HS_EP1_OUT_IRQHandler
                0x0800034c                WWDG_IRQHandler
                0x0800034c                OTG_FS_WKUP_IRQHandler
                0x0800034c                TIM1_TRG_COM_TIM11_IRQHandler
                0x0800034c                OTG_HS_IRQHandler
                0x0800034c                EXTI1_IRQHandler
                0x0800034c                USART2_IRQHandler
                0x0800034c                I2C2_ER_IRQHandler
                0x0800034c                DMA2_Stream1_IRQHandler
                0x0800034c                CAN1_SCE_IRQHandler
                0x0800034c                FLASH_IRQHandler
                0x0800034c                DMA2_Stream4_IRQHandler
                0x0800034c                BusFault_Handler
                0x0800034c                USART1_IRQHandler
                0x0800034c                OTG_FS_IRQHandler
                0x0800034c                SPI3_IRQHandler
                0x0800034c                DMA1_Stream4_IRQHandler
                0x0800034c                I2C1_ER_IRQHandler
                0x0800034c                DMA2_Stream6_IRQHandler
                0x0800034c                DMA1_Stream3_IRQHandler
 .text.main     0x08000354      0x1bc ..\obj\main.o
                0x08000354                main
 .text.RCC_AHB1PeriphClockCmd
                0x08000510       0x3c ..\obj\stm32f4xx_rcc.o
                0x08000510                RCC_AHB1PeriphClockCmd
 .text.RCC_APB1PeriphClockCmd
                0x0800054c       0x3c ..\obj\stm32f4xx_rcc.o
                0x0800054c                RCC_APB1PeriphClockCmd
 .text.RCC_APB2PeriphClockCmd
                0x08000588       0x3c ..\obj\stm32f4xx_rcc.o
                0x08000588                RCC_APB2PeriphClockCmd
 .text.SetTextColor
                0x080005c4       0x20 ..\obj\text.o
                0x080005c4                SetTextColor
 .text.SetFont  0x080005e4       0x4c ..\obj\text.o
                0x080005e4                SetFont
 .text.DrawChar
                0x08000630      0x110 ..\obj\text.o
                0x08000630                DrawChar
 .text.DrawString
                0x08000740       0x70 ..\obj\text.o
                0x08000740                DrawString
 .text.GPIO_Init
                0x080007b0      0x11c ..\obj\stm32f4xx_gpio.o
                0x080007b0                GPIO_Init
 .text.GPIO_ReadInputDataBit
                0x080008cc       0x34 ..\obj\stm32f4xx_gpio.o
                0x080008cc                GPIO_ReadInputDataBit
 .text.GPIO_SetBits
                0x08000900       0x1c ..\obj\stm32f4xx_gpio.o
                0x08000900                GPIO_SetBits
 .text.GPIO_ResetBits
                0x0800091c       0x1c ..\obj\stm32f4xx_gpio.o
                0x0800091c                GPIO_ResetBits
 .text.GPIO_PinAFConfig
                0x08000938       0x8c ..\obj\stm32f4xx_gpio.o
                0x08000938                GPIO_PinAFConfig
 .text.SystemInit
                0x080009c4       0x58 ..\obj\system_stm32f4xx.o
                0x080009c4                SystemInit
 .text.SetSysClock
                0x08000a1c       0xf4 ..\obj\system_stm32f4xx.o
 .text.DMA_DeInit
                0x08000b10      0x1a4 ..\obj\stm32f4xx_dma.o
                0x08000b10                DMA_DeInit
 .text.DMA_Init
                0x08000cb4       0xac ..\obj\stm32f4xx_dma.o
                0x08000cb4                DMA_Init
 .text.DMA_Cmd  0x08000d60       0x38 ..\obj\stm32f4xx_dma.o
                0x08000d60                DMA_Cmd
 .text.DMA_ITConfig
                0x08000d98       0x74 ..\obj\stm32f4xx_dma.o
                0x08000d98                DMA_ITConfig
 .text.DMA_GetITStatus
                0x08000e0c       0xb0 ..\obj\stm32f4xx_dma.o
                0x08000e0c                DMA_GetITStatus
 .text.DMA_ClearITPendingBit
                0x08000ebc       0x5c ..\obj\stm32f4xx_dma.o
                0x08000ebc                DMA_ClearITPendingBit
 .text.UB_VGA_Screen_Init
                0x08000f18       0x80 ..\obj\stm32_ub_vga_screen.o
                0x08000f18                UB_VGA_Screen_Init
 .text.UB_VGA_FillScreen
                0x08000f98       0x48 ..\obj\stm32_ub_vga_screen.o
                0x08000f98                UB_VGA_FillScreen
 .text.UB_VGA_SetPixel
                0x08000fe0       0x78 ..\obj\stm32_ub_vga_screen.o
                0x08000fe0                UB_VGA_SetPixel
 .text.P_VGA_InitIO
                0x08001058       0xa8 ..\obj\stm32_ub_vga_screen.o
                0x08001058                P_VGA_InitIO
 .text.P_VGA_InitTIM
                0x08001100       0xc8 ..\obj\stm32_ub_vga_screen.o
                0x08001100                P_VGA_InitTIM
 .text.P_VGA_InitINT
                0x080011c8       0x58 ..\obj\stm32_ub_vga_screen.o
                0x080011c8                P_VGA_InitINT
 .text.P_VGA_InitDMA
                0x08001220       0x90 ..\obj\stm32_ub_vga_screen.o
                0x08001220                P_VGA_InitDMA
 .text.TIM2_IRQHandler
                0x080012b0       0xb8 ..\obj\stm32_ub_vga_screen.o
                0x080012b0                TIM2_IRQHandler
 .text.DMA2_Stream5_IRQHandler
                0x08001368       0x4c ..\obj\stm32_ub_vga_screen.o
                0x08001368                DMA2_Stream5_IRQHandler
 .text.NVIC_Init
                0x080013b4       0xbc ..\obj\misc.o
                0x080013b4                NVIC_Init
 .text.SetLineColor
                0x08001470       0x20 ..\obj\middle.o
                0x08001470                SetLineColor
 .text.SetFillColor
                0x08001490       0x20 ..\obj\middle.o
                0x08001490                SetFillColor
 .text.DrawPixel
                0x080014b0       0x28 ..\obj\middle.o
                0x080014b0                DrawPixel
 .text.DrawLineCol
                0x080014d8      0x128 ..\obj\middle.o
                0x080014d8                DrawLineCol
 .text.DrawLine
                0x08001600       0x2c ..\obj\middle.o
                0x08001600                DrawLine
 .text.DrawTriangle
                0x0800162c      0x13c ..\obj\middle.o
                0x0800162c                DrawTriangle
 .text.DrawBMP  0x08001768       0x84 ..\obj\image.o
                0x08001768                DrawBMP
 .text.DrawBackGround
                0x080017ec      0x164 ..\obj\image.o
                0x080017ec                DrawBackGround
 .text.TIM_TimeBaseInit
                0x08001950       0xd4 ..\obj\stm32f4xx_tim.o
                0x08001950                TIM_TimeBaseInit
 .text.TIM_ARRPreloadConfig
                0x08001a24       0x40 ..\obj\stm32f4xx_tim.o
                0x08001a24                TIM_ARRPreloadConfig
 .text.TIM_Cmd  0x08001a64       0x40 ..\obj\stm32f4xx_tim.o
                0x08001a64                TIM_Cmd
 .text.TIM_OC3Init
                0x08001aa4      0x10c ..\obj\stm32f4xx_tim.o
                0x08001aa4                TIM_OC3Init
 .text.TIM_OC4Init
                0x08001bb0       0xcc ..\obj\stm32f4xx_tim.o
                0x08001bb0                TIM_OC4Init
 .text.TIM_OC3PreloadConfig
                0x08001c7c       0x38 ..\obj\stm32f4xx_tim.o
                0x08001c7c                TIM_OC3PreloadConfig
 .text.TIM_OC4PreloadConfig
                0x08001cb4       0x3c ..\obj\stm32f4xx_tim.o
                0x08001cb4                TIM_OC4PreloadConfig
 .text.TIM_ITConfig
                0x08001cf0       0x48 ..\obj\stm32f4xx_tim.o
                0x08001cf0                TIM_ITConfig
 .text.TIM_ClearITPendingBit
                0x08001d38       0x20 ..\obj\stm32f4xx_tim.o
                0x08001d38                TIM_ClearITPendingBit
 .text.TIM_DMACmd
                0x08001d58       0x48 ..\obj\stm32f4xx_tim.o
                0x08001d58                TIM_DMACmd
 .text.sqrt     0x08001da0       0xac c:/program files (x86)/gnu tools arm embedded/4.8 2013q4/bin/../lib/gcc/arm-none-eabi/4.8.3/../../../../arm-none-eabi/lib/armv7e-m\libm.a(lib_a-w_sqrt.o)
                0x08001da0                sqrt
 .text.__ieee754_sqrt
                0x08001e4c      0x180 c:/program files (x86)/gnu tools arm embedded/4.8 2013q4/bin/../lib/gcc/arm-none-eabi/4.8.3/../../../../arm-none-eabi/lib/armv7e-m\libm.a(lib_a-e_sqrt.o)
                0x08001e4c                __ieee754_sqrt
 .text.__fpclassifyd
                0x08001fcc       0x50 c:/program files (x86)/gnu tools arm embedded/4.8 2013q4/bin/../lib/gcc/arm-none-eabi/4.8.3/../../../../arm-none-eabi/lib/armv7e-m\libm.a(lib_a-s_fpclassify.o)
                0x08001fcc                __fpclassifyd
 .text.matherr  0x0800201c        0x4 c:/program files (x86)/gnu tools arm embedded/4.8 2013q4/bin/../lib/gcc/arm-none-eabi/4.8.3/../../../../arm-none-eabi/lib/armv7e-m\libm.a(lib_a-s_matherr.o)
                0x0800201c                matherr
 .text          0x08002020      0x370 c:/program files (x86)/gnu tools arm embedded/4.8 2013q4/bin/../lib/gcc/arm-none-eabi/4.8.3/armv7e-m\libgcc.a(_arm_addsubdf3.o)
                0x08002020                __aeabi_drsub
                0x08002028                __aeabi_dsub
                0x08002028                __subdf3
                0x0800202c                __aeabi_dadd
                0x0800202c                __adddf3
                0x080022a4                __floatunsidf
                0x080022a4                __aeabi_ui2d
                0x080022c4                __floatsidf
                0x080022c4                __aeabi_i2d
                0x080022e8                __aeabi_f2d
                0x080022e8                __extendsfdf2
                0x08002324                __floatundidf
                0x08002324                __aeabi_ul2d
                0x08002334                __floatdidf
                0x08002334                __aeabi_l2d
 .text          0x08002390      0x424 c:/program files (x86)/gnu tools arm embedded/4.8 2013q4/bin/../lib/gcc/arm-none-eabi/4.8.3/armv7e-m\libgcc.a(_arm_muldivdf3.o)
                0x08002390                __aeabi_dmul
                0x08002390                __muldf3
                0x080025e4                __divdf3
                0x080025e4                __aeabi_ddiv
 .text          0x080027b4      0x110 c:/program files (x86)/gnu tools arm embedded/4.8 2013q4/bin/../lib/gcc/arm-none-eabi/4.8.3/armv7e-m\libgcc.a(_arm_cmpdf2.o)
                0x080027b4                __gtdf2
                0x080027b4                __gedf2
                0x080027bc                __ltdf2
                0x080027bc                __ledf2
                0x080027c4                __nedf2
                0x080027c4                __eqdf2
                0x080027c4                __cmpdf2
                0x08002840                __aeabi_cdrcmple
                0x08002850                __aeabi_cdcmpeq
                0x08002850                __aeabi_cdcmple
                0x08002860                __aeabi_dcmpeq
                0x08002874                __aeabi_dcmplt
                0x08002888                __aeabi_dcmple
                0x0800289c                __aeabi_dcmpge
                0x080028b0                __aeabi_dcmpgt
 .text          0x080028c4       0xa0 c:/program files (x86)/gnu tools arm embedded/4.8 2013q4/bin/../lib/gcc/arm-none-eabi/4.8.3/armv7e-m\libgcc.a(_arm_truncdfsf2.o)
                0x080028c4                __truncdfsf2
                0x080028c4                __aeabi_d2f
 .text          0x08002964      0x21c c:/program files (x86)/gnu tools arm embedded/4.8 2013q4/bin/../lib/gcc/arm-none-eabi/4.8.3/armv7e-m\libgcc.a(_arm_addsubsf3.o)
                0x08002964                __aeabi_frsub
                0x0800296c                __subsf3
                0x0800296c                __aeabi_fsub
                0x08002970                __aeabi_fadd
                0x08002970                __addsf3
                0x08002ad0                __aeabi_ui2f
                0x08002ad0                __floatunsisf
                0x08002ad8                __aeabi_i2f
                0x08002ad8                __floatsisf
                0x08002af4                __aeabi_ul2f
                0x08002af4                __floatundisf
                0x08002b04                __aeabi_l2f
                0x08002b04                __floatdisf
 .text          0x08002b80      0x2a0 c:/program files (x86)/gnu tools arm embedded/4.8 2013q4/bin/../lib/gcc/arm-none-eabi/4.8.3/armv7e-m\libgcc.a(_arm_muldivsf3.o)
                0x08002b80                __mulsf3
                0x08002b80                __aeabi_fmul
                0x08002ce8                __aeabi_fdiv
                0x08002ce8                __divsf3
 .text          0x08002e20       0xec c:/program files (x86)/gnu tools arm embedded/4.8 2013q4/bin/../lib/gcc/arm-none-eabi/4.8.3/armv7e-m\libgcc.a(_arm_cmpsf2.o)
                0x08002e20                __gesf2
                0x08002e20                __gtsf2
                0x08002e28                __lesf2
                0x08002e28                __ltsf2
                0x08002e30                __nesf2
                0x08002e30                __eqsf2
                0x08002e30                __cmpsf2
                0x08002e90                __aeabi_cfrcmple
                0x08002e98                __aeabi_cfcmpeq
                0x08002e98                __aeabi_cfcmple
                0x08002ea8                __aeabi_fcmpeq
                0x08002ebc                __aeabi_fcmplt
                0x08002ed0                __aeabi_fcmple
                0x08002ee4                __aeabi_fcmpge
                0x08002ef8                __aeabi_fcmpgt
 .text          0x08002f0c       0x4c c:/program files (x86)/gnu tools arm embedded/4.8 2013q4/bin/../lib/gcc/arm-none-eabi/4.8.3/armv7e-m\libgcc.a(_arm_fixsfsi.o)
                0x08002f0c                __aeabi_f2iz
                0x08002f0c                __fixsfsi
 .text.__errno  0x08002f58        0xc c:/program files (x86)/gnu tools arm embedded/4.8 2013q4/bin/../lib/gcc/arm-none-eabi/4.8.3/../../../../arm-none-eabi/lib/armv7e-m\libg.a(lib_a-errno.o)
                0x08002f58                __errno
 .text.rand     0x08002f64       0x40 c:/program files (x86)/gnu tools arm embedded/4.8 2013q4/bin/../lib/gcc/arm-none-eabi/4.8.3/../../../../arm-none-eabi/lib/armv7e-m\libg.a(lib_a-rand.o)
                0x08002f64                rand
 *(.init)
 *(.fini)
 *crtbegin.o(.ctors)
 *crtbegin?.o(.ctors)
 *(EXCLUDE_FILE(*crtend.o *crtend?.o) .ctors)
 *(SORT(.ctors.*))
 *(.ctors)
 *crtbegin.o(.dtors)
 *crtbegin?.o(.dtors)
 *(EXCLUDE_FILE(*crtend.o *crtend?.o) .dtors)
 *(SORT(.dtors.*))
 *(.dtors)
 *(.rodata*)
 .rodata        0x08002fa4      0x7c0 ..\obj\tnrCursive.o
                0x08002fa4                timesNewRomanCursive_8ptBitmaps
                0x08003460                timesNewRomanCursive_8ptDescriptors
                0x08003750                timesNewRomanCursive_8ptFontInfo
 .rodata        0x08003764     0x1090 ..\obj\arialCursive.o
                0x08003764                arialCursive_16ptBitmaps
                0x080044f0                arialCursive_16ptDescriptors
                0x080047e0                arialCursive_16ptFontInfo
 .rodata        0x080047f4     0x1050 ..\obj\arialNormal.o
                0x080047f4                arial_16ptBitmaps
                0x08005540                arial_16ptDescriptors
                0x08005830                arial_16ptFontInfo
 .rodata        0x08005844       0x3c ..\obj\main.o
 .rodata        0x08005880      0x750 ..\obj\tnrBold.o
                0x08005880                timesNewRomanBold_8ptBitmaps
                0x08005ccc                timesNewRomanBold_8ptDescriptors
                0x08005fbc                timesNewRomanBold_8ptFontInfo
 .rodata        0x08005fd0     0x1078 ..\obj\arialBold.o
                0x08005fd0                arialBold_16ptBitmaps
                0x08006d44                arialBold_16ptDescriptors
                0x08007034                arialBold_16ptFontInfo
 .rodata        0x08007048      0x7a8 ..\obj\tnrNormal.o
                0x08007048                timesNewRoman_8ptBitmaps
                0x080074ec                timesNewRoman_8ptDescriptors
                0x080077dc                timesNewRoman_8ptFontInfo
 .rodata        0x080077f0    0x186f0 ..\obj\image.o
                0x080077f0                niceLice
                0x08009f08                note
                0x0800c620                beer
                0x0800ed38                exitSign
                0x08011450                wc
                0x08013b68                stekelBaars1
                0x08016280                stekelBaars2
                0x08018998                stekelBaars3
                0x0801b0b0                bluntBoy
                0x0801d7c8                snoopy
 .rodata.str1.4
                0x0801fee0        0x5 c:/program files (x86)/gnu tools arm embedded/4.8 2013q4/bin/../lib/gcc/arm-none-eabi/4.8.3/../../../../arm-none-eabi/lib/armv7e-m\libm.a(lib_a-w_sqrt.o)
                                  0x8 (size before relaxing)
 *fill*         0x0801fee5        0x3 
 .rodata.str1.4
                0x0801fee8        0x4 c:/program files (x86)/gnu tools arm embedded/4.8 2013q4/bin/../lib/gcc/arm-none-eabi/4.8.3/../../../../arm-none-eabi/lib/armv7e-m\libg.a(lib_a-impure.o)
 *(.eh_fram e*)

.glue_7         0x0801feec        0x0
 .glue_7        0x00000000        0x0 linker stubs

.glue_7t        0x0801feec        0x0
 .glue_7t       0x00000000        0x0 linker stubs

.vfp11_veneer   0x0801feec        0x0
 .vfp11_veneer  0x00000000        0x0 linker stubs

.v4_bx          0x0801feec        0x0
 .v4_bx         0x00000000        0x0 linker stubs

.iplt           0x0801feec        0x0
 .iplt          0x00000000        0x0 ..\obj\tnrCursive.o

.rel.dyn        0x0801feec        0x0
 .rel.iplt      0x00000000        0x0 ..\obj\tnrCursive.o

.ARM.extab
 *(.ARM.extab* .gnu.linkonce.armextab.*)
                0x0801feec                __exidx_start = .

.ARM.exidx
 *(.ARM.exidx* .gnu.linkonce.armexidx.*)
                0x0801feec                __exidx_end = .
                0x0801feec                __etext = .
                0x0801feec                _sidata = __etext

.data           0x20000000      0x454 load address 0x0801feec
                0x20000000                __data_start__ = .
                0x20000000                _sdata = __data_start__
 *(vtable)
 *(.data*)
 .data          0x20000000       0x20 ..\obj\text.o
                0x20000000                fArial16p
                0x20000010                fTimesNewRoman8p
 .data.__fdlib_version
                0x20000020        0x1 c:/program files (x86)/gnu tools arm embedded/4.8 2013q4/bin/../lib/gcc/arm-none-eabi/4.8.3/../../../../arm-none-eabi/lib/armv7e-m\libm.a(lib_a-s_lib_ver.o)
                0x20000020                __fdlib_version
 *fill*         0x20000021        0x7 
 .data.impure_data
                0x20000028      0x428 c:/program files (x86)/gnu tools arm embedded/4.8 2013q4/bin/../lib/gcc/arm-none-eabi/4.8.3/../../../../arm-none-eabi/lib/armv7e-m\libg.a(lib_a-impure.o)
 .data._impure_ptr
                0x20000450        0x4 c:/program files (x86)/gnu tools arm embedded/4.8 2013q4/bin/../lib/gcc/arm-none-eabi/4.8.3/../../../../arm-none-eabi/lib/armv7e-m\libg.a(lib_a-impure.o)
                0x20000450                _impure_ptr
                0x20000454                . = ALIGN (0x4)
                0x20000454                PROVIDE (__preinit_array_start, .)
 *(.preinit_array)
                0x20000454                PROVIDE (__preinit_array_end, .)
                0x20000454                . = ALIGN (0x4)
                0x20000454                PROVIDE (__init_array_start, .)
 *(SORT(.init_array.*))
 *(.init_array)
                0x20000454                PROVIDE (__init_array_end, .)
                0x20000454                . = ALIGN (0x4)
                0x20000454                PROVIDE (__fini_array_start, .)
 *(SORT(.fini_array.*))
 *(.fini_array)
                0x20000454                PROVIDE (__fini_array_end, .)
 *(.jcr*)
                0x20000454                . = ALIGN (0x4)
                0x20000454                __data_end__ = .
                0x20000454                _edata = __data_end__

.igot.plt       0x20000454        0x0 load address 0x08020340
 .igot.plt      0x00000000        0x0 ..\obj\tnrCursive.o

.bss            0x20000454    0x12d08 load address 0x08020340
                0x20000454                . = ALIGN (0x4)
                0x20000454                __bss_start__ = .
                0x20000454                _sbss = __bss_start__
 *(.bss*)
 *(COMMON)
 COMMON         0x20000454    0x12d08 ..\obj\main.o
                0x20000454                textColor
                0x20000455                fillColor
                0x20000458                VGA
                0x20000464                VGA_RAM1
                0x20013154                lineColor
                0x20013158                currentFontInfo
                0x2001315c                . = ALIGN (0x4)
                0x2001315c                __bss_end__ = .
                0x2001315c                _ebss = __bss_end__

.heap           0x2001315c        0x0
                0x2001315c                __end__ = .
                0x2001315c                _end = __end__
                0x2001315c                end = __end__
 *(.heap*)
                0x2001315c                __HeapLimit = .

.co_stack       0x2001315c      0x804 load address 0x08033048
                0x20013160                . = ALIGN (0x8)
 *fill*         0x2001315c        0x4 
 *(.co_stack .co_stack.*)
 .co_stack      0x20013160      0x800 ..\obj\startup_stm32f4xx.o
                0x20013160                pulStack
                0x20020000                __StackTop = (ORIGIN (ram) + 0x20000)
                0x2001f7fc                __StackLimit = (__StackTop - SIZEOF (.co_stack))
                0x20020000                PROVIDE (__stack, __StackTop)
                0x00000001                ASSERT ((__StackLimit >= __HeapLimit), region ram  overflowed with stack)
LOAD ..\obj\tnrCursive.o
LOAD ..\obj\keys.o
LOAD ..\obj\arialCursive.o
LOAD ..\obj\arialNormal.o
LOAD ..\obj\startup_stm32f4xx.o
LOAD ..\obj\main.o
LOAD ..\obj\stm32f4xx_rcc.o
LOAD ..\obj\text.o
LOAD ..\obj\stm32f4xx_gpio.o
LOAD ..\obj\tnrBold.o
LOAD ..\obj\system_stm32f4xx.o
LOAD ..\obj\syscalls.o
LOAD ..\obj\stm32f4xx_dma.o
LOAD ..\obj\arialBold.o
LOAD ..\obj\stm32_ub_vga_screen.o
LOAD ..\obj\misc.o
LOAD ..\obj\tnrNormal.o
LOAD ..\obj\middle.o
LOAD ..\obj\image.o
LOAD ..\obj\stm32f4xx_tim.o
LOAD c:/program files (x86)/gnu tools arm embedded/4.8 2013q4/bin/../lib/gcc/arm-none-eabi/4.8.3/../../../../arm-none-eabi/lib/armv7e-m\libm.a
START GROUP
LOAD c:/program files (x86)/gnu tools arm embedded/4.8 2013q4/bin/../lib/gcc/arm-none-eabi/4.8.3/armv7e-m\libgcc.a
LOAD c:/program files (x86)/gnu tools arm embedded/4.8 2013q4/bin/../lib/gcc/arm-none-eabi/4.8.3/../../../../arm-none-eabi/lib/armv7e-m\libg.a
LOAD c:/program files (x86)/gnu tools arm embedded/4.8 2013q4/bin/../lib/gcc/arm-none-eabi/4.8.3/../../../../arm-none-eabi/lib/armv7e-m\libc.a
END GROUP
OUTPUT(SoftwareOntwikkeling.elf elf32-littlearm)

.debug_info     0x00000000     0x65e9
 .debug_info    0x00000000      0x132 ..\obj\tnrCursive.o
 .debug_info    0x00000132      0x2fe ..\obj\keys.o
 .debug_info    0x00000430      0x132 ..\obj\arialCursive.o
 .debug_info    0x00000562      0x132 ..\obj\arialNormal.o
 .debug_info    0x00000694       0xed ..\obj\startup_stm32f4xx.o
 .debug_info    0x00000781      0x355 ..\obj\main.o
 .debug_info    0x00000ad6      0xc21 ..\obj\stm32f4xx_rcc.o
 .debug_info    0x000016f7      0x39d ..\obj\text.o
 .debug_info    0x00001a94      0x5d6 ..\obj\stm32f4xx_gpio.o
 .debug_info    0x0000206a      0x132 ..\obj\tnrBold.o
 .debug_info    0x0000219c      0x566 ..\obj\system_stm32f4xx.o
 .debug_info    0x00002702      0x718 ..\obj\stm32f4xx_dma.o
 .debug_info    0x00002e1a      0x132 ..\obj\arialBold.o
 .debug_info    0x00002f4c      0xaa9 ..\obj\stm32_ub_vga_screen.o
 .debug_info    0x000039f5      0x51c ..\obj\misc.o
 .debug_info    0x00003f11      0x132 ..\obj\tnrNormal.o
 .debug_info    0x00004043      0x676 ..\obj\middle.o
 .debug_info    0x000046b9      0x2fb ..\obj\image.o
 .debug_info    0x000049b4     0x1c35 ..\obj\stm32f4xx_tim.o

.debug_abbrev   0x00000000     0x1514
 .debug_abbrev  0x00000000       0x9a ..\obj\tnrCursive.o
 .debug_abbrev  0x0000009a      0x12a ..\obj\keys.o
 .debug_abbrev  0x000001c4       0x9a ..\obj\arialCursive.o
 .debug_abbrev  0x0000025e       0x9a ..\obj\arialNormal.o
 .debug_abbrev  0x000002f8       0xb0 ..\obj\startup_stm32f4xx.o
 .debug_abbrev  0x000003a8      0x161 ..\obj\main.o
 .debug_abbrev  0x00000509      0x1e3 ..\obj\stm32f4xx_rcc.o
 .debug_abbrev  0x000006ec      0x140 ..\obj\text.o
 .debug_abbrev  0x0000082c      0x1a3 ..\obj\stm32f4xx_gpio.o
 .debug_abbrev  0x000009cf       0x9a ..\obj\tnrBold.o
 .debug_abbrev  0x00000a69      0x136 ..\obj\system_stm32f4xx.o
 .debug_abbrev  0x00000b9f      0x155 ..\obj\stm32f4xx_dma.o
 .debug_abbrev  0x00000cf4       0x9a ..\obj\arialBold.o
 .debug_abbrev  0x00000d8e      0x1c1 ..\obj\stm32_ub_vga_screen.o
 .debug_abbrev  0x00000f4f      0x145 ..\obj\misc.o
 .debug_abbrev  0x00001094       0x9a ..\obj\tnrNormal.o
 .debug_abbrev  0x0000112e      0x12c ..\obj\middle.o
 .debug_abbrev  0x0000125a      0x133 ..\obj\image.o
 .debug_abbrev  0x0000138d      0x187 ..\obj\stm32f4xx_tim.o

.debug_aranges  0x00000000      0x850
 .debug_aranges
                0x00000000       0x18 ..\obj\tnrCursive.o
 .debug_aranges
                0x00000018       0x30 ..\obj\keys.o
 .debug_aranges
                0x00000048       0x18 ..\obj\arialCursive.o
 .debug_aranges
                0x00000060       0x18 ..\obj\arialNormal.o
 .debug_aranges
                0x00000078       0x28 ..\obj\startup_stm32f4xx.o
 .debug_aranges
                0x000000a0       0x20 ..\obj\main.o
 .debug_aranges
                0x000000c0      0x178 ..\obj\stm32f4xx_rcc.o
 .debug_aranges
                0x00000238       0x38 ..\obj\text.o
 .debug_aranges
                0x00000270       0x88 ..\obj\stm32f4xx_gpio.o
 .debug_aranges
                0x000002f8       0x18 ..\obj\tnrBold.o
 .debug_aranges
                0x00000310       0x30 ..\obj\system_stm32f4xx.o
 .debug_aranges
                0x00000340       0xb0 ..\obj\stm32f4xx_dma.o
 .debug_aranges
                0x000003f0       0x18 ..\obj\arialBold.o
 .debug_aranges
                0x00000408       0x60 ..\obj\stm32_ub_vga_screen.o
 .debug_aranges
                0x00000468       0x40 ..\obj\misc.o
 .debug_aranges
                0x000004a8       0x18 ..\obj\tnrNormal.o
 .debug_aranges
                0x000004c0       0x70 ..\obj\middle.o
 .debug_aranges
                0x00000530       0x28 ..\obj\image.o
 .debug_aranges
                0x00000558      0x2f8 ..\obj\stm32f4xx_tim.o

.debug_line     0x00000000     0x2b01
 .debug_line    0x00000000       0x6f ..\obj\tnrCursive.o
 .debug_line    0x0000006f      0x244 ..\obj\keys.o
 .debug_line    0x000002b3       0x71 ..\obj\arialCursive.o
 .debug_line    0x00000324       0x70 ..\obj\arialNormal.o
 .debug_line    0x00000394       0xb1 ..\obj\startup_stm32f4xx.o
 .debug_line    0x00000445      0x1d9 ..\obj\main.o
 .debug_line    0x0000061e      0x57e ..\obj\stm32f4xx_rcc.o
 .debug_line    0x00000b9c      0x15e ..\obj\text.o
 .debug_line    0x00000cfa      0x323 ..\obj\stm32f4xx_gpio.o
 .debug_line    0x0000101d       0x6c ..\obj\tnrBold.o
 .debug_line    0x00001089      0x1ab ..\obj\system_stm32f4xx.o
 .debug_line    0x00001234      0x3c0 ..\obj\stm32f4xx_dma.o
 .debug_line    0x000015f4       0x6e ..\obj\arialBold.o
 .debug_line    0x00001662      0x37a ..\obj\stm32_ub_vga_screen.o
 .debug_line    0x000019dc      0x229 ..\obj\misc.o
 .debug_line    0x00001c05       0x6e ..\obj\tnrNormal.o
 .debug_line    0x00001c73      0x33a ..\obj\middle.o
 .debug_line    0x00001fad      0x10b ..\obj\image.o
 .debug_line    0x000020b8      0xa49 ..\obj\stm32f4xx_tim.o

.debug_str      0x00000000     0x2d12
 .debug_str     0x00000000      0x1a2 ..\obj\tnrCursive.o
                                0x1ad (size before relaxing)
 .debug_str     0x000001a2      0x280 ..\obj\keys.o
                                0x341 (size before relaxing)
 .debug_str     0x00000422       0x97 ..\obj\arialCursive.o
                                0x19a (size before relaxing)
 .debug_str     0x000004b9       0x81 ..\obj\arialNormal.o
                                0x184 (size before relaxing)
 .debug_str     0x0000053a       0xc0 ..\obj\startup_stm32f4xx.o
                                0x157 (size before relaxing)
 .debug_str     0x000005fa      0x122 ..\obj\main.o
                                0x2df (size before relaxing)
 .debug_str     0x0000071c      0x6b5 ..\obj\stm32f4xx_rcc.o
                                0x836 (size before relaxing)
 .debug_str     0x00000dd1      0x194 ..\obj\text.o
                                0x340 (size before relaxing)
 .debug_str     0x00000f65      0x1a1 ..\obj\stm32f4xx_gpio.o
                                0x489 (size before relaxing)
 .debug_str     0x00001106       0x80 ..\obj\tnrBold.o
                                0x1a1 (size before relaxing)
 .debug_str     0x00001186      0x128 ..\obj\system_stm32f4xx.o
                                0x390 (size before relaxing)
 .debug_str     0x000012ae      0x3a7 ..\obj\stm32f4xx_dma.o
                                0x532 (size before relaxing)
 .debug_str     0x00001655       0x74 ..\obj\arialBold.o
                                0x18e (size before relaxing)
 .debug_str     0x000016c9      0x844 ..\obj\stm32_ub_vga_screen.o
                                0xcc3 (size before relaxing)
 .debug_str     0x00001f0d      0x16a ..\obj\misc.o
                                0x3bf (size before relaxing)
 .debug_str     0x00002077       0x7a ..\obj\tnrNormal.o
                                0x197 (size before relaxing)
 .debug_str     0x000020f1      0x161 ..\obj\middle.o
                                0x30d (size before relaxing)
 .debug_str     0x00002252       0xb2 ..\obj\image.o
                                0x1b2 (size before relaxing)
 .debug_str     0x00002304      0xa0e ..\obj\stm32f4xx_tim.o
                                0xdb6 (size before relaxing)

.comment        0x00000000       0x70
 .comment       0x00000000       0x70 ..\obj\tnrCursive.o
                                 0x71 (size before relaxing)
 .comment       0x00000000       0x71 ..\obj\keys.o
 .comment       0x00000000       0x71 ..\obj\arialCursive.o
 .comment       0x00000000       0x71 ..\obj\arialNormal.o
 .comment       0x00000000       0x71 ..\obj\startup_stm32f4xx.o
 .comment       0x00000000       0x71 ..\obj\main.o
 .comment       0x00000000       0x71 ..\obj\stm32f4xx_rcc.o
 .comment       0x00000000       0x71 ..\obj\text.o
 .comment       0x00000000       0x71 ..\obj\stm32f4xx_gpio.o
 .comment       0x00000000       0x71 ..\obj\tnrBold.o
 .comment       0x00000000       0x71 ..\obj\system_stm32f4xx.o
 .comment       0x00000000       0x71 ..\obj\stm32f4xx_dma.o
 .comment       0x00000000       0x71 ..\obj\arialBold.o
 .comment       0x00000000       0x71 ..\obj\stm32_ub_vga_screen.o
 .comment       0x00000000       0x71 ..\obj\misc.o
 .comment       0x00000000       0x71 ..\obj\tnrNormal.o
 .comment       0x00000000       0x71 ..\obj\middle.o
 .comment       0x00000000       0x71 ..\obj\image.o
 .comment       0x00000000       0x71 ..\obj\stm32f4xx_tim.o

.ARM.attributes
                0x00000000       0x33
 .ARM.attributes
                0x00000000       0x33 ..\obj\tnrCursive.o
 .ARM.attributes
                0x00000033       0x33 ..\obj\keys.o
 .ARM.attributes
                0x00000066       0x33 ..\obj\arialCursive.o
 .ARM.attributes
                0x00000099       0x33 ..\obj\arialNormal.o
 .ARM.attributes
                0x000000cc       0x33 ..\obj\startup_stm32f4xx.o
 .ARM.attributes
                0x000000ff       0x33 ..\obj\main.o
 .ARM.attributes
                0x00000132       0x33 ..\obj\stm32f4xx_rcc.o
 .ARM.attributes
                0x00000165       0x33 ..\obj\text.o
 .ARM.attributes
                0x00000198       0x33 ..\obj\stm32f4xx_gpio.o
 .ARM.attributes
                0x000001cb       0x33 ..\obj\tnrBold.o
 .ARM.attributes
                0x000001fe       0x33 ..\obj\system_stm32f4xx.o
 .ARM.attributes
                0x00000231       0x33 ..\obj\stm32f4xx_dma.o
 .ARM.attributes
                0x00000264       0x33 ..\obj\arialBold.o
 .ARM.attributes
                0x00000297       0x33 ..\obj\stm32_ub_vga_screen.o
 .ARM.attributes
                0x000002ca       0x33 ..\obj\misc.o
 .ARM.attributes
                0x000002fd       0x33 ..\obj\tnrNormal.o
 .ARM.attributes
                0x00000330       0x33 ..\obj\middle.o
 .ARM.attributes
                0x00000363       0x33 ..\obj\image.o
 .ARM.attributes
                0x00000396       0x33 ..\obj\stm32f4xx_tim.o
 .ARM.attributes
                0x000003c9       0x2e c:/program files (x86)/gnu tools arm embedded/4.8 2013q4/bin/../lib/gcc/arm-none-eabi/4.8.3/../../../../arm-none-eabi/lib/armv7e-m\libm.a(lib_a-w_sqrt.o)
 .ARM.attributes
                0x000003f7       0x2e c:/program files (x86)/gnu tools arm embedded/4.8 2013q4/bin/../lib/gcc/arm-none-eabi/4.8.3/../../../../arm-none-eabi/lib/armv7e-m\libm.a(lib_a-e_sqrt.o)
 .ARM.attributes
                0x00000425       0x2e c:/program files (x86)/gnu tools arm embedded/4.8 2013q4/bin/../lib/gcc/arm-none-eabi/4.8.3/../../../../arm-none-eabi/lib/armv7e-m\libm.a(lib_a-s_fpclassify.o)
 .ARM.attributes
                0x00000453       0x2e c:/program files (x86)/gnu tools arm embedded/4.8 2013q4/bin/../lib/gcc/arm-none-eabi/4.8.3/../../../../arm-none-eabi/lib/armv7e-m\libm.a(lib_a-s_lib_ver.o)
 .ARM.attributes
                0x00000481       0x2e c:/program files (x86)/gnu tools arm embedded/4.8 2013q4/bin/../lib/gcc/arm-none-eabi/4.8.3/../../../../arm-none-eabi/lib/armv7e-m\libm.a(lib_a-s_matherr.o)
 .ARM.attributes
                0x000004af       0x1e c:/program files (x86)/gnu tools arm embedded/4.8 2013q4/bin/../lib/gcc/arm-none-eabi/4.8.3/armv7e-m\libgcc.a(_arm_addsubdf3.o)
 .ARM.attributes
                0x000004cd       0x1e c:/program files (x86)/gnu tools arm embedded/4.8 2013q4/bin/../lib/gcc/arm-none-eabi/4.8.3/armv7e-m\libgcc.a(_arm_muldivdf3.o)
 .ARM.attributes
                0x000004eb       0x1e c:/program files (x86)/gnu tools arm embedded/4.8 2013q4/bin/../lib/gcc/arm-none-eabi/4.8.3/armv7e-m\libgcc.a(_arm_cmpdf2.o)
 .ARM.attributes
                0x00000509       0x1e c:/program files (x86)/gnu tools arm embedded/4.8 2013q4/bin/../lib/gcc/arm-none-eabi/4.8.3/armv7e-m\libgcc.a(_arm_truncdfsf2.o)
 .ARM.attributes
                0x00000527       0x1e c:/program files (x86)/gnu tools arm embedded/4.8 2013q4/bin/../lib/gcc/arm-none-eabi/4.8.3/armv7e-m\libgcc.a(_arm_addsubsf3.o)
 .ARM.attributes
                0x00000545       0x1e c:/program files (x86)/gnu tools arm embedded/4.8 2013q4/bin/../lib/gcc/arm-none-eabi/4.8.3/armv7e-m\libgcc.a(_arm_muldivsf3.o)
 .ARM.attributes
                0x00000563       0x1e c:/program files (x86)/gnu tools arm embedded/4.8 2013q4/bin/../lib/gcc/arm-none-eabi/4.8.3/armv7e-m\libgcc.a(_arm_cmpsf2.o)
 .ARM.attributes
                0x00000581       0x1e c:/program files (x86)/gnu tools arm embedded/4.8 2013q4/bin/../lib/gcc/arm-none-eabi/4.8.3/armv7e-m\libgcc.a(_arm_fixsfsi.o)
 .ARM.attributes
                0x0000059f       0x2e c:/program files (x86)/gnu tools arm embedded/4.8 2013q4/bin/../lib/gcc/arm-none-eabi/4.8.3/../../../../arm-none-eabi/lib/armv7e-m\libg.a(lib_a-errno.o)
 .ARM.attributes
                0x000005cd       0x2e c:/program files (x86)/gnu tools arm embedded/4.8 2013q4/bin/../lib/gcc/arm-none-eabi/4.8.3/../../../../arm-none-eabi/lib/armv7e-m\libg.a(lib_a-impure.o)
 .ARM.attributes
                0x000005fb       0x2e c:/program files (x86)/gnu tools arm embedded/4.8 2013q4/bin/../lib/gcc/arm-none-eabi/4.8.3/../../../../arm-none-eabi/lib/armv7e-m\libg.a(lib_a-rand.o)

.debug_ranges   0x00000000      0x6f0
 .debug_ranges  0x00000000       0x20 ..\obj\keys.o
 .debug_ranges  0x00000020       0x18 ..\obj\startup_stm32f4xx.o
 .debug_ranges  0x00000038       0x10 ..\obj\main.o
 .debug_ranges  0x00000048      0x168 ..\obj\stm32f4xx_rcc.o
 .debug_ranges  0x000001b0       0x28 ..\obj\text.o
 .debug_ranges  0x000001d8       0x78 ..\obj\stm32f4xx_gpio.o
 .debug_ranges  0x00000250       0x20 ..\obj\system_stm32f4xx.o
 .debug_ranges  0x00000270       0xa0 ..\obj\stm32f4xx_dma.o
 .debug_ranges  0x00000310       0x50 ..\obj\stm32_ub_vga_screen.o
 .debug_ranges  0x00000360       0x30 ..\obj\misc.o
 .debug_ranges  0x00000390       0x60 ..\obj\middle.o
 .debug_ranges  0x000003f0       0x18 ..\obj\image.o
 .debug_ranges  0x00000408      0x2e8 ..\obj\stm32f4xx_tim.o

.debug_frame    0x00000000     0x192c
 .debug_frame   0x00000000       0x70 ..\obj\keys.o
 .debug_frame   0x00000070       0x48 ..\obj\startup_stm32f4xx.o
 .debug_frame   0x000000b8       0x30 ..\obj\main.o
 .debug_frame   0x000000e8      0x4d8 ..\obj\stm32f4xx_rcc.o
 .debug_frame   0x000005c0       0x88 ..\obj\text.o
 .debug_frame   0x00000648      0x19c ..\obj\stm32f4xx_gpio.o
 .debug_frame   0x000007e4       0x64 ..\obj\system_stm32f4xx.o
 .debug_frame   0x00000848      0x224 ..\obj\stm32f4xx_dma.o
 .debug_frame   0x00000a6c      0x124 ..\obj\stm32_ub_vga_screen.o
 .debug_frame   0x00000b90       0x9c ..\obj\misc.o
 .debug_frame   0x00000c2c      0x168 ..\obj\middle.o
 .debug_frame   0x00000d94       0x50 ..\obj\image.o
 .debug_frame   0x00000de4      0xa3c ..\obj\stm32f4xx_tim.o
 .debug_frame   0x00001820       0x38 c:/program files (x86)/gnu tools arm embedded/4.8 2013q4/bin/../lib/gcc/arm-none-eabi/4.8.3/../../../../arm-none-eabi/lib/armv7e-m\libm.a(lib_a-w_sqrt.o)
 .debug_frame   0x00001858       0x34 c:/program files (x86)/gnu tools arm embedded/4.8 2013q4/bin/../lib/gcc/arm-none-eabi/4.8.3/../../../../arm-none-eabi/lib/armv7e-m\libm.a(lib_a-e_sqrt.o)
 .debug_frame   0x0000188c       0x28 c:/program files (x86)/gnu tools arm embedded/4.8 2013q4/bin/../lib/gcc/arm-none-eabi/4.8.3/../../../../arm-none-eabi/lib/armv7e-m\libm.a(lib_a-s_fpclassify.o)
 .debug_frame   0x000018b4       0x20 c:/program files (x86)/gnu tools arm embedded/4.8 2013q4/bin/../lib/gcc/arm-none-eabi/4.8.3/../../../../arm-none-eabi/lib/armv7e-m\libm.a(lib_a-s_matherr.o)
 .debug_frame   0x000018d4       0x20 c:/program files (x86)/gnu tools arm embedded/4.8 2013q4/bin/../lib/gcc/arm-none-eabi/4.8.3/../../../../arm-none-eabi/lib/armv7e-m\libg.a(lib_a-errno.o)
 .debug_frame   0x000018f4       0x38 c:/program files (x86)/gnu tools arm embedded/4.8 2013q4/bin/../lib/gcc/arm-none-eabi/4.8.3/../../../../arm-none-eabi/lib/armv7e-m\libg.a(lib_a-rand.o)
