Archive member included to satisfy reference by file (symbol)

c:/program files (x86)/gnu tools arm embedded/5.3 2016q1/bin/../lib/gcc/arm-none-eabi/5.3.1/../../../../arm-none-eabi/lib/armv7e-m\libm.a(lib_a-w_sqrt.o)
                              ..\obj\middle.o (sqrt)
c:/program files (x86)/gnu tools arm embedded/5.3 2016q1/bin/../lib/gcc/arm-none-eabi/5.3.1/../../../../arm-none-eabi/lib/armv7e-m\libm.a(lib_a-e_sqrt.o)
                              c:/program files (x86)/gnu tools arm embedded/5.3 2016q1/bin/../lib/gcc/arm-none-eabi/5.3.1/../../../../arm-none-eabi/lib/armv7e-m\libm.a(lib_a-w_sqrt.o) (__ieee754_sqrt)
c:/program files (x86)/gnu tools arm embedded/5.3 2016q1/bin/../lib/gcc/arm-none-eabi/5.3.1/../../../../arm-none-eabi/lib/armv7e-m\libm.a(lib_a-s_lib_ver.o)
                              c:/program files (x86)/gnu tools arm embedded/5.3 2016q1/bin/../lib/gcc/arm-none-eabi/5.3.1/../../../../arm-none-eabi/lib/armv7e-m\libm.a(lib_a-w_sqrt.o) (__fdlib_version)
c:/program files (x86)/gnu tools arm embedded/5.3 2016q1/bin/../lib/gcc/arm-none-eabi/5.3.1/../../../../arm-none-eabi/lib/armv7e-m\libm.a(lib_a-s_matherr.o)
                              c:/program files (x86)/gnu tools arm embedded/5.3 2016q1/bin/../lib/gcc/arm-none-eabi/5.3.1/../../../../arm-none-eabi/lib/armv7e-m\libm.a(lib_a-w_sqrt.o) (matherr)
c:/program files (x86)/gnu tools arm embedded/5.3 2016q1/bin/../lib/gcc/arm-none-eabi/5.3.1/armv7e-m\libgcc.a(_arm_addsubdf3.o)
                              ..\obj\middle.o (__aeabi_dsub)
c:/program files (x86)/gnu tools arm embedded/5.3 2016q1/bin/../lib/gcc/arm-none-eabi/5.3.1/armv7e-m\libgcc.a(_arm_muldivdf3.o)
                              ..\obj\middle.o (__aeabi_dmul)
c:/program files (x86)/gnu tools arm embedded/5.3 2016q1/bin/../lib/gcc/arm-none-eabi/5.3.1/armv7e-m\libgcc.a(_arm_cmpdf2.o)
                              c:/program files (x86)/gnu tools arm embedded/5.3 2016q1/bin/../lib/gcc/arm-none-eabi/5.3.1/../../../../arm-none-eabi/lib/armv7e-m\libm.a(lib_a-w_sqrt.o) (__aeabi_dcmplt)
c:/program files (x86)/gnu tools arm embedded/5.3 2016q1/bin/../lib/gcc/arm-none-eabi/5.3.1/armv7e-m\libgcc.a(_arm_unorddf2.o)
                              c:/program files (x86)/gnu tools arm embedded/5.3 2016q1/bin/../lib/gcc/arm-none-eabi/5.3.1/../../../../arm-none-eabi/lib/armv7e-m\libm.a(lib_a-w_sqrt.o) (__aeabi_dcmpun)
c:/program files (x86)/gnu tools arm embedded/5.3 2016q1/bin/../lib/gcc/arm-none-eabi/5.3.1/armv7e-m\libgcc.a(_arm_fixdfsi.o)
                              ..\obj\middle.o (__aeabi_d2iz)
c:/program files (x86)/gnu tools arm embedded/5.3 2016q1/bin/../lib/gcc/arm-none-eabi/5.3.1/armv7e-m\libgcc.a(_arm_truncdfsf2.o)
                              ..\obj\middle.o (__aeabi_d2f)
c:/program files (x86)/gnu tools arm embedded/5.3 2016q1/bin/../lib/gcc/arm-none-eabi/5.3.1/armv7e-m\libgcc.a(_arm_addsubsf3.o)
                              ..\obj\middle.o (__aeabi_fsub)
c:/program files (x86)/gnu tools arm embedded/5.3 2016q1/bin/../lib/gcc/arm-none-eabi/5.3.1/armv7e-m\libgcc.a(_arm_muldivsf3.o)
                              ..\obj\middle.o (__aeabi_fmul)
c:/program files (x86)/gnu tools arm embedded/5.3 2016q1/bin/../lib/gcc/arm-none-eabi/5.3.1/armv7e-m\libgcc.a(_arm_cmpsf2.o)
                              ..\obj\middle.o (__aeabi_fcmplt)
c:/program files (x86)/gnu tools arm embedded/5.3 2016q1/bin/../lib/gcc/arm-none-eabi/5.3.1/armv7e-m\libgcc.a(_arm_fixsfsi.o)
                              ..\obj\middle.o (__aeabi_f2iz)
c:/program files (x86)/gnu tools arm embedded/5.3 2016q1/bin/../lib/gcc/arm-none-eabi/5.3.1/../../../../arm-none-eabi/lib/armv7e-m\libg.a(lib_a-errno.o)
                              c:/program files (x86)/gnu tools arm embedded/5.3 2016q1/bin/../lib/gcc/arm-none-eabi/5.3.1/../../../../arm-none-eabi/lib/armv7e-m\libm.a(lib_a-w_sqrt.o) (__errno)
c:/program files (x86)/gnu tools arm embedded/5.3 2016q1/bin/../lib/gcc/arm-none-eabi/5.3.1/../../../../arm-none-eabi/lib/armv7e-m\libg.a(lib_a-impure.o)
                              c:/program files (x86)/gnu tools arm embedded/5.3 2016q1/bin/../lib/gcc/arm-none-eabi/5.3.1/../../../../arm-none-eabi/lib/armv7e-m\libg.a(lib_a-errno.o) (_impure_ptr)

Allocating common symbols
Common symbol       size              file

textColor           0x1               ..\obj\main.o
fillColor           0x1               ..\obj\main.o
VGA                 0xc               ..\obj\main.o
VGA_RAM1            0x12cf0           ..\obj\main.o
lineColor           0x1               ..\obj\main.o
currentFontInfo     0x4               ..\obj\main.o

Discarded input sections

 .text          0x00000000        0x0 ..\obj\arialCursive.o
 .data          0x00000000        0x0 ..\obj\arialCursive.o
 .bss           0x00000000        0x0 ..\obj\arialCursive.o
 .text          0x00000000        0x0 ..\obj\arialNormal.o
 .data          0x00000000        0x0 ..\obj\arialNormal.o
 .bss           0x00000000        0x0 ..\obj\arialNormal.o
 .text          0x00000000        0x0 ..\obj\startup_stm32f4xx.o
 .data          0x00000000        0x0 ..\obj\startup_stm32f4xx.o
 .bss           0x00000000        0x0 ..\obj\startup_stm32f4xx.o
 .text          0x00000000        0x0 ..\obj\main.o
 .data          0x00000000        0x0 ..\obj\main.o
 .bss           0x00000000        0x0 ..\obj\main.o
 .text          0x00000000        0x0 ..\obj\stm32f4xx_rcc.o
 .data          0x00000000       0x10 ..\obj\stm32f4xx_rcc.o
 .bss           0x00000000        0x0 ..\obj\stm32f4xx_rcc.o
 .text.RCC_DeInit
                0x00000000       0x50 ..\obj\stm32f4xx_rcc.o
 .text.RCC_HSEConfig
                0x00000000       0x24 ..\obj\stm32f4xx_rcc.o
 .text.RCC_WaitForHSEStartUp
                0x00000000       0x50 ..\obj\stm32f4xx_rcc.o
 .text.RCC_AdjustHSICalibrationValue
                0x00000000       0x3c ..\obj\stm32f4xx_rcc.o
 .text.RCC_HSICmd
                0x00000000       0x20 ..\obj\stm32f4xx_rcc.o
 .text.RCC_LSEConfig
                0x00000000       0x40 ..\obj\stm32f4xx_rcc.o
 .text.RCC_LSICmd
                0x00000000       0x20 ..\obj\stm32f4xx_rcc.o
 .text.RCC_PLLConfig
                0x00000000       0x3c ..\obj\stm32f4xx_rcc.o
 .text.RCC_PLLCmd
                0x00000000       0x20 ..\obj\stm32f4xx_rcc.o
 .text.RCC_PLLI2SConfig
                0x00000000       0x28 ..\obj\stm32f4xx_rcc.o
 .text.RCC_PLLI2SCmd
                0x00000000       0x20 ..\obj\stm32f4xx_rcc.o
 .text.RCC_ClockSecuritySystemCmd
                0x00000000       0x20 ..\obj\stm32f4xx_rcc.o
 .text.RCC_MCO1Config
                0x00000000       0x3c ..\obj\stm32f4xx_rcc.o
 .text.RCC_MCO2Config
                0x00000000       0x3c ..\obj\stm32f4xx_rcc.o
 .text.RCC_SYSCLKConfig
                0x00000000       0x38 ..\obj\stm32f4xx_rcc.o
 .text.RCC_GetSYSCLKSource
                0x00000000       0x1c ..\obj\stm32f4xx_rcc.o
 .text.RCC_HCLKConfig
                0x00000000       0x38 ..\obj\stm32f4xx_rcc.o
 .text.RCC_PCLK1Config
                0x00000000       0x38 ..\obj\stm32f4xx_rcc.o
 .text.RCC_PCLK2Config
                0x00000000       0x38 ..\obj\stm32f4xx_rcc.o
 .text.RCC_GetClocksFreq
                0x00000000      0x154 ..\obj\stm32f4xx_rcc.o
 .text.RCC_RTCCLKConfig
                0x00000000       0x5c ..\obj\stm32f4xx_rcc.o
 .text.RCC_RTCCLKCmd
                0x00000000       0x20 ..\obj\stm32f4xx_rcc.o
 .text.RCC_BackupResetCmd
                0x00000000       0x20 ..\obj\stm32f4xx_rcc.o
 .text.RCC_I2SCLKConfig
                0x00000000       0x1c ..\obj\stm32f4xx_rcc.o
 .text.RCC_AHB2PeriphClockCmd
                0x00000000       0x3c ..\obj\stm32f4xx_rcc.o
 .text.RCC_AHB3PeriphClockCmd
                0x00000000       0x3c ..\obj\stm32f4xx_rcc.o
 .text.RCC_AHB1PeriphResetCmd
                0x00000000       0x3c ..\obj\stm32f4xx_rcc.o
 .text.RCC_AHB2PeriphResetCmd
                0x00000000       0x3c ..\obj\stm32f4xx_rcc.o
 .text.RCC_AHB3PeriphResetCmd
                0x00000000       0x3c ..\obj\stm32f4xx_rcc.o
 .text.RCC_APB1PeriphResetCmd
                0x00000000       0x3c ..\obj\stm32f4xx_rcc.o
 .text.RCC_APB2PeriphResetCmd
                0x00000000       0x3c ..\obj\stm32f4xx_rcc.o
 .text.RCC_AHB1PeriphClockLPModeCmd
                0x00000000       0x3c ..\obj\stm32f4xx_rcc.o
 .text.RCC_AHB2PeriphClockLPModeCmd
                0x00000000       0x3c ..\obj\stm32f4xx_rcc.o
 .text.RCC_AHB3PeriphClockLPModeCmd
                0x00000000       0x3c ..\obj\stm32f4xx_rcc.o
 .text.RCC_APB1PeriphClockLPModeCmd
                0x00000000       0x3c ..\obj\stm32f4xx_rcc.o
 .text.RCC_APB2PeriphClockLPModeCmd
                0x00000000       0x3c ..\obj\stm32f4xx_rcc.o
 .text.RCC_ITConfig
                0x00000000       0x4c ..\obj\stm32f4xx_rcc.o
 .text.RCC_GetFlagStatus
                0x00000000       0x74 ..\obj\stm32f4xx_rcc.o
 .text.RCC_ClearFlag
                0x00000000       0x1c ..\obj\stm32f4xx_rcc.o
 .text.RCC_GetITStatus
                0x00000000       0x34 ..\obj\stm32f4xx_rcc.o
 .text.RCC_ClearITPendingBit
                0x00000000       0x20 ..\obj\stm32f4xx_rcc.o
 .text          0x00000000        0x0 ..\obj\Font.o
 .data          0x00000000        0x0 ..\obj\Font.o
 .bss           0x00000000        0x0 ..\obj\Font.o
 .debug_line    0x00000000        0x0 ..\obj\Font.o
 .debug_str     0x00000000       0xab ..\obj\Font.o
 .comment       0x00000000       0x6f ..\obj\Font.o
 .ARM.attributes
                0x00000000       0x33 ..\obj\Font.o
 .text          0x00000000        0x0 ..\obj\text.o
 .bss           0x00000000        0x0 ..\obj\text.o
 .text          0x00000000        0x0 ..\obj\stm32f4xx_gpio.o
 .data          0x00000000        0x0 ..\obj\stm32f4xx_gpio.o
 .bss           0x00000000        0x0 ..\obj\stm32f4xx_gpio.o
 .text.GPIO_DeInit
                0x00000000      0x120 ..\obj\stm32f4xx_gpio.o
 .text.GPIO_StructInit
                0x00000000       0x34 ..\obj\stm32f4xx_gpio.o
 .text.GPIO_PinLockConfig
                0x00000000       0x44 ..\obj\stm32f4xx_gpio.o
 .text.GPIO_ReadInputDataBit
                0x00000000       0x34 ..\obj\stm32f4xx_gpio.o
 .text.GPIO_ReadInputData
                0x00000000       0x18 ..\obj\stm32f4xx_gpio.o
 .text.GPIO_ReadOutputDataBit
                0x00000000       0x34 ..\obj\stm32f4xx_gpio.o
 .text.GPIO_ReadOutputData
                0x00000000       0x18 ..\obj\stm32f4xx_gpio.o
 .text.GPIO_SetBits
                0x00000000       0x1c ..\obj\stm32f4xx_gpio.o
 .text.GPIO_ResetBits
                0x00000000       0x1c ..\obj\stm32f4xx_gpio.o
 .text.GPIO_WriteBit
                0x00000000       0x30 ..\obj\stm32f4xx_gpio.o
 .text.GPIO_Write
                0x00000000       0x1c ..\obj\stm32f4xx_gpio.o
 .text.GPIO_ToggleBits
                0x00000000       0x24 ..\obj\stm32f4xx_gpio.o
 .text          0x00000000        0x0 ..\obj\system_stm32f4xx.o
 .data          0x00000000       0x14 ..\obj\system_stm32f4xx.o
 .bss           0x00000000        0x0 ..\obj\system_stm32f4xx.o
 .text.SystemCoreClockUpdate
                0x00000000       0xf8 ..\obj\system_stm32f4xx.o
 .text          0x00000000        0x0 ..\obj\syscalls.o
 .data          0x00000000        0x0 ..\obj\syscalls.o
 .bss           0x00000000        0x4 ..\obj\syscalls.o
 .text._sbrk    0x00000000       0x3c ..\obj\syscalls.o
 .text.link     0x00000000       0x18 ..\obj\syscalls.o
 .text._close   0x00000000       0x18 ..\obj\syscalls.o
 .text._fstat   0x00000000       0x20 ..\obj\syscalls.o
 .text._isatty  0x00000000       0x14 ..\obj\syscalls.o
 .text._lseek   0x00000000       0x18 ..\obj\syscalls.o
 .text._read    0x00000000       0x18 ..\obj\syscalls.o
 .text._write   0x00000000       0x18 ..\obj\syscalls.o
 .text.abort    0x00000000        0x8 ..\obj\syscalls.o
 .debug_info    0x00000000      0x3f5 ..\obj\syscalls.o
 .debug_abbrev  0x00000000       0xe5 ..\obj\syscalls.o
 .debug_aranges
                0x00000000       0x60 ..\obj\syscalls.o
 .debug_ranges  0x00000000       0x50 ..\obj\syscalls.o
 .debug_line    0x00000000      0x186 ..\obj\syscalls.o
 .debug_str     0x00000000      0x2eb ..\obj\syscalls.o
 .comment       0x00000000       0x6f ..\obj\syscalls.o
 .debug_frame   0x00000000      0x168 ..\obj\syscalls.o
 .ARM.attributes
                0x00000000       0x33 ..\obj\syscalls.o
 .text          0x00000000        0x0 ..\obj\stm32f4xx_dma.o
 .data          0x00000000        0x0 ..\obj\stm32f4xx_dma.o
 .bss           0x00000000        0x0 ..\obj\stm32f4xx_dma.o
 .text.DMA_StructInit
                0x00000000       0x6c ..\obj\stm32f4xx_dma.o
 .text.DMA_PeriphIncOffsetSizeConfig
                0x00000000       0x34 ..\obj\stm32f4xx_dma.o
 .text.DMA_FlowControllerConfig
                0x00000000       0x34 ..\obj\stm32f4xx_dma.o
 .text.DMA_SetCurrDataCounter
                0x00000000       0x1c ..\obj\stm32f4xx_dma.o
 .text.DMA_GetCurrDataCounter
                0x00000000       0x18 ..\obj\stm32f4xx_dma.o
 .text.DMA_DoubleBufferModeConfig
                0x00000000       0x3c ..\obj\stm32f4xx_dma.o
 .text.DMA_DoubleBufferModeCmd
                0x00000000       0x38 ..\obj\stm32f4xx_dma.o
 .text.DMA_MemoryTargetConfig
                0x00000000       0x2c ..\obj\stm32f4xx_dma.o
 .text.DMA_GetCurrentMemoryTarget
                0x00000000       0x30 ..\obj\stm32f4xx_dma.o
 .text.DMA_GetCmdStatus
                0x00000000       0x30 ..\obj\stm32f4xx_dma.o
 .text.DMA_GetFIFOStatus
                0x00000000       0x24 ..\obj\stm32f4xx_dma.o
 .text.DMA_GetFlagStatus
                0x00000000       0x74 ..\obj\stm32f4xx_dma.o
 .text.DMA_ClearFlag
                0x00000000       0x5c ..\obj\stm32f4xx_dma.o
 .text          0x00000000        0x0 ..\obj\arialBold.o
 .data          0x00000000        0x0 ..\obj\arialBold.o
 .bss           0x00000000        0x0 ..\obj\arialBold.o
 .text          0x00000000        0x0 ..\obj\stm32_ub_vga_screen.o
 .data          0x00000000        0x0 ..\obj\stm32_ub_vga_screen.o
 .bss           0x00000000        0x0 ..\obj\stm32_ub_vga_screen.o
 .text          0x00000000        0x0 ..\obj\misc.o
 .data          0x00000000        0x0 ..\obj\misc.o
 .bss           0x00000000        0x0 ..\obj\misc.o
 .text.NVIC_PriorityGroupConfig
                0x00000000       0x24 ..\obj\misc.o
 .text.NVIC_SetVectorTable
                0x00000000       0x2c ..\obj\misc.o
 .text.NVIC_SystemLPConfig
                0x00000000       0x40 ..\obj\misc.o
 .text.SysTick_CLKSourceConfig
                0x00000000       0x38 ..\obj\misc.o
 .text          0x00000000        0x0 ..\obj\middle.o
 .data          0x00000000        0x0 ..\obj\middle.o
 .bss           0x00000000        0x0 ..\obj\middle.o
 .text          0x00000000        0x0 ..\obj\stm32f4xx_tim.o
 .data          0x00000000        0x0 ..\obj\stm32f4xx_tim.o
 .bss           0x00000000        0x0 ..\obj\stm32f4xx_tim.o
 .text.TIM_DeInit
                0x00000000      0x1c0 ..\obj\stm32f4xx_tim.o
 .text.TIM_TimeBaseStructInit
                0x00000000       0x34 ..\obj\stm32f4xx_tim.o
 .text.TIM_PrescalerConfig
                0x00000000       0x28 ..\obj\stm32f4xx_tim.o
 .text.TIM_CounterModeConfig
                0x00000000       0x38 ..\obj\stm32f4xx_tim.o
 .text.TIM_SetCounter
                0x00000000       0x1c ..\obj\stm32f4xx_tim.o
 .text.TIM_SetAutoreload
                0x00000000       0x1c ..\obj\stm32f4xx_tim.o
 .text.TIM_GetCounter
                0x00000000       0x18 ..\obj\stm32f4xx_tim.o
 .text.TIM_GetPrescaler
                0x00000000       0x18 ..\obj\stm32f4xx_tim.o
 .text.TIM_UpdateDisableConfig
                0x00000000       0x40 ..\obj\stm32f4xx_tim.o
 .text.TIM_UpdateRequestConfig
                0x00000000       0x40 ..\obj\stm32f4xx_tim.o
 .text.TIM_SelectOnePulseMode
                0x00000000       0x38 ..\obj\stm32f4xx_tim.o
 .text.TIM_SetClockDivision
                0x00000000       0x38 ..\obj\stm32f4xx_tim.o
 .text.TIM_OC1Init
                0x00000000       0xf4 ..\obj\stm32f4xx_tim.o
 .text.TIM_OC2Init
                0x00000000      0x110 ..\obj\stm32f4xx_tim.o
 .text.TIM_OCStructInit
                0x00000000       0x44 ..\obj\stm32f4xx_tim.o
 .text.TIM_SelectOCxM
                0x00000000       0xb0 ..\obj\stm32f4xx_tim.o
 .text.TIM_SetCompare1
                0x00000000       0x1c ..\obj\stm32f4xx_tim.o
 .text.TIM_SetCompare2
                0x00000000       0x1c ..\obj\stm32f4xx_tim.o
 .text.TIM_SetCompare3
                0x00000000       0x1c ..\obj\stm32f4xx_tim.o
 .text.TIM_SetCompare4
                0x00000000       0x1c ..\obj\stm32f4xx_tim.o
 .text.TIM_ForcedOC1Config
                0x00000000       0x38 ..\obj\stm32f4xx_tim.o
 .text.TIM_ForcedOC2Config
                0x00000000       0x3c ..\obj\stm32f4xx_tim.o
 .text.TIM_ForcedOC3Config
                0x00000000       0x38 ..\obj\stm32f4xx_tim.o
 .text.TIM_ForcedOC4Config
                0x00000000       0x3c ..\obj\stm32f4xx_tim.o
 .text.TIM_OC1PreloadConfig
                0x00000000       0x38 ..\obj\stm32f4xx_tim.o
 .text.TIM_OC2PreloadConfig
                0x00000000       0x3c ..\obj\stm32f4xx_tim.o
 .text.TIM_OC1FastConfig
                0x00000000       0x38 ..\obj\stm32f4xx_tim.o
 .text.TIM_OC2FastConfig
                0x00000000       0x3c ..\obj\stm32f4xx_tim.o
 .text.TIM_OC3FastConfig
                0x00000000       0x38 ..\obj\stm32f4xx_tim.o
 .text.TIM_OC4FastConfig
                0x00000000       0x3c ..\obj\stm32f4xx_tim.o
 .text.TIM_ClearOC1Ref
                0x00000000       0x38 ..\obj\stm32f4xx_tim.o
 .text.TIM_ClearOC2Ref
                0x00000000       0x3c ..\obj\stm32f4xx_tim.o
 .text.TIM_ClearOC3Ref
                0x00000000       0x38 ..\obj\stm32f4xx_tim.o
 .text.TIM_ClearOC4Ref
                0x00000000       0x3c ..\obj\stm32f4xx_tim.o
 .text.TIM_OC1PolarityConfig
                0x00000000       0x38 ..\obj\stm32f4xx_tim.o
 .text.TIM_OC1NPolarityConfig
                0x00000000       0x38 ..\obj\stm32f4xx_tim.o
 .text.TIM_OC2PolarityConfig
                0x00000000       0x3c ..\obj\stm32f4xx_tim.o
 .text.TIM_OC2NPolarityConfig
                0x00000000       0x3c ..\obj\stm32f4xx_tim.o
 .text.TIM_OC3PolarityConfig
                0x00000000       0x3c ..\obj\stm32f4xx_tim.o
 .text.TIM_OC3NPolarityConfig
                0x00000000       0x3c ..\obj\stm32f4xx_tim.o
 .text.TIM_OC4PolarityConfig
                0x00000000       0x3c ..\obj\stm32f4xx_tim.o
 .text.TIM_CCxCmd
                0x00000000       0x58 ..\obj\stm32f4xx_tim.o
 .text.TIM_CCxNCmd
                0x00000000       0x58 ..\obj\stm32f4xx_tim.o
 .text.TIM_ICInit
                0x00000000       0xa8 ..\obj\stm32f4xx_tim.o
 .text.TIM_ICStructInit
                0x00000000       0x30 ..\obj\stm32f4xx_tim.o
 .text.TIM_PWMIConfig
                0x00000000       0xb8 ..\obj\stm32f4xx_tim.o
 .text.TIM_GetCapture1
                0x00000000       0x18 ..\obj\stm32f4xx_tim.o
 .text.TIM_GetCapture2
                0x00000000       0x18 ..\obj\stm32f4xx_tim.o
 .text.TIM_GetCapture3
                0x00000000       0x18 ..\obj\stm32f4xx_tim.o
 .text.TIM_GetCapture4
                0x00000000       0x18 ..\obj\stm32f4xx_tim.o
 .text.TIM_SetIC1Prescaler
                0x00000000       0x38 ..\obj\stm32f4xx_tim.o
 .text.TIM_SetIC2Prescaler
                0x00000000       0x3c ..\obj\stm32f4xx_tim.o
 .text.TIM_SetIC3Prescaler
                0x00000000       0x38 ..\obj\stm32f4xx_tim.o
 .text.TIM_SetIC4Prescaler
                0x00000000       0x3c ..\obj\stm32f4xx_tim.o
 .text.TIM_BDTRConfig
                0x00000000       0x50 ..\obj\stm32f4xx_tim.o
 .text.TIM_BDTRStructInit
                0x00000000       0x3c ..\obj\stm32f4xx_tim.o
 .text.TIM_CtrlPWMOutputs
                0x00000000       0x4c ..\obj\stm32f4xx_tim.o
 .text.TIM_SelectCOM
                0x00000000       0x40 ..\obj\stm32f4xx_tim.o
 .text.TIM_CCPreloadControl
                0x00000000       0x40 ..\obj\stm32f4xx_tim.o
 .text.TIM_GenerateEvent
                0x00000000       0x1c ..\obj\stm32f4xx_tim.o
 .text.TIM_GetFlagStatus
                0x00000000       0x38 ..\obj\stm32f4xx_tim.o
 .text.TIM_ClearFlag
                0x00000000       0x20 ..\obj\stm32f4xx_tim.o
 .text.TIM_GetITStatus
                0x00000000       0x54 ..\obj\stm32f4xx_tim.o
 .text.TIM_DMAConfig
                0x00000000       0x28 ..\obj\stm32f4xx_tim.o
 .text.TIM_SelectCCDMA
                0x00000000       0x40 ..\obj\stm32f4xx_tim.o
 .text.TIM_InternalClockConfig
                0x00000000       0x24 ..\obj\stm32f4xx_tim.o
 .text.TIM_ITRxExternalClockConfig
                0x00000000       0x30 ..\obj\stm32f4xx_tim.o
 .text.TIM_TIxExternalClockConfig
                0x00000000       0x5c ..\obj\stm32f4xx_tim.o
 .text.TIM_ETRClockMode1Config
                0x00000000       0x60 ..\obj\stm32f4xx_tim.o
 .text.TIM_ETRClockMode2Config
                0x00000000       0x40 ..\obj\stm32f4xx_tim.o
 .text.TIM_SelectInputTrigger
                0x00000000       0x38 ..\obj\stm32f4xx_tim.o
 .text.TIM_SelectOutputTrigger
                0x00000000       0x38 ..\obj\stm32f4xx_tim.o
 .text.TIM_SelectSlaveMode
                0x00000000       0x38 ..\obj\stm32f4xx_tim.o
 .text.TIM_SelectMasterSlaveMode
                0x00000000       0x38 ..\obj\stm32f4xx_tim.o
 .text.TIM_ETRConfig
                0x00000000       0x54 ..\obj\stm32f4xx_tim.o
 .text.TIM_EncoderInterfaceConfig
                0x00000000       0x98 ..\obj\stm32f4xx_tim.o
 .text.TIM_SelectHallSensor
                0x00000000       0x40 ..\obj\stm32f4xx_tim.o
 .text.TIM_RemapConfig
                0x00000000       0x20 ..\obj\stm32f4xx_tim.o
 .text.TI1_Config
                0x00000000       0x84 ..\obj\stm32f4xx_tim.o
 .text.TI2_Config
                0x00000000       0x98 ..\obj\stm32f4xx_tim.o
 .text.TI3_Config
                0x00000000       0x90 ..\obj\stm32f4xx_tim.o
 .text.TI4_Config
                0x00000000       0x9c ..\obj\stm32f4xx_tim.o
 .text          0x00000000        0x0 c:/program files (x86)/gnu tools arm embedded/5.3 2016q1/bin/../lib/gcc/arm-none-eabi/5.3.1/../../../../arm-none-eabi/lib/armv7e-m\libm.a(lib_a-w_sqrt.o)
 .data          0x00000000        0x0 c:/program files (x86)/gnu tools arm embedded/5.3 2016q1/bin/../lib/gcc/arm-none-eabi/5.3.1/../../../../arm-none-eabi/lib/armv7e-m\libm.a(lib_a-w_sqrt.o)
 .bss           0x00000000        0x0 c:/program files (x86)/gnu tools arm embedded/5.3 2016q1/bin/../lib/gcc/arm-none-eabi/5.3.1/../../../../arm-none-eabi/lib/armv7e-m\libm.a(lib_a-w_sqrt.o)
 .text          0x00000000        0x0 c:/program files (x86)/gnu tools arm embedded/5.3 2016q1/bin/../lib/gcc/arm-none-eabi/5.3.1/../../../../arm-none-eabi/lib/armv7e-m\libm.a(lib_a-e_sqrt.o)
 .data          0x00000000        0x0 c:/program files (x86)/gnu tools arm embedded/5.3 2016q1/bin/../lib/gcc/arm-none-eabi/5.3.1/../../../../arm-none-eabi/lib/armv7e-m\libm.a(lib_a-e_sqrt.o)
 .bss           0x00000000        0x0 c:/program files (x86)/gnu tools arm embedded/5.3 2016q1/bin/../lib/gcc/arm-none-eabi/5.3.1/../../../../arm-none-eabi/lib/armv7e-m\libm.a(lib_a-e_sqrt.o)
 .text          0x00000000        0x0 c:/program files (x86)/gnu tools arm embedded/5.3 2016q1/bin/../lib/gcc/arm-none-eabi/5.3.1/../../../../arm-none-eabi/lib/armv7e-m\libm.a(lib_a-s_lib_ver.o)
 .data          0x00000000        0x0 c:/program files (x86)/gnu tools arm embedded/5.3 2016q1/bin/../lib/gcc/arm-none-eabi/5.3.1/../../../../arm-none-eabi/lib/armv7e-m\libm.a(lib_a-s_lib_ver.o)
 .bss           0x00000000        0x0 c:/program files (x86)/gnu tools arm embedded/5.3 2016q1/bin/../lib/gcc/arm-none-eabi/5.3.1/../../../../arm-none-eabi/lib/armv7e-m\libm.a(lib_a-s_lib_ver.o)
 .text          0x00000000        0x0 c:/program files (x86)/gnu tools arm embedded/5.3 2016q1/bin/../lib/gcc/arm-none-eabi/5.3.1/../../../../arm-none-eabi/lib/armv7e-m\libm.a(lib_a-s_matherr.o)
 .data          0x00000000        0x0 c:/program files (x86)/gnu tools arm embedded/5.3 2016q1/bin/../lib/gcc/arm-none-eabi/5.3.1/../../../../arm-none-eabi/lib/armv7e-m\libm.a(lib_a-s_matherr.o)
 .bss           0x00000000        0x0 c:/program files (x86)/gnu tools arm embedded/5.3 2016q1/bin/../lib/gcc/arm-none-eabi/5.3.1/../../../../arm-none-eabi/lib/armv7e-m\libm.a(lib_a-s_matherr.o)
 .data          0x00000000        0x0 c:/program files (x86)/gnu tools arm embedded/5.3 2016q1/bin/../lib/gcc/arm-none-eabi/5.3.1/armv7e-m\libgcc.a(_arm_addsubdf3.o)
 .bss           0x00000000        0x0 c:/program files (x86)/gnu tools arm embedded/5.3 2016q1/bin/../lib/gcc/arm-none-eabi/5.3.1/armv7e-m\libgcc.a(_arm_addsubdf3.o)
 .data          0x00000000        0x0 c:/program files (x86)/gnu tools arm embedded/5.3 2016q1/bin/../lib/gcc/arm-none-eabi/5.3.1/armv7e-m\libgcc.a(_arm_muldivdf3.o)
 .bss           0x00000000        0x0 c:/program files (x86)/gnu tools arm embedded/5.3 2016q1/bin/../lib/gcc/arm-none-eabi/5.3.1/armv7e-m\libgcc.a(_arm_muldivdf3.o)
 .data          0x00000000        0x0 c:/program files (x86)/gnu tools arm embedded/5.3 2016q1/bin/../lib/gcc/arm-none-eabi/5.3.1/armv7e-m\libgcc.a(_arm_cmpdf2.o)
 .bss           0x00000000        0x0 c:/program files (x86)/gnu tools arm embedded/5.3 2016q1/bin/../lib/gcc/arm-none-eabi/5.3.1/armv7e-m\libgcc.a(_arm_cmpdf2.o)
 .data          0x00000000        0x0 c:/program files (x86)/gnu tools arm embedded/5.3 2016q1/bin/../lib/gcc/arm-none-eabi/5.3.1/armv7e-m\libgcc.a(_arm_unorddf2.o)
 .bss           0x00000000        0x0 c:/program files (x86)/gnu tools arm embedded/5.3 2016q1/bin/../lib/gcc/arm-none-eabi/5.3.1/armv7e-m\libgcc.a(_arm_unorddf2.o)
 .data          0x00000000        0x0 c:/program files (x86)/gnu tools arm embedded/5.3 2016q1/bin/../lib/gcc/arm-none-eabi/5.3.1/armv7e-m\libgcc.a(_arm_fixdfsi.o)
 .bss           0x00000000        0x0 c:/program files (x86)/gnu tools arm embedded/5.3 2016q1/bin/../lib/gcc/arm-none-eabi/5.3.1/armv7e-m\libgcc.a(_arm_fixdfsi.o)
 .data          0x00000000        0x0 c:/program files (x86)/gnu tools arm embedded/5.3 2016q1/bin/../lib/gcc/arm-none-eabi/5.3.1/armv7e-m\libgcc.a(_arm_truncdfsf2.o)
 .bss           0x00000000        0x0 c:/program files (x86)/gnu tools arm embedded/5.3 2016q1/bin/../lib/gcc/arm-none-eabi/5.3.1/armv7e-m\libgcc.a(_arm_truncdfsf2.o)
 .data          0x00000000        0x0 c:/program files (x86)/gnu tools arm embedded/5.3 2016q1/bin/../lib/gcc/arm-none-eabi/5.3.1/armv7e-m\libgcc.a(_arm_addsubsf3.o)
 .bss           0x00000000        0x0 c:/program files (x86)/gnu tools arm embedded/5.3 2016q1/bin/../lib/gcc/arm-none-eabi/5.3.1/armv7e-m\libgcc.a(_arm_addsubsf3.o)
 .data          0x00000000        0x0 c:/program files (x86)/gnu tools arm embedded/5.3 2016q1/bin/../lib/gcc/arm-none-eabi/5.3.1/armv7e-m\libgcc.a(_arm_muldivsf3.o)
 .bss           0x00000000        0x0 c:/program files (x86)/gnu tools arm embedded/5.3 2016q1/bin/../lib/gcc/arm-none-eabi/5.3.1/armv7e-m\libgcc.a(_arm_muldivsf3.o)
 .data          0x00000000        0x0 c:/program files (x86)/gnu tools arm embedded/5.3 2016q1/bin/../lib/gcc/arm-none-eabi/5.3.1/armv7e-m\libgcc.a(_arm_cmpsf2.o)
 .bss           0x00000000        0x0 c:/program files (x86)/gnu tools arm embedded/5.3 2016q1/bin/../lib/gcc/arm-none-eabi/5.3.1/armv7e-m\libgcc.a(_arm_cmpsf2.o)
 .data          0x00000000        0x0 c:/program files (x86)/gnu tools arm embedded/5.3 2016q1/bin/../lib/gcc/arm-none-eabi/5.3.1/armv7e-m\libgcc.a(_arm_fixsfsi.o)
 .bss           0x00000000        0x0 c:/program files (x86)/gnu tools arm embedded/5.3 2016q1/bin/../lib/gcc/arm-none-eabi/5.3.1/armv7e-m\libgcc.a(_arm_fixsfsi.o)
 .text          0x00000000        0x0 c:/program files (x86)/gnu tools arm embedded/5.3 2016q1/bin/../lib/gcc/arm-none-eabi/5.3.1/../../../../arm-none-eabi/lib/armv7e-m\libg.a(lib_a-errno.o)
 .data          0x00000000        0x0 c:/program files (x86)/gnu tools arm embedded/5.3 2016q1/bin/../lib/gcc/arm-none-eabi/5.3.1/../../../../arm-none-eabi/lib/armv7e-m\libg.a(lib_a-errno.o)
 .bss           0x00000000        0x0 c:/program files (x86)/gnu tools arm embedded/5.3 2016q1/bin/../lib/gcc/arm-none-eabi/5.3.1/../../../../arm-none-eabi/lib/armv7e-m\libg.a(lib_a-errno.o)
 .text          0x00000000        0x0 c:/program files (x86)/gnu tools arm embedded/5.3 2016q1/bin/../lib/gcc/arm-none-eabi/5.3.1/../../../../arm-none-eabi/lib/armv7e-m\libg.a(lib_a-impure.o)
 .data          0x00000000        0x0 c:/program files (x86)/gnu tools arm embedded/5.3 2016q1/bin/../lib/gcc/arm-none-eabi/5.3.1/../../../../arm-none-eabi/lib/armv7e-m\libg.a(lib_a-impure.o)
 .bss           0x00000000        0x0 c:/program files (x86)/gnu tools arm embedded/5.3 2016q1/bin/../lib/gcc/arm-none-eabi/5.3.1/../../../../arm-none-eabi/lib/armv7e-m\libg.a(lib_a-impure.o)
 .rodata._global_impure_ptr
                0x00000000        0x4 c:/program files (x86)/gnu tools arm embedded/5.3 2016q1/bin/../lib/gcc/arm-none-eabi/5.3.1/../../../../arm-none-eabi/lib/armv7e-m\libg.a(lib_a-impure.o)

Memory Configuration

Name             Origin             Length             Attributes
rom              0x08000000         0x00100000         xr
ram              0x20000000         0x00020000         xrw
ram1             0x10000000         0x00010000         xrw
*default*        0x00000000         0xffffffff

Linker script and memory map

                0x20020000                _eram = 0x20020000

.text           0x08000000     0x690c
 *(.isr_vector)
 .isr_vector    0x08000000      0x188 ..\obj\startup_stm32f4xx.o
                0x08000000                g_pfnVectors
 *(.text*)
 .text.Default_Reset_Handler
                0x08000188       0x5c ..\obj\startup_stm32f4xx.o
                0x08000188                Default_Reset_Handler
                0x08000188                Reset_Handler
 .text.Default_Handler
                0x080001e4        0x8 ..\obj\startup_stm32f4xx.o
                0x080001e4                RTC_Alarm_IRQHandler
                0x080001e4                HASH_RNG_IRQHandler
                0x080001e4                EXTI2_IRQHandler
                0x080001e4                TIM8_CC_IRQHandler
                0x080001e4                DebugMon_Handler
                0x080001e4                TIM1_CC_IRQHandler
                0x080001e4                HardFault_Handler
                0x080001e4                DMA1_Stream5_IRQHandler
                0x080001e4                SysTick_Handler
                0x080001e4                PVD_IRQHandler
                0x080001e4                SDIO_IRQHandler
                0x080001e4                TAMP_STAMP_IRQHandler
                0x080001e4                PendSV_Handler
                0x080001e4                NMI_Handler
                0x080001e4                CAN2_RX1_IRQHandler
                0x080001e4                EXTI3_IRQHandler
                0x080001e4                TIM8_TRG_COM_TIM14_IRQHandler
                0x080001e4                TIM1_UP_TIM10_IRQHandler
                0x080001e4                TIM8_UP_TIM13_IRQHandler
                0x080001e4                I2C3_ER_IRQHandler
                0x080001e4                EXTI0_IRQHandler
                0x080001e4                I2C2_EV_IRQHandler
                0x080001e4                DMA1_Stream2_IRQHandler
                0x080001e4                CAN1_RX0_IRQHandler
                0x080001e4                FPU_IRQHandler
                0x080001e4                OTG_HS_WKUP_IRQHandler
                0x080001e4                UsageFault_Handler
                0x080001e4                CAN2_SCE_IRQHandler
                0x080001e4                DMA2_Stream2_IRQHandler
                0x080001e4                SPI1_IRQHandler
                0x080001e4                TIM6_DAC_IRQHandler
                0x080001e4                TIM1_BRK_TIM9_IRQHandler
                0x080001e4                DCMI_IRQHandler
                0x080001e4                CAN2_RX0_IRQHandler
                0x080001e4                DMA2_Stream3_IRQHandler
                0x080001e4                USART6_IRQHandler
                0x080001e4                USART3_IRQHandler
                0x080001e4                CRYP_IRQHandler
                0x080001e4                CAN1_RX1_IRQHandler
                0x080001e4                UART5_IRQHandler
                0x080001e4                DMA2_Stream0_IRQHandler
                0x080001e4                TIM4_IRQHandler
                0x080001e4                I2C1_EV_IRQHandler
                0x080001e4                DMA1_Stream6_IRQHandler
                0x080001e4                DMA1_Stream1_IRQHandler
                0x080001e4                UART4_IRQHandler
                0x080001e4                TIM3_IRQHandler
                0x080001e4                RCC_IRQHandler
                0x080001e4                TIM8_BRK_TIM12_IRQHandler
                0x080001e4                EXTI15_10_IRQHandler
                0x080001e4                ADC_IRQHandler
                0x080001e4                DMA1_Stream7_IRQHandler
                0x080001e4                TIM7_IRQHandler
                0x080001e4                CAN2_TX_IRQHandler
                0x080001e4                TIM5_IRQHandler
                0x080001e4                DMA2_Stream7_IRQHandler
                0x080001e4                I2C3_EV_IRQHandler
                0x080001e4                EXTI9_5_IRQHandler
                0x080001e4                RTC_WKUP_IRQHandler
                0x080001e4                ETH_WKUP_IRQHandler
                0x080001e4                SPI2_IRQHandler
                0x080001e4                OTG_HS_EP1_IN_IRQHandler
                0x080001e4                MemManage_Handler
                0x080001e4                DMA1_Stream0_IRQHandler
                0x080001e4                CAN1_TX_IRQHandler
                0x080001e4                SVC_Handler
                0x080001e4                EXTI4_IRQHandler
                0x080001e4                FSMC_IRQHandler
                0x080001e4                ETH_IRQHandler
                0x080001e4                OTG_HS_EP1_OUT_IRQHandler
                0x080001e4                WWDG_IRQHandler
                0x080001e4                OTG_FS_WKUP_IRQHandler
                0x080001e4                TIM1_TRG_COM_TIM11_IRQHandler
                0x080001e4                OTG_HS_IRQHandler
                0x080001e4                EXTI1_IRQHandler
                0x080001e4                USART2_IRQHandler
                0x080001e4                I2C2_ER_IRQHandler
                0x080001e4                DMA2_Stream1_IRQHandler
                0x080001e4                CAN1_SCE_IRQHandler
                0x080001e4                FLASH_IRQHandler
                0x080001e4                DMA2_Stream4_IRQHandler
                0x080001e4                BusFault_Handler
                0x080001e4                USART1_IRQHandler
                0x080001e4                OTG_FS_IRQHandler
                0x080001e4                SPI3_IRQHandler
                0x080001e4                DMA1_Stream4_IRQHandler
                0x080001e4                I2C1_ER_IRQHandler
                0x080001e4                DMA2_Stream6_IRQHandler
                0x080001e4                DMA1_Stream3_IRQHandler
 .text.main     0x080001ec       0xf4 ..\obj\main.o
                0x080001ec                main
 .text.RCC_AHB1PeriphClockCmd
                0x080002e0       0x3c ..\obj\stm32f4xx_rcc.o
                0x080002e0                RCC_AHB1PeriphClockCmd
 .text.RCC_APB1PeriphClockCmd
                0x0800031c       0x3c ..\obj\stm32f4xx_rcc.o
                0x0800031c                RCC_APB1PeriphClockCmd
 .text.RCC_APB2PeriphClockCmd
                0x08000358       0x3c ..\obj\stm32f4xx_rcc.o
                0x08000358                RCC_APB2PeriphClockCmd
 .text.SetTextColor
                0x08000394       0x20 ..\obj\text.o
                0x08000394                SetTextColor
 .text.SetFont  0x080003b4       0x38 ..\obj\text.o
                0x080003b4                SetFont
 .text.DrawChar
                0x080003ec       0xe4 ..\obj\text.o
                0x080003ec                DrawChar
 .text.DrawString
                0x080004d0       0x60 ..\obj\text.o
                0x080004d0                DrawString
 .text.GPIO_Init
                0x08000530      0x11c ..\obj\stm32f4xx_gpio.o
                0x08000530                GPIO_Init
 .text.GPIO_PinAFConfig
                0x0800064c       0x90 ..\obj\stm32f4xx_gpio.o
                0x0800064c                GPIO_PinAFConfig
 .text.SystemInit
                0x080006dc       0x5c ..\obj\system_stm32f4xx.o
                0x080006dc                SystemInit
 .text.SetSysClock
                0x08000738       0xf4 ..\obj\system_stm32f4xx.o
 .text.DMA_DeInit
                0x0800082c      0x1a4 ..\obj\stm32f4xx_dma.o
                0x0800082c                DMA_DeInit
 .text.DMA_Init
                0x080009d0       0xac ..\obj\stm32f4xx_dma.o
                0x080009d0                DMA_Init
 .text.DMA_Cmd  0x08000a7c       0x38 ..\obj\stm32f4xx_dma.o
                0x08000a7c                DMA_Cmd
 .text.DMA_ITConfig
                0x08000ab4       0x74 ..\obj\stm32f4xx_dma.o
                0x08000ab4                DMA_ITConfig
 .text.DMA_GetITStatus
                0x08000b28       0xac ..\obj\stm32f4xx_dma.o
                0x08000b28                DMA_GetITStatus
 .text.DMA_ClearITPendingBit
                0x08000bd4       0x5c ..\obj\stm32f4xx_dma.o
                0x08000bd4                DMA_ClearITPendingBit
 .text.UB_VGA_Screen_Init
                0x08000c30       0x80 ..\obj\stm32_ub_vga_screen.o
                0x08000c30                UB_VGA_Screen_Init
 .text.UB_VGA_FillScreen
                0x08000cb0       0x44 ..\obj\stm32_ub_vga_screen.o
                0x08000cb0                UB_VGA_FillScreen
 .text.UB_VGA_SetPixel
                0x08000cf4       0x78 ..\obj\stm32_ub_vga_screen.o
                0x08000cf4                UB_VGA_SetPixel
 .text.P_VGA_InitIO
                0x08000d6c       0xa8 ..\obj\stm32_ub_vga_screen.o
                0x08000d6c                P_VGA_InitIO
 .text.P_VGA_InitTIM
                0x08000e14       0xcc ..\obj\stm32_ub_vga_screen.o
                0x08000e14                P_VGA_InitTIM
 .text.P_VGA_InitINT
                0x08000ee0       0x58 ..\obj\stm32_ub_vga_screen.o
                0x08000ee0                P_VGA_InitINT
 .text.P_VGA_InitDMA
                0x08000f38       0x90 ..\obj\stm32_ub_vga_screen.o
                0x08000f38                P_VGA_InitDMA
 .text.TIM2_IRQHandler
                0x08000fc8       0xbc ..\obj\stm32_ub_vga_screen.o
                0x08000fc8                TIM2_IRQHandler
 .text.DMA2_Stream5_IRQHandler
                0x08001084       0x4c ..\obj\stm32_ub_vga_screen.o
                0x08001084                DMA2_Stream5_IRQHandler
 .text.NVIC_Init
                0x080010d0       0xc0 ..\obj\misc.o
                0x080010d0                NVIC_Init
 .text.InitMiddle
                0x08001190       0x20 ..\obj\middle.o
                0x08001190                InitMiddle
 .text.SetLineColor
                0x080011b0       0x20 ..\obj\middle.o
                0x080011b0                SetLineColor
 .text.SetFillColor
                0x080011d0       0x20 ..\obj\middle.o
                0x080011d0                SetFillColor
 .text.DrawPixel
                0x080011f0       0x28 ..\obj\middle.o
                0x080011f0                DrawPixel
 .text.DrawCircle
                0x08001218      0x204 ..\obj\middle.o
                0x08001218                DrawCircle
 .text.DrawRectangle
                0x0800141c       0xe0 ..\obj\middle.o
                0x0800141c                DrawRectangle
 .text.DrawLineCol
                0x080014fc      0x114 ..\obj\middle.o
                0x080014fc                DrawLineCol
 .text.DrawLine
                0x08001610       0x2c ..\obj\middle.o
                0x08001610                DrawLine
 .text.DrawTriangle
                0x0800163c      0x360 ..\obj\middle.o
                0x0800163c                DrawTriangle
 .text.DrawSimpleTriangle
                0x0800199c      0x1a8 ..\obj\middle.o
                0x0800199c                DrawSimpleTriangle
 .text.DrawEllipse
                0x08001b44      0x608 ..\obj\middle.o
                0x08001b44                DrawEllipse
 .text.TIM_TimeBaseInit
                0x0800214c       0xd4 ..\obj\stm32f4xx_tim.o
                0x0800214c                TIM_TimeBaseInit
 .text.TIM_ARRPreloadConfig
                0x08002220       0x40 ..\obj\stm32f4xx_tim.o
                0x08002220                TIM_ARRPreloadConfig
 .text.TIM_Cmd  0x08002260       0x40 ..\obj\stm32f4xx_tim.o
                0x08002260                TIM_Cmd
 .text.TIM_OC3Init
                0x080022a0      0x10c ..\obj\stm32f4xx_tim.o
                0x080022a0                TIM_OC3Init
 .text.TIM_OC4Init
                0x080023ac       0xcc ..\obj\stm32f4xx_tim.o
                0x080023ac                TIM_OC4Init
 .text.TIM_OC3PreloadConfig
                0x08002478       0x38 ..\obj\stm32f4xx_tim.o
                0x08002478                TIM_OC3PreloadConfig
 .text.TIM_OC4PreloadConfig
                0x080024b0       0x3c ..\obj\stm32f4xx_tim.o
                0x080024b0                TIM_OC4PreloadConfig
 .text.TIM_ITConfig
                0x080024ec       0x48 ..\obj\stm32f4xx_tim.o
                0x080024ec                TIM_ITConfig
 .text.TIM_ClearITPendingBit
                0x08002534       0x20 ..\obj\stm32f4xx_tim.o
                0x08002534                TIM_ClearITPendingBit
 .text.TIM_DMACmd
                0x08002554       0x48 ..\obj\stm32f4xx_tim.o
                0x08002554                TIM_DMACmd
 .text.sqrt     0x0800259c       0xb8 c:/program files (x86)/gnu tools arm embedded/5.3 2016q1/bin/../lib/gcc/arm-none-eabi/5.3.1/../../../../arm-none-eabi/lib/armv7e-m\libm.a(lib_a-w_sqrt.o)
                0x0800259c                sqrt
 .text.__ieee754_sqrt
                0x08002654      0x180 c:/program files (x86)/gnu tools arm embedded/5.3 2016q1/bin/../lib/gcc/arm-none-eabi/5.3.1/../../../../arm-none-eabi/lib/armv7e-m\libm.a(lib_a-e_sqrt.o)
                0x08002654                __ieee754_sqrt
 .text.matherr  0x080027d4        0x4 c:/program files (x86)/gnu tools arm embedded/5.3 2016q1/bin/../lib/gcc/arm-none-eabi/5.3.1/../../../../arm-none-eabi/lib/armv7e-m\libm.a(lib_a-s_matherr.o)
                0x080027d4                matherr
 .text          0x080027d8      0x370 c:/program files (x86)/gnu tools arm embedded/5.3 2016q1/bin/../lib/gcc/arm-none-eabi/5.3.1/armv7e-m\libgcc.a(_arm_addsubdf3.o)
                0x080027d8                __aeabi_drsub
                0x080027e0                __aeabi_dsub
                0x080027e0                __subdf3
                0x080027e4                __aeabi_dadd
                0x080027e4                __adddf3
                0x08002a5c                __floatunsidf
                0x08002a5c                __aeabi_ui2d
                0x08002a7c                __floatsidf
                0x08002a7c                __aeabi_i2d
                0x08002aa0                __aeabi_f2d
                0x08002aa0                __extendsfdf2
                0x08002adc                __floatundidf
                0x08002adc                __aeabi_ul2d
                0x08002aec                __floatdidf
                0x08002aec                __aeabi_l2d
 .text          0x08002b48      0x424 c:/program files (x86)/gnu tools arm embedded/5.3 2016q1/bin/../lib/gcc/arm-none-eabi/5.3.1/armv7e-m\libgcc.a(_arm_muldivdf3.o)
                0x08002b48                __aeabi_dmul
                0x08002b48                __muldf3
                0x08002d9c                __divdf3
                0x08002d9c                __aeabi_ddiv
 .text          0x08002f6c      0x110 c:/program files (x86)/gnu tools arm embedded/5.3 2016q1/bin/../lib/gcc/arm-none-eabi/5.3.1/armv7e-m\libgcc.a(_arm_cmpdf2.o)
                0x08002f6c                __gtdf2
                0x08002f6c                __gedf2
                0x08002f74                __ltdf2
                0x08002f74                __ledf2
                0x08002f7c                __nedf2
                0x08002f7c                __eqdf2
                0x08002f7c                __cmpdf2
                0x08002ff8                __aeabi_cdrcmple
                0x08003008                __aeabi_cdcmpeq
                0x08003008                __aeabi_cdcmple
                0x08003018                __aeabi_dcmpeq
                0x0800302c                __aeabi_dcmplt
                0x08003040                __aeabi_dcmple
                0x08003054                __aeabi_dcmpge
                0x08003068                __aeabi_dcmpgt
 .text          0x0800307c       0x2c c:/program files (x86)/gnu tools arm embedded/5.3 2016q1/bin/../lib/gcc/arm-none-eabi/5.3.1/armv7e-m\libgcc.a(_arm_unorddf2.o)
                0x0800307c                __unorddf2
                0x0800307c                __aeabi_dcmpun
 .text          0x080030a8       0x50 c:/program files (x86)/gnu tools arm embedded/5.3 2016q1/bin/../lib/gcc/arm-none-eabi/5.3.1/armv7e-m\libgcc.a(_arm_fixdfsi.o)
                0x080030a8                __aeabi_d2iz
                0x080030a8                __fixdfsi
 .text          0x080030f8       0xa0 c:/program files (x86)/gnu tools arm embedded/5.3 2016q1/bin/../lib/gcc/arm-none-eabi/5.3.1/armv7e-m\libgcc.a(_arm_truncdfsf2.o)
                0x080030f8                __truncdfsf2
                0x080030f8                __aeabi_d2f
 .text          0x08003198      0x21c c:/program files (x86)/gnu tools arm embedded/5.3 2016q1/bin/../lib/gcc/arm-none-eabi/5.3.1/armv7e-m\libgcc.a(_arm_addsubsf3.o)
                0x08003198                __aeabi_frsub
                0x080031a0                __subsf3
                0x080031a0                __aeabi_fsub
                0x080031a4                __aeabi_fadd
                0x080031a4                __addsf3
                0x08003304                __aeabi_ui2f
                0x08003304                __floatunsisf
                0x0800330c                __aeabi_i2f
                0x0800330c                __floatsisf
                0x08003328                __aeabi_ul2f
                0x08003328                __floatundisf
                0x08003338                __aeabi_l2f
                0x08003338                __floatdisf
 .text          0x080033b4      0x2a0 c:/program files (x86)/gnu tools arm embedded/5.3 2016q1/bin/../lib/gcc/arm-none-eabi/5.3.1/armv7e-m\libgcc.a(_arm_muldivsf3.o)
                0x080033b4                __mulsf3
                0x080033b4                __aeabi_fmul
                0x0800351c                __aeabi_fdiv
                0x0800351c                __divsf3
 .text          0x08003654       0xec c:/program files (x86)/gnu tools arm embedded/5.3 2016q1/bin/../lib/gcc/arm-none-eabi/5.3.1/armv7e-m\libgcc.a(_arm_cmpsf2.o)
                0x08003654                __gesf2
                0x08003654                __gtsf2
                0x0800365c                __lesf2
                0x0800365c                __ltsf2
                0x08003664                __nesf2
                0x08003664                __eqsf2
                0x08003664                __cmpsf2
                0x080036c4                __aeabi_cfrcmple
                0x080036cc                __aeabi_cfcmpeq
                0x080036cc                __aeabi_cfcmple
                0x080036dc                __aeabi_fcmpeq
                0x080036f0                __aeabi_fcmplt
                0x08003704                __aeabi_fcmple
                0x08003718                __aeabi_fcmpge
                0x0800372c                __aeabi_fcmpgt
 .text          0x08003740       0x4c c:/program files (x86)/gnu tools arm embedded/5.3 2016q1/bin/../lib/gcc/arm-none-eabi/5.3.1/armv7e-m\libgcc.a(_arm_fixsfsi.o)
                0x08003740                __aeabi_f2iz
                0x08003740                __fixsfsi
 .text.__errno  0x0800378c        0xc c:/program files (x86)/gnu tools arm embedded/5.3 2016q1/bin/../lib/gcc/arm-none-eabi/5.3.1/../../../../arm-none-eabi/lib/armv7e-m\libg.a(lib_a-errno.o)
                0x0800378c                __errno
 *(.init)
 *(.fini)
 *crtbegin.o(.ctors)
 *crtbegin?.o(.ctors)
 *(EXCLUDE_FILE(*crtend.o *crtend?.o) .ctors)
 *(SORT(.ctors.*))
 *(.ctors)
 *crtbegin.o(.dtors)
 *crtbegin?.o(.dtors)
 *(EXCLUDE_FILE(*crtend.o *crtend?.o) .dtors)
 *(SORT(.dtors.*))
 *(.dtors)
 *(.rodata*)
 .rodata        0x08003798     0x1090 ..\obj\arialCursive.o
                0x08003798                arialCursive_16ptBitmaps
                0x08004524                arialCursive_16ptDescriptors
                0x08004814                arialCursive_16ptFontInfo
 .rodata        0x08004828     0x1050 ..\obj\arialNormal.o
                0x08004828                arial_16ptBitmaps
                0x08005574                arial_16ptDescriptors
                0x08005864                arial_16ptFontInfo
 .rodata        0x08005878        0xd ..\obj\main.o
 *fill*         0x08005885        0x3 
 .rodata        0x08005888     0x1078 ..\obj\arialBold.o
                0x08005888                arialBold_16ptBitmaps
                0x080065fc                arialBold_16ptDescriptors
                0x080068ec                arialBold_16ptFontInfo
 .rodata.str1.4
                0x08006900        0x5 c:/program files (x86)/gnu tools arm embedded/5.3 2016q1/bin/../lib/gcc/arm-none-eabi/5.3.1/../../../../arm-none-eabi/lib/armv7e-m\libm.a(lib_a-w_sqrt.o)
 *fill*         0x08006905        0x3 
 .rodata.str1.4
                0x08006908        0x4 c:/program files (x86)/gnu tools arm embedded/5.3 2016q1/bin/../lib/gcc/arm-none-eabi/5.3.1/../../../../arm-none-eabi/lib/armv7e-m\libg.a(lib_a-impure.o)
                                  0x2 (size before relaxing)
 *(.eh_fram e*)

.glue_7         0x0800690c        0x0
 .glue_7        0x0800690c        0x0 linker stubs

.glue_7t        0x0800690c        0x0
 .glue_7t       0x0800690c        0x0 linker stubs

.vfp11_veneer   0x0800690c        0x0
 .vfp11_veneer  0x0800690c        0x0 linker stubs

.v4_bx          0x0800690c        0x0
 .v4_bx         0x0800690c        0x0 linker stubs

.iplt           0x0800690c        0x0
 .iplt          0x0800690c        0x0 ..\obj\arialCursive.o

.rel.dyn        0x0800690c        0x0
 .rel.iplt      0x0800690c        0x0 ..\obj\arialCursive.o

.ARM.extab
 *(.ARM.extab* .gnu.linkonce.armextab.*)
                0x0800690c                __exidx_start = .

.ARM.exidx
 *(.ARM.exidx* .gnu.linkonce.armexidx.*)
                0x0800690c                __exidx_end = .
                0x0800690c                __etext = .
                0x0800690c                _sidata = __etext

.data           0x20000000      0x444 load address 0x0800690c
                0x20000000                __data_start__ = .
                0x20000000                _sdata = __data_start__
 *(vtable)
 *(.data*)
 .data          0x20000000       0x10 ..\obj\text.o
                0x20000000                fArial16p
 .data.__fdlib_version
                0x20000010        0x1 c:/program files (x86)/gnu tools arm embedded/5.3 2016q1/bin/../lib/gcc/arm-none-eabi/5.3.1/../../../../arm-none-eabi/lib/armv7e-m\libm.a(lib_a-s_lib_ver.o)
                0x20000010                __fdlib_version
 *fill*         0x20000011        0x7 
 .data.impure_data
                0x20000018      0x428 c:/program files (x86)/gnu tools arm embedded/5.3 2016q1/bin/../lib/gcc/arm-none-eabi/5.3.1/../../../../arm-none-eabi/lib/armv7e-m\libg.a(lib_a-impure.o)
 .data._impure_ptr
                0x20000440        0x4 c:/program files (x86)/gnu tools arm embedded/5.3 2016q1/bin/../lib/gcc/arm-none-eabi/5.3.1/../../../../arm-none-eabi/lib/armv7e-m\libg.a(lib_a-impure.o)
                0x20000440                _impure_ptr
                0x20000444                . = ALIGN (0x4)
                [!provide]                PROVIDE (__preinit_array_start, .)
 *(.preinit_array)
                [!provide]                PROVIDE (__preinit_array_end, .)
                0x20000444                . = ALIGN (0x4)
                [!provide]                PROVIDE (__init_array_start, .)
 *(SORT(.init_array.*))
 *(.init_array)
                [!provide]                PROVIDE (__init_array_end, .)
                0x20000444                . = ALIGN (0x4)
                [!provide]                PROVIDE (__fini_array_start, .)
 *(SORT(.fini_array.*))
 *(.fini_array)
                [!provide]                PROVIDE (__fini_array_end, .)
 *(.jcr*)
                0x20000444                . = ALIGN (0x4)
                0x20000444                __data_end__ = .
                0x20000444                _edata = __data_end__

.igot.plt       0x20000444        0x0 load address 0x08006d50
 .igot.plt      0x20000444        0x0 ..\obj\arialCursive.o

.bss            0x20000444    0x12d08 load address 0x08006d50
                0x20000444                . = ALIGN (0x4)
                0x20000444                __bss_start__ = .
                0x20000444                _sbss = __bss_start__
 *(.bss*)
 *(COMMON)
 COMMON         0x20000444    0x12d08 ..\obj\main.o
                0x20000444                textColor
                0x20000445                fillColor
                0x20000448                VGA
                0x20000454                VGA_RAM1
                0x20013144                lineColor
                0x20013148                currentFontInfo
                0x2001314c                . = ALIGN (0x4)
                0x2001314c                __bss_end__ = .
                0x2001314c                _ebss = __bss_end__

.heap           0x2001314c        0x0
                0x2001314c                __end__ = .
                0x2001314c                _end = __end__
                0x2001314c                end = __end__
 *(.heap*)
                0x2001314c                __HeapLimit = .

.co_stack       0x2001314c      0x804 load address 0x08019a58
                0x20013150                . = ALIGN (0x8)
 *fill*         0x2001314c        0x4 
 *(.co_stack .co_stack.*)
 .co_stack      0x20013150      0x800 ..\obj\startup_stm32f4xx.o
                0x20013150                pulStack
                0x20020000                __StackTop = (ORIGIN (ram) + LENGTH (ram))
                0x2001f7fc                __StackLimit = (__StackTop - SIZEOF (.co_stack))
                [!provide]                PROVIDE (__stack, __StackTop)
                0x00000001                ASSERT ((__StackLimit >= __HeapLimit), region ram  overflowed with stack)
LOAD ..\obj\arialCursive.o
LOAD ..\obj\arialNormal.o
LOAD ..\obj\startup_stm32f4xx.o
LOAD ..\obj\main.o
LOAD ..\obj\stm32f4xx_rcc.o
LOAD ..\obj\Font.o
LOAD ..\obj\text.o
LOAD ..\obj\stm32f4xx_gpio.o
LOAD ..\obj\system_stm32f4xx.o
LOAD ..\obj\syscalls.o
LOAD ..\obj\stm32f4xx_dma.o
LOAD ..\obj\arialBold.o
LOAD ..\obj\stm32_ub_vga_screen.o
LOAD ..\obj\misc.o
LOAD ..\obj\middle.o
LOAD ..\obj\stm32f4xx_tim.o
LOAD c:/program files (x86)/gnu tools arm embedded/5.3 2016q1/bin/../lib/gcc/arm-none-eabi/5.3.1/../../../../arm-none-eabi/lib/armv7e-m\libm.a
START GROUP
LOAD c:/program files (x86)/gnu tools arm embedded/5.3 2016q1/bin/../lib/gcc/arm-none-eabi/5.3.1/armv7e-m\libgcc.a
LOAD c:/program files (x86)/gnu tools arm embedded/5.3 2016q1/bin/../lib/gcc/arm-none-eabi/5.3.1/../../../../arm-none-eabi/lib/armv7e-m\libg.a
LOAD c:/program files (x86)/gnu tools arm embedded/5.3 2016q1/bin/../lib/gcc/arm-none-eabi/5.3.1/../../../../arm-none-eabi/lib/armv7e-m\libc.a
END GROUP
OUTPUT(SoftwareOntwikkeling.elf elf32-littlearm)

.debug_info     0x00000000     0x5e0e
 .debug_info    0x00000000      0x132 ..\obj\arialCursive.o
 .debug_info    0x00000132      0x132 ..\obj\arialNormal.o
 .debug_info    0x00000264       0xf2 ..\obj\startup_stm32f4xx.o
 .debug_info    0x00000356      0x295 ..\obj\main.o
 .debug_info    0x000005eb      0xc63 ..\obj\stm32f4xx_rcc.o
 .debug_info    0x0000124e      0x383 ..\obj\text.o
 .debug_info    0x000015d1      0x61a ..\obj\stm32f4xx_gpio.o
 .debug_info    0x00001beb      0x5c5 ..\obj\system_stm32f4xx.o
 .debug_info    0x000021b0      0x741 ..\obj\stm32f4xx_dma.o
 .debug_info    0x000028f1      0x132 ..\obj\arialBold.o
 .debug_info    0x00002a23      0xad9 ..\obj\stm32_ub_vga_screen.o
 .debug_info    0x000034fc      0x556 ..\obj\misc.o
 .debug_info    0x00003a52      0x753 ..\obj\middle.o
 .debug_info    0x000041a5     0x1c69 ..\obj\stm32f4xx_tim.o

.debug_abbrev   0x00000000     0x1091
 .debug_abbrev  0x00000000       0x9a ..\obj\arialCursive.o
 .debug_abbrev  0x0000009a       0x9a ..\obj\arialNormal.o
 .debug_abbrev  0x00000134       0xb0 ..\obj\startup_stm32f4xx.o
 .debug_abbrev  0x000001e4       0xdf ..\obj\main.o
 .debug_abbrev  0x000002c3      0x1e5 ..\obj\stm32f4xx_rcc.o
 .debug_abbrev  0x000004a8      0x142 ..\obj\text.o
 .debug_abbrev  0x000005ea      0x1a7 ..\obj\stm32f4xx_gpio.o
 .debug_abbrev  0x00000791      0x138 ..\obj\system_stm32f4xx.o
 .debug_abbrev  0x000008c9      0x157 ..\obj\stm32f4xx_dma.o
 .debug_abbrev  0x00000a20       0x9a ..\obj\arialBold.o
 .debug_abbrev  0x00000aba      0x1d0 ..\obj\stm32_ub_vga_screen.o
 .debug_abbrev  0x00000c8a      0x147 ..\obj\misc.o
 .debug_abbrev  0x00000dd1      0x137 ..\obj\middle.o
 .debug_abbrev  0x00000f08      0x189 ..\obj\stm32f4xx_tim.o

.debug_aranges  0x00000000      0x7b0
 .debug_aranges
                0x00000000       0x18 ..\obj\arialCursive.o
 .debug_aranges
                0x00000018       0x18 ..\obj\arialNormal.o
 .debug_aranges
                0x00000030       0x28 ..\obj\startup_stm32f4xx.o
 .debug_aranges
                0x00000058       0x20 ..\obj\main.o
 .debug_aranges
                0x00000078      0x178 ..\obj\stm32f4xx_rcc.o
 .debug_aranges
                0x000001f0       0x38 ..\obj\text.o
 .debug_aranges
                0x00000228       0x88 ..\obj\stm32f4xx_gpio.o
 .debug_aranges
                0x000002b0       0x30 ..\obj\system_stm32f4xx.o
 .debug_aranges
                0x000002e0       0xb0 ..\obj\stm32f4xx_dma.o
 .debug_aranges
                0x00000390       0x18 ..\obj\arialBold.o
 .debug_aranges
                0x000003a8       0x60 ..\obj\stm32_ub_vga_screen.o
 .debug_aranges
                0x00000408       0x40 ..\obj\misc.o
 .debug_aranges
                0x00000448       0x70 ..\obj\middle.o
 .debug_aranges
                0x000004b8      0x2f8 ..\obj\stm32f4xx_tim.o

.debug_line     0x00000000     0x2900
 .debug_line    0x00000000       0x61 ..\obj\arialCursive.o
 .debug_line    0x00000061       0x60 ..\obj\arialNormal.o
 .debug_line    0x000000c1       0xa1 ..\obj\startup_stm32f4xx.o
 .debug_line    0x00000162      0x1ed ..\obj\main.o
 .debug_line    0x0000034f      0x5c5 ..\obj\stm32f4xx_rcc.o
 .debug_line    0x00000914      0x123 ..\obj\text.o
 .debug_line    0x00000a37      0x380 ..\obj\stm32f4xx_gpio.o
 .debug_line    0x00000db7      0x202 ..\obj\system_stm32f4xx.o
 .debug_line    0x00000fb9      0x44a ..\obj\stm32f4xx_dma.o
 .debug_line    0x00001403       0x5e ..\obj\arialBold.o
 .debug_line    0x00001461      0x3b2 ..\obj\stm32_ub_vga_screen.o
 .debug_line    0x00001813      0x25e ..\obj\misc.o
 .debug_line    0x00001a71      0x3ae ..\obj\middle.o
 .debug_line    0x00001e1f      0xae1 ..\obj\stm32f4xx_tim.o

.debug_str      0x00000000     0x28de
 .debug_str     0x00000000      0x17f ..\obj\arialCursive.o
                                0x18a (size before relaxing)
 .debug_str     0x0000017f       0x71 ..\obj\arialNormal.o
                                0x174 (size before relaxing)
 .debug_str     0x000001f0       0xb0 ..\obj\startup_stm32f4xx.o
                                0x147 (size before relaxing)
 .debug_str     0x000002a0      0x147 ..\obj\main.o
                                0x2a7 (size before relaxing)
 .debug_str     0x000003e7      0x6b4 ..\obj\stm32f4xx_rcc.o
                                0x850 (size before relaxing)
 .debug_str     0x00000a9b      0x12b ..\obj\text.o
                                0x2b4 (size before relaxing)
 .debug_str     0x00000bc6      0x328 ..\obj\stm32f4xx_gpio.o
                                0x4a3 (size before relaxing)
 .debug_str     0x00000eee      0x118 ..\obj\system_stm32f4xx.o
                                0x3aa (size before relaxing)
 .debug_str     0x00001006      0x397 ..\obj\stm32f4xx_dma.o
                                0x542 (size before relaxing)
 .debug_str     0x0000139d       0x64 ..\obj\arialBold.o
                                0x17e (size before relaxing)
 .debug_str     0x00001401      0x834 ..\obj\stm32_ub_vga_screen.o
                                0xcdd (size before relaxing)
 .debug_str     0x00001c35      0x15a ..\obj\misc.o
                                0x3ce (size before relaxing)
 .debug_str     0x00001d8f      0x151 ..\obj\middle.o
                                0x327 (size before relaxing)
 .debug_str     0x00001ee0      0x9fe ..\obj\stm32f4xx_tim.o
                                0xdd0 (size before relaxing)

.comment        0x00000000       0x6e
 .comment       0x00000000       0x6e ..\obj\arialCursive.o
                                 0x6f (size before relaxing)
 .comment       0x0000006e       0x6f ..\obj\arialNormal.o
 .comment       0x0000006e       0x6f ..\obj\startup_stm32f4xx.o
 .comment       0x0000006e       0x6f ..\obj\main.o
 .comment       0x0000006e       0x6f ..\obj\stm32f4xx_rcc.o
 .comment       0x0000006e       0x6f ..\obj\text.o
 .comment       0x0000006e       0x6f ..\obj\stm32f4xx_gpio.o
 .comment       0x0000006e       0x6f ..\obj\system_stm32f4xx.o
 .comment       0x0000006e       0x6f ..\obj\stm32f4xx_dma.o
 .comment       0x0000006e       0x6f ..\obj\arialBold.o
 .comment       0x0000006e       0x6f ..\obj\stm32_ub_vga_screen.o
 .comment       0x0000006e       0x6f ..\obj\misc.o
 .comment       0x0000006e       0x6f ..\obj\middle.o
 .comment       0x0000006e       0x6f ..\obj\stm32f4xx_tim.o

.ARM.attributes
                0x00000000       0x33
 .ARM.attributes
                0x00000000       0x33 ..\obj\arialCursive.o
 .ARM.attributes
                0x00000033       0x33 ..\obj\arialNormal.o
 .ARM.attributes
                0x00000066       0x33 ..\obj\startup_stm32f4xx.o
 .ARM.attributes
                0x00000099       0x33 ..\obj\main.o
 .ARM.attributes
                0x000000cc       0x33 ..\obj\stm32f4xx_rcc.o
 .ARM.attributes
                0x000000ff       0x33 ..\obj\text.o
 .ARM.attributes
                0x00000132       0x33 ..\obj\stm32f4xx_gpio.o
 .ARM.attributes
                0x00000165       0x33 ..\obj\system_stm32f4xx.o
 .ARM.attributes
                0x00000198       0x33 ..\obj\stm32f4xx_dma.o
 .ARM.attributes
                0x000001cb       0x33 ..\obj\arialBold.o
 .ARM.attributes
                0x000001fe       0x33 ..\obj\stm32_ub_vga_screen.o
 .ARM.attributes
                0x00000231       0x33 ..\obj\misc.o
 .ARM.attributes
                0x00000264       0x33 ..\obj\middle.o
 .ARM.attributes
                0x00000297       0x33 ..\obj\stm32f4xx_tim.o
 .ARM.attributes
                0x000002ca       0x2e c:/program files (x86)/gnu tools arm embedded/5.3 2016q1/bin/../lib/gcc/arm-none-eabi/5.3.1/../../../../arm-none-eabi/lib/armv7e-m\libm.a(lib_a-w_sqrt.o)
 .ARM.attributes
                0x000002f8       0x2e c:/program files (x86)/gnu tools arm embedded/5.3 2016q1/bin/../lib/gcc/arm-none-eabi/5.3.1/../../../../arm-none-eabi/lib/armv7e-m\libm.a(lib_a-e_sqrt.o)
 .ARM.attributes
                0x00000326       0x2e c:/program files (x86)/gnu tools arm embedded/5.3 2016q1/bin/../lib/gcc/arm-none-eabi/5.3.1/../../../../arm-none-eabi/lib/armv7e-m\libm.a(lib_a-s_lib_ver.o)
 .ARM.attributes
                0x00000354       0x2e c:/program files (x86)/gnu tools arm embedded/5.3 2016q1/bin/../lib/gcc/arm-none-eabi/5.3.1/../../../../arm-none-eabi/lib/armv7e-m\libm.a(lib_a-s_matherr.o)
 .ARM.attributes
                0x00000382       0x1e c:/program files (x86)/gnu tools arm embedded/5.3 2016q1/bin/../lib/gcc/arm-none-eabi/5.3.1/armv7e-m\libgcc.a(_arm_addsubdf3.o)
 .ARM.attributes
                0x000003a0       0x1e c:/program files (x86)/gnu tools arm embedded/5.3 2016q1/bin/../lib/gcc/arm-none-eabi/5.3.1/armv7e-m\libgcc.a(_arm_muldivdf3.o)
 .ARM.attributes
                0x000003be       0x1e c:/program files (x86)/gnu tools arm embedded/5.3 2016q1/bin/../lib/gcc/arm-none-eabi/5.3.1/armv7e-m\libgcc.a(_arm_cmpdf2.o)
 .ARM.attributes
                0x000003dc       0x1e c:/program files (x86)/gnu tools arm embedded/5.3 2016q1/bin/../lib/gcc/arm-none-eabi/5.3.1/armv7e-m\libgcc.a(_arm_unorddf2.o)
 .ARM.attributes
                0x000003fa       0x1e c:/program files (x86)/gnu tools arm embedded/5.3 2016q1/bin/../lib/gcc/arm-none-eabi/5.3.1/armv7e-m\libgcc.a(_arm_fixdfsi.o)
 .ARM.attributes
                0x00000418       0x1e c:/program files (x86)/gnu tools arm embedded/5.3 2016q1/bin/../lib/gcc/arm-none-eabi/5.3.1/armv7e-m\libgcc.a(_arm_truncdfsf2.o)
 .ARM.attributes
                0x00000436       0x1e c:/program files (x86)/gnu tools arm embedded/5.3 2016q1/bin/../lib/gcc/arm-none-eabi/5.3.1/armv7e-m\libgcc.a(_arm_addsubsf3.o)
 .ARM.attributes
                0x00000454       0x1e c:/program files (x86)/gnu tools arm embedded/5.3 2016q1/bin/../lib/gcc/arm-none-eabi/5.3.1/armv7e-m\libgcc.a(_arm_muldivsf3.o)
 .ARM.attributes
                0x00000472       0x1e c:/program files (x86)/gnu tools arm embedded/5.3 2016q1/bin/../lib/gcc/arm-none-eabi/5.3.1/armv7e-m\libgcc.a(_arm_cmpsf2.o)
 .ARM.attributes
                0x00000490       0x1e c:/program files (x86)/gnu tools arm embedded/5.3 2016q1/bin/../lib/gcc/arm-none-eabi/5.3.1/armv7e-m\libgcc.a(_arm_fixsfsi.o)
 .ARM.attributes
                0x000004ae       0x2e c:/program files (x86)/gnu tools arm embedded/5.3 2016q1/bin/../lib/gcc/arm-none-eabi/5.3.1/../../../../arm-none-eabi/lib/armv7e-m\libg.a(lib_a-errno.o)
 .ARM.attributes
                0x000004dc       0x2e c:/program files (x86)/gnu tools arm embedded/5.3 2016q1/bin/../lib/gcc/arm-none-eabi/5.3.1/../../../../arm-none-eabi/lib/armv7e-m\libg.a(lib_a-impure.o)

.debug_ranges   0x00000000      0x6b8
 .debug_ranges  0x00000000       0x18 ..\obj\startup_stm32f4xx.o
 .debug_ranges  0x00000018       0x10 ..\obj\main.o
 .debug_ranges  0x00000028      0x168 ..\obj\stm32f4xx_rcc.o
 .debug_ranges  0x00000190       0x28 ..\obj\text.o
 .debug_ranges  0x000001b8       0x78 ..\obj\stm32f4xx_gpio.o
 .debug_ranges  0x00000230       0x20 ..\obj\system_stm32f4xx.o
 .debug_ranges  0x00000250       0xa0 ..\obj\stm32f4xx_dma.o
 .debug_ranges  0x000002f0       0x50 ..\obj\stm32_ub_vga_screen.o
 .debug_ranges  0x00000340       0x30 ..\obj\misc.o
 .debug_ranges  0x00000370       0x60 ..\obj\middle.o
 .debug_ranges  0x000003d0      0x2e8 ..\obj\stm32f4xx_tim.o

.debug_frame    0x00000000     0x209c
 .debug_frame   0x00000000       0x4c ..\obj\startup_stm32f4xx.o
 .debug_frame   0x0000004c       0x30 ..\obj\main.o
 .debug_frame   0x0000007c      0x6d4 ..\obj\stm32f4xx_rcc.o
 .debug_frame   0x00000750       0xa8 ..\obj\text.o
 .debug_frame   0x000007f8      0x23c ..\obj\stm32f4xx_gpio.o
 .debug_frame   0x00000a34       0x7c ..\obj\system_stm32f4xx.o
 .debug_frame   0x00000ab0      0x308 ..\obj\stm32f4xx_dma.o
 .debug_frame   0x00000db8      0x148 ..\obj\stm32_ub_vga_screen.o
 .debug_frame   0x00000f00       0xd8 ..\obj\misc.o
 .debug_frame   0x00000fd8      0x1b8 ..\obj\middle.o
 .debug_frame   0x00001190      0xe54 ..\obj\stm32f4xx_tim.o
 .debug_frame   0x00001fe4       0x44 c:/program files (x86)/gnu tools arm embedded/5.3 2016q1/bin/../lib/gcc/arm-none-eabi/5.3.1/../../../../arm-none-eabi/lib/armv7e-m\libm.a(lib_a-w_sqrt.o)
 .debug_frame   0x00002028       0x34 c:/program files (x86)/gnu tools arm embedded/5.3 2016q1/bin/../lib/gcc/arm-none-eabi/5.3.1/../../../../arm-none-eabi/lib/armv7e-m\libm.a(lib_a-e_sqrt.o)
 .debug_frame   0x0000205c       0x20 c:/program files (x86)/gnu tools arm embedded/5.3 2016q1/bin/../lib/gcc/arm-none-eabi/5.3.1/../../../../arm-none-eabi/lib/armv7e-m\libm.a(lib_a-s_matherr.o)
 .debug_frame   0x0000207c       0x20 c:/program files (x86)/gnu tools arm embedded/5.3 2016q1/bin/../lib/gcc/arm-none-eabi/5.3.1/../../../../arm-none-eabi/lib/armv7e-m\libg.a(lib_a-errno.o)
