Archive member included to satisfy reference by file (symbol)

c:/program files (x86)/gnu tools arm embedded/5.3 2016q1/bin/../lib/gcc/arm-none-eabi/5.3.1/../../../../arm-none-eabi/lib/armv7e-m\libm.a(lib_a-s_ceil.o)
                              ..\obj\middle.o (ceil)
c:/program files (x86)/gnu tools arm embedded/5.3 2016q1/bin/../lib/gcc/arm-none-eabi/5.3.1/../../../../arm-none-eabi/lib/armv7e-m\libm.a(lib_a-s_cos.o)
                              ..\obj\middle.o (cos)
c:/program files (x86)/gnu tools arm embedded/5.3 2016q1/bin/../lib/gcc/arm-none-eabi/5.3.1/../../../../arm-none-eabi/lib/armv7e-m\libm.a(lib_a-s_sin.o)
                              ..\obj\middle.o (sin)
c:/program files (x86)/gnu tools arm embedded/5.3 2016q1/bin/../lib/gcc/arm-none-eabi/5.3.1/../../../../arm-none-eabi/lib/armv7e-m\libm.a(lib_a-w_sqrt.o)
                              ..\obj\middle.o (sqrt)
c:/program files (x86)/gnu tools arm embedded/5.3 2016q1/bin/../lib/gcc/arm-none-eabi/5.3.1/../../../../arm-none-eabi/lib/armv7e-m\libm.a(lib_a-e_rem_pio2.o)
                              c:/program files (x86)/gnu tools arm embedded/5.3 2016q1/bin/../lib/gcc/arm-none-eabi/5.3.1/../../../../arm-none-eabi/lib/armv7e-m\libm.a(lib_a-s_cos.o) (__ieee754_rem_pio2)
c:/program files (x86)/gnu tools arm embedded/5.3 2016q1/bin/../lib/gcc/arm-none-eabi/5.3.1/../../../../arm-none-eabi/lib/armv7e-m\libm.a(lib_a-e_sqrt.o)
                              c:/program files (x86)/gnu tools arm embedded/5.3 2016q1/bin/../lib/gcc/arm-none-eabi/5.3.1/../../../../arm-none-eabi/lib/armv7e-m\libm.a(lib_a-w_sqrt.o) (__ieee754_sqrt)
c:/program files (x86)/gnu tools arm embedded/5.3 2016q1/bin/../lib/gcc/arm-none-eabi/5.3.1/../../../../arm-none-eabi/lib/armv7e-m\libm.a(lib_a-k_cos.o)
                              c:/program files (x86)/gnu tools arm embedded/5.3 2016q1/bin/../lib/gcc/arm-none-eabi/5.3.1/../../../../arm-none-eabi/lib/armv7e-m\libm.a(lib_a-s_cos.o) (__kernel_cos)
c:/program files (x86)/gnu tools arm embedded/5.3 2016q1/bin/../lib/gcc/arm-none-eabi/5.3.1/../../../../arm-none-eabi/lib/armv7e-m\libm.a(lib_a-k_rem_pio2.o)
                              c:/program files (x86)/gnu tools arm embedded/5.3 2016q1/bin/../lib/gcc/arm-none-eabi/5.3.1/../../../../arm-none-eabi/lib/armv7e-m\libm.a(lib_a-e_rem_pio2.o) (__kernel_rem_pio2)
c:/program files (x86)/gnu tools arm embedded/5.3 2016q1/bin/../lib/gcc/arm-none-eabi/5.3.1/../../../../arm-none-eabi/lib/armv7e-m\libm.a(lib_a-k_sin.o)
                              c:/program files (x86)/gnu tools arm embedded/5.3 2016q1/bin/../lib/gcc/arm-none-eabi/5.3.1/../../../../arm-none-eabi/lib/armv7e-m\libm.a(lib_a-s_cos.o) (__kernel_sin)
c:/program files (x86)/gnu tools arm embedded/5.3 2016q1/bin/../lib/gcc/arm-none-eabi/5.3.1/../../../../arm-none-eabi/lib/armv7e-m\libm.a(lib_a-s_fabs.o)
                              c:/program files (x86)/gnu tools arm embedded/5.3 2016q1/bin/../lib/gcc/arm-none-eabi/5.3.1/../../../../arm-none-eabi/lib/armv7e-m\libm.a(lib_a-e_rem_pio2.o) (fabs)
c:/program files (x86)/gnu tools arm embedded/5.3 2016q1/bin/../lib/gcc/arm-none-eabi/5.3.1/../../../../arm-none-eabi/lib/armv7e-m\libm.a(lib_a-s_floor.o)
                              c:/program files (x86)/gnu tools arm embedded/5.3 2016q1/bin/../lib/gcc/arm-none-eabi/5.3.1/../../../../arm-none-eabi/lib/armv7e-m\libm.a(lib_a-k_rem_pio2.o) (floor)
c:/program files (x86)/gnu tools arm embedded/5.3 2016q1/bin/../lib/gcc/arm-none-eabi/5.3.1/../../../../arm-none-eabi/lib/armv7e-m\libm.a(lib_a-s_lib_ver.o)
                              c:/program files (x86)/gnu tools arm embedded/5.3 2016q1/bin/../lib/gcc/arm-none-eabi/5.3.1/../../../../arm-none-eabi/lib/armv7e-m\libm.a(lib_a-w_sqrt.o) (__fdlib_version)
c:/program files (x86)/gnu tools arm embedded/5.3 2016q1/bin/../lib/gcc/arm-none-eabi/5.3.1/../../../../arm-none-eabi/lib/armv7e-m\libm.a(lib_a-s_matherr.o)
                              c:/program files (x86)/gnu tools arm embedded/5.3 2016q1/bin/../lib/gcc/arm-none-eabi/5.3.1/../../../../arm-none-eabi/lib/armv7e-m\libm.a(lib_a-w_sqrt.o) (matherr)
c:/program files (x86)/gnu tools arm embedded/5.3 2016q1/bin/../lib/gcc/arm-none-eabi/5.3.1/../../../../arm-none-eabi/lib/armv7e-m\libm.a(lib_a-s_scalbn.o)
                              c:/program files (x86)/gnu tools arm embedded/5.3 2016q1/bin/../lib/gcc/arm-none-eabi/5.3.1/../../../../arm-none-eabi/lib/armv7e-m\libm.a(lib_a-k_rem_pio2.o) (scalbn)
c:/program files (x86)/gnu tools arm embedded/5.3 2016q1/bin/../lib/gcc/arm-none-eabi/5.3.1/../../../../arm-none-eabi/lib/armv7e-m\libm.a(lib_a-s_copysign.o)
                              c:/program files (x86)/gnu tools arm embedded/5.3 2016q1/bin/../lib/gcc/arm-none-eabi/5.3.1/../../../../arm-none-eabi/lib/armv7e-m\libm.a(lib_a-s_scalbn.o) (copysign)
c:/program files (x86)/gnu tools arm embedded/5.3 2016q1/bin/../lib/gcc/arm-none-eabi/5.3.1/armv7e-m\libgcc.a(_arm_addsubdf3.o)
                              c:/program files (x86)/gnu tools arm embedded/5.3 2016q1/bin/../lib/gcc/arm-none-eabi/5.3.1/../../../../arm-none-eabi/lib/armv7e-m\libm.a(lib_a-s_cos.o) (__aeabi_dsub)
c:/program files (x86)/gnu tools arm embedded/5.3 2016q1/bin/../lib/gcc/arm-none-eabi/5.3.1/armv7e-m\libgcc.a(_arm_muldivdf3.o)
                              ..\obj\middle.o (__aeabi_dmul)
c:/program files (x86)/gnu tools arm embedded/5.3 2016q1/bin/../lib/gcc/arm-none-eabi/5.3.1/armv7e-m\libgcc.a(_arm_cmpdf2.o)
                              c:/program files (x86)/gnu tools arm embedded/5.3 2016q1/bin/../lib/gcc/arm-none-eabi/5.3.1/../../../../arm-none-eabi/lib/armv7e-m\libm.a(lib_a-e_rem_pio2.o) (__aeabi_dcmpeq)
c:/program files (x86)/gnu tools arm embedded/5.3 2016q1/bin/../lib/gcc/arm-none-eabi/5.3.1/armv7e-m\libgcc.a(_arm_unorddf2.o)
                              c:/program files (x86)/gnu tools arm embedded/5.3 2016q1/bin/../lib/gcc/arm-none-eabi/5.3.1/../../../../arm-none-eabi/lib/armv7e-m\libm.a(lib_a-w_sqrt.o) (__aeabi_dcmpun)
c:/program files (x86)/gnu tools arm embedded/5.3 2016q1/bin/../lib/gcc/arm-none-eabi/5.3.1/armv7e-m\libgcc.a(_arm_fixdfsi.o)
                              ..\obj\middle.o (__aeabi_d2iz)
c:/program files (x86)/gnu tools arm embedded/5.3 2016q1/bin/../lib/gcc/arm-none-eabi/5.3.1/armv7e-m\libgcc.a(_arm_truncdfsf2.o)
                              ..\obj\middle.o (__aeabi_d2f)
c:/program files (x86)/gnu tools arm embedded/5.3 2016q1/bin/../lib/gcc/arm-none-eabi/5.3.1/armv7e-m\libgcc.a(_arm_addsubsf3.o)
                              ..\obj\middle.o (__aeabi_fadd)
c:/program files (x86)/gnu tools arm embedded/5.3 2016q1/bin/../lib/gcc/arm-none-eabi/5.3.1/armv7e-m\libgcc.a(_arm_muldivsf3.o)
                              ..\obj\middle.o (__aeabi_fmul)
c:/program files (x86)/gnu tools arm embedded/5.3 2016q1/bin/../lib/gcc/arm-none-eabi/5.3.1/armv7e-m\libgcc.a(_arm_cmpsf2.o)
                              ..\obj\middle.o (__aeabi_fcmpeq)
c:/program files (x86)/gnu tools arm embedded/5.3 2016q1/bin/../lib/gcc/arm-none-eabi/5.3.1/armv7e-m\libgcc.a(_arm_fixsfsi.o)
                              ..\obj\middle.o (__aeabi_f2iz)
c:/program files (x86)/gnu tools arm embedded/5.3 2016q1/bin/../lib/gcc/arm-none-eabi/5.3.1/../../../../arm-none-eabi/lib/armv7e-m\libg.a(lib_a-errno.o)
                              c:/program files (x86)/gnu tools arm embedded/5.3 2016q1/bin/../lib/gcc/arm-none-eabi/5.3.1/../../../../arm-none-eabi/lib/armv7e-m\libm.a(lib_a-w_sqrt.o) (__errno)
c:/program files (x86)/gnu tools arm embedded/5.3 2016q1/bin/../lib/gcc/arm-none-eabi/5.3.1/../../../../arm-none-eabi/lib/armv7e-m\libg.a(lib_a-impure.o)
                              c:/program files (x86)/gnu tools arm embedded/5.3 2016q1/bin/../lib/gcc/arm-none-eabi/5.3.1/../../../../arm-none-eabi/lib/armv7e-m\libg.a(lib_a-errno.o) (_impure_ptr)

Allocating common symbols
Common symbol       size              file

fillColor           0x1               ..\obj\main.o
VGA                 0xc               ..\obj\main.o
VGA_RAM1            0x12cf0           ..\obj\main.o

Discarded input sections

 .text          0x00000000        0x0 ..\obj\startup_stm32f4xx.o
 .data          0x00000000        0x0 ..\obj\startup_stm32f4xx.o
 .bss           0x00000000        0x0 ..\obj\startup_stm32f4xx.o
 .text          0x00000000        0x0 ..\obj\main.o
 .data          0x00000000        0x0 ..\obj\main.o
 .bss           0x00000000        0x0 ..\obj\main.o
 .text          0x00000000        0x0 ..\obj\stm32f4xx_rcc.o
 .data          0x00000000       0x10 ..\obj\stm32f4xx_rcc.o
 .bss           0x00000000        0x0 ..\obj\stm32f4xx_rcc.o
 .text.RCC_DeInit
                0x00000000       0x50 ..\obj\stm32f4xx_rcc.o
 .text.RCC_HSEConfig
                0x00000000       0x24 ..\obj\stm32f4xx_rcc.o
 .text.RCC_WaitForHSEStartUp
                0x00000000       0x50 ..\obj\stm32f4xx_rcc.o
 .text.RCC_AdjustHSICalibrationValue
                0x00000000       0x3c ..\obj\stm32f4xx_rcc.o
 .text.RCC_HSICmd
                0x00000000       0x20 ..\obj\stm32f4xx_rcc.o
 .text.RCC_LSEConfig
                0x00000000       0x40 ..\obj\stm32f4xx_rcc.o
 .text.RCC_LSICmd
                0x00000000       0x20 ..\obj\stm32f4xx_rcc.o
 .text.RCC_PLLConfig
                0x00000000       0x3c ..\obj\stm32f4xx_rcc.o
 .text.RCC_PLLCmd
                0x00000000       0x20 ..\obj\stm32f4xx_rcc.o
 .text.RCC_PLLI2SConfig
                0x00000000       0x28 ..\obj\stm32f4xx_rcc.o
 .text.RCC_PLLI2SCmd
                0x00000000       0x20 ..\obj\stm32f4xx_rcc.o
 .text.RCC_ClockSecuritySystemCmd
                0x00000000       0x20 ..\obj\stm32f4xx_rcc.o
 .text.RCC_MCO1Config
                0x00000000       0x3c ..\obj\stm32f4xx_rcc.o
 .text.RCC_MCO2Config
                0x00000000       0x3c ..\obj\stm32f4xx_rcc.o
 .text.RCC_SYSCLKConfig
                0x00000000       0x38 ..\obj\stm32f4xx_rcc.o
 .text.RCC_GetSYSCLKSource
                0x00000000       0x1c ..\obj\stm32f4xx_rcc.o
 .text.RCC_HCLKConfig
                0x00000000       0x38 ..\obj\stm32f4xx_rcc.o
 .text.RCC_PCLK1Config
                0x00000000       0x38 ..\obj\stm32f4xx_rcc.o
 .text.RCC_PCLK2Config
                0x00000000       0x38 ..\obj\stm32f4xx_rcc.o
 .text.RCC_GetClocksFreq
                0x00000000      0x154 ..\obj\stm32f4xx_rcc.o
 .text.RCC_RTCCLKConfig
                0x00000000       0x5c ..\obj\stm32f4xx_rcc.o
 .text.RCC_RTCCLKCmd
                0x00000000       0x20 ..\obj\stm32f4xx_rcc.o
 .text.RCC_BackupResetCmd
                0x00000000       0x20 ..\obj\stm32f4xx_rcc.o
 .text.RCC_I2SCLKConfig
                0x00000000       0x1c ..\obj\stm32f4xx_rcc.o
 .text.RCC_AHB2PeriphClockCmd
                0x00000000       0x3c ..\obj\stm32f4xx_rcc.o
 .text.RCC_AHB3PeriphClockCmd
                0x00000000       0x3c ..\obj\stm32f4xx_rcc.o
 .text.RCC_AHB1PeriphResetCmd
                0x00000000       0x3c ..\obj\stm32f4xx_rcc.o
 .text.RCC_AHB2PeriphResetCmd
                0x00000000       0x3c ..\obj\stm32f4xx_rcc.o
 .text.RCC_AHB3PeriphResetCmd
                0x00000000       0x3c ..\obj\stm32f4xx_rcc.o
 .text.RCC_APB1PeriphResetCmd
                0x00000000       0x3c ..\obj\stm32f4xx_rcc.o
 .text.RCC_APB2PeriphResetCmd
                0x00000000       0x3c ..\obj\stm32f4xx_rcc.o
 .text.RCC_AHB1PeriphClockLPModeCmd
                0x00000000       0x3c ..\obj\stm32f4xx_rcc.o
 .text.RCC_AHB2PeriphClockLPModeCmd
                0x00000000       0x3c ..\obj\stm32f4xx_rcc.o
 .text.RCC_AHB3PeriphClockLPModeCmd
                0x00000000       0x3c ..\obj\stm32f4xx_rcc.o
 .text.RCC_APB1PeriphClockLPModeCmd
                0x00000000       0x3c ..\obj\stm32f4xx_rcc.o
 .text.RCC_APB2PeriphClockLPModeCmd
                0x00000000       0x3c ..\obj\stm32f4xx_rcc.o
 .text.RCC_ITConfig
                0x00000000       0x4c ..\obj\stm32f4xx_rcc.o
 .text.RCC_GetFlagStatus
                0x00000000       0x74 ..\obj\stm32f4xx_rcc.o
 .text.RCC_ClearFlag
                0x00000000       0x1c ..\obj\stm32f4xx_rcc.o
 .text.RCC_GetITStatus
                0x00000000       0x34 ..\obj\stm32f4xx_rcc.o
 .text.RCC_ClearITPendingBit
                0x00000000       0x20 ..\obj\stm32f4xx_rcc.o
 .text          0x00000000        0x0 ..\obj\top.o
 .data          0x00000000        0x0 ..\obj\top.o
 .bss           0x00000000        0x0 ..\obj\top.o
 .debug_info    0x00000000       0x32 ..\obj\top.o
 .debug_abbrev  0x00000000       0x2a ..\obj\top.o
 .debug_aranges
                0x00000000       0x18 ..\obj\top.o
 .debug_line    0x00000000       0x51 ..\obj\top.o
 .debug_str     0x00000000       0xb9 ..\obj\top.o
 .comment       0x00000000       0x6f ..\obj\top.o
 .ARM.attributes
                0x00000000       0x33 ..\obj\top.o
 .text          0x00000000        0x0 ..\obj\stm32f4xx_gpio.o
 .data          0x00000000        0x0 ..\obj\stm32f4xx_gpio.o
 .bss           0x00000000        0x0 ..\obj\stm32f4xx_gpio.o
 .text.GPIO_DeInit
                0x00000000      0x120 ..\obj\stm32f4xx_gpio.o
 .text.GPIO_StructInit
                0x00000000       0x34 ..\obj\stm32f4xx_gpio.o
 .text.GPIO_PinLockConfig
                0x00000000       0x44 ..\obj\stm32f4xx_gpio.o
 .text.GPIO_ReadInputDataBit
                0x00000000       0x34 ..\obj\stm32f4xx_gpio.o
 .text.GPIO_ReadInputData
                0x00000000       0x18 ..\obj\stm32f4xx_gpio.o
 .text.GPIO_ReadOutputDataBit
                0x00000000       0x34 ..\obj\stm32f4xx_gpio.o
 .text.GPIO_ReadOutputData
                0x00000000       0x18 ..\obj\stm32f4xx_gpio.o
 .text.GPIO_SetBits
                0x00000000       0x1c ..\obj\stm32f4xx_gpio.o
 .text.GPIO_ResetBits
                0x00000000       0x1c ..\obj\stm32f4xx_gpio.o
 .text.GPIO_WriteBit
                0x00000000       0x30 ..\obj\stm32f4xx_gpio.o
 .text.GPIO_Write
                0x00000000       0x1c ..\obj\stm32f4xx_gpio.o
 .text.GPIO_ToggleBits
                0x00000000       0x24 ..\obj\stm32f4xx_gpio.o
 .text          0x00000000        0x0 ..\obj\system_stm32f4xx.o
 .data          0x00000000       0x14 ..\obj\system_stm32f4xx.o
 .bss           0x00000000        0x0 ..\obj\system_stm32f4xx.o
 .text.SystemCoreClockUpdate
                0x00000000       0xf8 ..\obj\system_stm32f4xx.o
 .text          0x00000000        0x0 ..\obj\syscalls.o
 .data          0x00000000        0x0 ..\obj\syscalls.o
 .bss           0x00000000        0x4 ..\obj\syscalls.o
 .text._sbrk    0x00000000       0x3c ..\obj\syscalls.o
 .text.link     0x00000000       0x18 ..\obj\syscalls.o
 .text._close   0x00000000       0x18 ..\obj\syscalls.o
 .text._fstat   0x00000000       0x20 ..\obj\syscalls.o
 .text._isatty  0x00000000       0x14 ..\obj\syscalls.o
 .text._lseek   0x00000000       0x18 ..\obj\syscalls.o
 .text._read    0x00000000       0x18 ..\obj\syscalls.o
 .text._write   0x00000000       0x18 ..\obj\syscalls.o
 .text.abort    0x00000000        0x8 ..\obj\syscalls.o
 .debug_info    0x00000000      0x3f5 ..\obj\syscalls.o
 .debug_abbrev  0x00000000       0xe5 ..\obj\syscalls.o
 .debug_aranges
                0x00000000       0x60 ..\obj\syscalls.o
 .debug_ranges  0x00000000       0x50 ..\obj\syscalls.o
 .debug_line    0x00000000      0x186 ..\obj\syscalls.o
 .debug_str     0x00000000      0x2eb ..\obj\syscalls.o
 .comment       0x00000000       0x6f ..\obj\syscalls.o
 .debug_frame   0x00000000      0x168 ..\obj\syscalls.o
 .ARM.attributes
                0x00000000       0x33 ..\obj\syscalls.o
 .text          0x00000000        0x0 ..\obj\stm32f4xx_dma.o
 .data          0x00000000        0x0 ..\obj\stm32f4xx_dma.o
 .bss           0x00000000        0x0 ..\obj\stm32f4xx_dma.o
 .text.DMA_StructInit
                0x00000000       0x6c ..\obj\stm32f4xx_dma.o
 .text.DMA_PeriphIncOffsetSizeConfig
                0x00000000       0x34 ..\obj\stm32f4xx_dma.o
 .text.DMA_FlowControllerConfig
                0x00000000       0x34 ..\obj\stm32f4xx_dma.o
 .text.DMA_SetCurrDataCounter
                0x00000000       0x1c ..\obj\stm32f4xx_dma.o
 .text.DMA_GetCurrDataCounter
                0x00000000       0x18 ..\obj\stm32f4xx_dma.o
 .text.DMA_DoubleBufferModeConfig
                0x00000000       0x3c ..\obj\stm32f4xx_dma.o
 .text.DMA_DoubleBufferModeCmd
                0x00000000       0x38 ..\obj\stm32f4xx_dma.o
 .text.DMA_MemoryTargetConfig
                0x00000000       0x2c ..\obj\stm32f4xx_dma.o
 .text.DMA_GetCurrentMemoryTarget
                0x00000000       0x30 ..\obj\stm32f4xx_dma.o
 .text.DMA_GetCmdStatus
                0x00000000       0x30 ..\obj\stm32f4xx_dma.o
 .text.DMA_GetFIFOStatus
                0x00000000       0x24 ..\obj\stm32f4xx_dma.o
 .text.DMA_GetFlagStatus
                0x00000000       0x74 ..\obj\stm32f4xx_dma.o
 .text.DMA_ClearFlag
                0x00000000       0x5c ..\obj\stm32f4xx_dma.o
 .text          0x00000000        0x0 ..\obj\stm32_ub_vga_screen.o
 .data          0x00000000        0x0 ..\obj\stm32_ub_vga_screen.o
 .bss           0x00000000        0x0 ..\obj\stm32_ub_vga_screen.o
 .text          0x00000000        0x0 ..\obj\misc.o
 .data          0x00000000        0x0 ..\obj\misc.o
 .bss           0x00000000        0x0 ..\obj\misc.o
 .text.NVIC_PriorityGroupConfig
                0x00000000       0x24 ..\obj\misc.o
 .text.NVIC_SetVectorTable
                0x00000000       0x2c ..\obj\misc.o
 .text.NVIC_SystemLPConfig
                0x00000000       0x40 ..\obj\misc.o
 .text.SysTick_CLKSourceConfig
                0x00000000       0x38 ..\obj\misc.o
 .text          0x00000000        0x0 ..\obj\middle.o
 .data          0x00000000        0x0 ..\obj\middle.o
 .bss           0x00000000        0x0 ..\obj\middle.o
 .text.DrawCircle
                0x00000000      0x184 ..\obj\middle.o
 .text.DrawLine
                0x00000000      0x114 ..\obj\middle.o
 .text.DrawTriangle
                0x00000000      0x3a8 ..\obj\middle.o
 .text          0x00000000        0x0 ..\obj\stm32f4xx_tim.o
 .data          0x00000000        0x0 ..\obj\stm32f4xx_tim.o
 .bss           0x00000000        0x0 ..\obj\stm32f4xx_tim.o
 .text.TIM_DeInit
                0x00000000      0x1c0 ..\obj\stm32f4xx_tim.o
 .text.TIM_TimeBaseStructInit
                0x00000000       0x34 ..\obj\stm32f4xx_tim.o
 .text.TIM_PrescalerConfig
                0x00000000       0x28 ..\obj\stm32f4xx_tim.o
 .text.TIM_CounterModeConfig
                0x00000000       0x38 ..\obj\stm32f4xx_tim.o
 .text.TIM_SetCounter
                0x00000000       0x1c ..\obj\stm32f4xx_tim.o
 .text.TIM_SetAutoreload
                0x00000000       0x1c ..\obj\stm32f4xx_tim.o
 .text.TIM_GetCounter
                0x00000000       0x18 ..\obj\stm32f4xx_tim.o
 .text.TIM_GetPrescaler
                0x00000000       0x18 ..\obj\stm32f4xx_tim.o
 .text.TIM_UpdateDisableConfig
                0x00000000       0x40 ..\obj\stm32f4xx_tim.o
 .text.TIM_UpdateRequestConfig
                0x00000000       0x40 ..\obj\stm32f4xx_tim.o
 .text.TIM_SelectOnePulseMode
                0x00000000       0x38 ..\obj\stm32f4xx_tim.o
 .text.TIM_SetClockDivision
                0x00000000       0x38 ..\obj\stm32f4xx_tim.o
 .text.TIM_OC1Init
                0x00000000       0xf4 ..\obj\stm32f4xx_tim.o
 .text.TIM_OC2Init
                0x00000000      0x110 ..\obj\stm32f4xx_tim.o
 .text.TIM_OCStructInit
                0x00000000       0x44 ..\obj\stm32f4xx_tim.o
 .text.TIM_SelectOCxM
                0x00000000       0xb0 ..\obj\stm32f4xx_tim.o
 .text.TIM_SetCompare1
                0x00000000       0x1c ..\obj\stm32f4xx_tim.o
 .text.TIM_SetCompare2
                0x00000000       0x1c ..\obj\stm32f4xx_tim.o
 .text.TIM_SetCompare3
                0x00000000       0x1c ..\obj\stm32f4xx_tim.o
 .text.TIM_SetCompare4
                0x00000000       0x1c ..\obj\stm32f4xx_tim.o
 .text.TIM_ForcedOC1Config
                0x00000000       0x38 ..\obj\stm32f4xx_tim.o
 .text.TIM_ForcedOC2Config
                0x00000000       0x3c ..\obj\stm32f4xx_tim.o
 .text.TIM_ForcedOC3Config
                0x00000000       0x38 ..\obj\stm32f4xx_tim.o
 .text.TIM_ForcedOC4Config
                0x00000000       0x3c ..\obj\stm32f4xx_tim.o
 .text.TIM_OC1PreloadConfig
                0x00000000       0x38 ..\obj\stm32f4xx_tim.o
 .text.TIM_OC2PreloadConfig
                0x00000000       0x3c ..\obj\stm32f4xx_tim.o
 .text.TIM_OC1FastConfig
                0x00000000       0x38 ..\obj\stm32f4xx_tim.o
 .text.TIM_OC2FastConfig
                0x00000000       0x3c ..\obj\stm32f4xx_tim.o
 .text.TIM_OC3FastConfig
                0x00000000       0x38 ..\obj\stm32f4xx_tim.o
 .text.TIM_OC4FastConfig
                0x00000000       0x3c ..\obj\stm32f4xx_tim.o
 .text.TIM_ClearOC1Ref
                0x00000000       0x38 ..\obj\stm32f4xx_tim.o
 .text.TIM_ClearOC2Ref
                0x00000000       0x3c ..\obj\stm32f4xx_tim.o
 .text.TIM_ClearOC3Ref
                0x00000000       0x38 ..\obj\stm32f4xx_tim.o
 .text.TIM_ClearOC4Ref
                0x00000000       0x3c ..\obj\stm32f4xx_tim.o
 .text.TIM_OC1PolarityConfig
                0x00000000       0x38 ..\obj\stm32f4xx_tim.o
 .text.TIM_OC1NPolarityConfig
                0x00000000       0x38 ..\obj\stm32f4xx_tim.o
 .text.TIM_OC2PolarityConfig
                0x00000000       0x3c ..\obj\stm32f4xx_tim.o
 .text.TIM_OC2NPolarityConfig
                0x00000000       0x3c ..\obj\stm32f4xx_tim.o
 .text.TIM_OC3PolarityConfig
                0x00000000       0x3c ..\obj\stm32f4xx_tim.o
 .text.TIM_OC3NPolarityConfig
                0x00000000       0x3c ..\obj\stm32f4xx_tim.o
 .text.TIM_OC4PolarityConfig
                0x00000000       0x3c ..\obj\stm32f4xx_tim.o
 .text.TIM_CCxCmd
                0x00000000       0x58 ..\obj\stm32f4xx_tim.o
 .text.TIM_CCxNCmd
                0x00000000       0x58 ..\obj\stm32f4xx_tim.o
 .text.TIM_ICInit
                0x00000000       0xa8 ..\obj\stm32f4xx_tim.o
 .text.TIM_ICStructInit
                0x00000000       0x30 ..\obj\stm32f4xx_tim.o
 .text.TIM_PWMIConfig
                0x00000000       0xb8 ..\obj\stm32f4xx_tim.o
 .text.TIM_GetCapture1
                0x00000000       0x18 ..\obj\stm32f4xx_tim.o
 .text.TIM_GetCapture2
                0x00000000       0x18 ..\obj\stm32f4xx_tim.o
 .text.TIM_GetCapture3
                0x00000000       0x18 ..\obj\stm32f4xx_tim.o
 .text.TIM_GetCapture4
                0x00000000       0x18 ..\obj\stm32f4xx_tim.o
 .text.TIM_SetIC1Prescaler
                0x00000000       0x38 ..\obj\stm32f4xx_tim.o
 .text.TIM_SetIC2Prescaler
                0x00000000       0x3c ..\obj\stm32f4xx_tim.o
 .text.TIM_SetIC3Prescaler
                0x00000000       0x38 ..\obj\stm32f4xx_tim.o
 .text.TIM_SetIC4Prescaler
                0x00000000       0x3c ..\obj\stm32f4xx_tim.o
 .text.TIM_BDTRConfig
                0x00000000       0x50 ..\obj\stm32f4xx_tim.o
 .text.TIM_BDTRStructInit
                0x00000000       0x3c ..\obj\stm32f4xx_tim.o
 .text.TIM_CtrlPWMOutputs
                0x00000000       0x4c ..\obj\stm32f4xx_tim.o
 .text.TIM_SelectCOM
                0x00000000       0x40 ..\obj\stm32f4xx_tim.o
 .text.TIM_CCPreloadControl
                0x00000000       0x40 ..\obj\stm32f4xx_tim.o
 .text.TIM_GenerateEvent
                0x00000000       0x1c ..\obj\stm32f4xx_tim.o
 .text.TIM_GetFlagStatus
                0x00000000       0x38 ..\obj\stm32f4xx_tim.o
 .text.TIM_ClearFlag
                0x00000000       0x20 ..\obj\stm32f4xx_tim.o
 .text.TIM_GetITStatus
                0x00000000       0x54 ..\obj\stm32f4xx_tim.o
 .text.TIM_DMAConfig
                0x00000000       0x28 ..\obj\stm32f4xx_tim.o
 .text.TIM_SelectCCDMA
                0x00000000       0x40 ..\obj\stm32f4xx_tim.o
 .text.TIM_InternalClockConfig
                0x00000000       0x24 ..\obj\stm32f4xx_tim.o
 .text.TIM_ITRxExternalClockConfig
                0x00000000       0x30 ..\obj\stm32f4xx_tim.o
 .text.TIM_TIxExternalClockConfig
                0x00000000       0x5c ..\obj\stm32f4xx_tim.o
 .text.TIM_ETRClockMode1Config
                0x00000000       0x60 ..\obj\stm32f4xx_tim.o
 .text.TIM_ETRClockMode2Config
                0x00000000       0x40 ..\obj\stm32f4xx_tim.o
 .text.TIM_SelectInputTrigger
                0x00000000       0x38 ..\obj\stm32f4xx_tim.o
 .text.TIM_SelectOutputTrigger
                0x00000000       0x38 ..\obj\stm32f4xx_tim.o
 .text.TIM_SelectSlaveMode
                0x00000000       0x38 ..\obj\stm32f4xx_tim.o
 .text.TIM_SelectMasterSlaveMode
                0x00000000       0x38 ..\obj\stm32f4xx_tim.o
 .text.TIM_ETRConfig
                0x00000000       0x54 ..\obj\stm32f4xx_tim.o
 .text.TIM_EncoderInterfaceConfig
                0x00000000       0x98 ..\obj\stm32f4xx_tim.o
 .text.TIM_SelectHallSensor
                0x00000000       0x40 ..\obj\stm32f4xx_tim.o
 .text.TIM_RemapConfig
                0x00000000       0x20 ..\obj\stm32f4xx_tim.o
 .text.TI1_Config
                0x00000000       0x84 ..\obj\stm32f4xx_tim.o
 .text.TI2_Config
                0x00000000       0x98 ..\obj\stm32f4xx_tim.o
 .text.TI3_Config
                0x00000000       0x90 ..\obj\stm32f4xx_tim.o
 .text.TI4_Config
                0x00000000       0x9c ..\obj\stm32f4xx_tim.o
 .text          0x00000000        0x0 c:/program files (x86)/gnu tools arm embedded/5.3 2016q1/bin/../lib/gcc/arm-none-eabi/5.3.1/../../../../arm-none-eabi/lib/armv7e-m\libm.a(lib_a-s_ceil.o)
 .data          0x00000000        0x0 c:/program files (x86)/gnu tools arm embedded/5.3 2016q1/bin/../lib/gcc/arm-none-eabi/5.3.1/../../../../arm-none-eabi/lib/armv7e-m\libm.a(lib_a-s_ceil.o)
 .bss           0x00000000        0x0 c:/program files (x86)/gnu tools arm embedded/5.3 2016q1/bin/../lib/gcc/arm-none-eabi/5.3.1/../../../../arm-none-eabi/lib/armv7e-m\libm.a(lib_a-s_ceil.o)
 .text.ceil     0x00000000      0x110 c:/program files (x86)/gnu tools arm embedded/5.3 2016q1/bin/../lib/gcc/arm-none-eabi/5.3.1/../../../../arm-none-eabi/lib/armv7e-m\libm.a(lib_a-s_ceil.o)
 .debug_frame   0x00000000       0x34 c:/program files (x86)/gnu tools arm embedded/5.3 2016q1/bin/../lib/gcc/arm-none-eabi/5.3.1/../../../../arm-none-eabi/lib/armv7e-m\libm.a(lib_a-s_ceil.o)
 .ARM.attributes
                0x00000000       0x2e c:/program files (x86)/gnu tools arm embedded/5.3 2016q1/bin/../lib/gcc/arm-none-eabi/5.3.1/../../../../arm-none-eabi/lib/armv7e-m\libm.a(lib_a-s_ceil.o)
 .text          0x00000000        0x0 c:/program files (x86)/gnu tools arm embedded/5.3 2016q1/bin/../lib/gcc/arm-none-eabi/5.3.1/../../../../arm-none-eabi/lib/armv7e-m\libm.a(lib_a-s_cos.o)
 .data          0x00000000        0x0 c:/program files (x86)/gnu tools arm embedded/5.3 2016q1/bin/../lib/gcc/arm-none-eabi/5.3.1/../../../../arm-none-eabi/lib/armv7e-m\libm.a(lib_a-s_cos.o)
 .bss           0x00000000        0x0 c:/program files (x86)/gnu tools arm embedded/5.3 2016q1/bin/../lib/gcc/arm-none-eabi/5.3.1/../../../../arm-none-eabi/lib/armv7e-m\libm.a(lib_a-s_cos.o)
 .text          0x00000000        0x0 c:/program files (x86)/gnu tools arm embedded/5.3 2016q1/bin/../lib/gcc/arm-none-eabi/5.3.1/../../../../arm-none-eabi/lib/armv7e-m\libm.a(lib_a-s_sin.o)
 .data          0x00000000        0x0 c:/program files (x86)/gnu tools arm embedded/5.3 2016q1/bin/../lib/gcc/arm-none-eabi/5.3.1/../../../../arm-none-eabi/lib/armv7e-m\libm.a(lib_a-s_sin.o)
 .bss           0x00000000        0x0 c:/program files (x86)/gnu tools arm embedded/5.3 2016q1/bin/../lib/gcc/arm-none-eabi/5.3.1/../../../../arm-none-eabi/lib/armv7e-m\libm.a(lib_a-s_sin.o)
 .text          0x00000000        0x0 c:/program files (x86)/gnu tools arm embedded/5.3 2016q1/bin/../lib/gcc/arm-none-eabi/5.3.1/../../../../arm-none-eabi/lib/armv7e-m\libm.a(lib_a-w_sqrt.o)
 .data          0x00000000        0x0 c:/program files (x86)/gnu tools arm embedded/5.3 2016q1/bin/../lib/gcc/arm-none-eabi/5.3.1/../../../../arm-none-eabi/lib/armv7e-m\libm.a(lib_a-w_sqrt.o)
 .bss           0x00000000        0x0 c:/program files (x86)/gnu tools arm embedded/5.3 2016q1/bin/../lib/gcc/arm-none-eabi/5.3.1/../../../../arm-none-eabi/lib/armv7e-m\libm.a(lib_a-w_sqrt.o)
 .text.sqrt     0x00000000       0xb8 c:/program files (x86)/gnu tools arm embedded/5.3 2016q1/bin/../lib/gcc/arm-none-eabi/5.3.1/../../../../arm-none-eabi/lib/armv7e-m\libm.a(lib_a-w_sqrt.o)
 .rodata.str1.4
                0x00000000        0x5 c:/program files (x86)/gnu tools arm embedded/5.3 2016q1/bin/../lib/gcc/arm-none-eabi/5.3.1/../../../../arm-none-eabi/lib/armv7e-m\libm.a(lib_a-w_sqrt.o)
 .debug_frame   0x00000000       0x44 c:/program files (x86)/gnu tools arm embedded/5.3 2016q1/bin/../lib/gcc/arm-none-eabi/5.3.1/../../../../arm-none-eabi/lib/armv7e-m\libm.a(lib_a-w_sqrt.o)
 .ARM.attributes
                0x00000000       0x2e c:/program files (x86)/gnu tools arm embedded/5.3 2016q1/bin/../lib/gcc/arm-none-eabi/5.3.1/../../../../arm-none-eabi/lib/armv7e-m\libm.a(lib_a-w_sqrt.o)
 .text          0x00000000        0x0 c:/program files (x86)/gnu tools arm embedded/5.3 2016q1/bin/../lib/gcc/arm-none-eabi/5.3.1/../../../../arm-none-eabi/lib/armv7e-m\libm.a(lib_a-e_rem_pio2.o)
 .data          0x00000000        0x0 c:/program files (x86)/gnu tools arm embedded/5.3 2016q1/bin/../lib/gcc/arm-none-eabi/5.3.1/../../../../arm-none-eabi/lib/armv7e-m\libm.a(lib_a-e_rem_pio2.o)
 .bss           0x00000000        0x0 c:/program files (x86)/gnu tools arm embedded/5.3 2016q1/bin/../lib/gcc/arm-none-eabi/5.3.1/../../../../arm-none-eabi/lib/armv7e-m\libm.a(lib_a-e_rem_pio2.o)
 .text          0x00000000        0x0 c:/program files (x86)/gnu tools arm embedded/5.3 2016q1/bin/../lib/gcc/arm-none-eabi/5.3.1/../../../../arm-none-eabi/lib/armv7e-m\libm.a(lib_a-e_sqrt.o)
 .data          0x00000000        0x0 c:/program files (x86)/gnu tools arm embedded/5.3 2016q1/bin/../lib/gcc/arm-none-eabi/5.3.1/../../../../arm-none-eabi/lib/armv7e-m\libm.a(lib_a-e_sqrt.o)
 .bss           0x00000000        0x0 c:/program files (x86)/gnu tools arm embedded/5.3 2016q1/bin/../lib/gcc/arm-none-eabi/5.3.1/../../../../arm-none-eabi/lib/armv7e-m\libm.a(lib_a-e_sqrt.o)
 .text.__ieee754_sqrt
                0x00000000      0x180 c:/program files (x86)/gnu tools arm embedded/5.3 2016q1/bin/../lib/gcc/arm-none-eabi/5.3.1/../../../../arm-none-eabi/lib/armv7e-m\libm.a(lib_a-e_sqrt.o)
 .debug_frame   0x00000000       0x34 c:/program files (x86)/gnu tools arm embedded/5.3 2016q1/bin/../lib/gcc/arm-none-eabi/5.3.1/../../../../arm-none-eabi/lib/armv7e-m\libm.a(lib_a-e_sqrt.o)
 .ARM.attributes
                0x00000000       0x2e c:/program files (x86)/gnu tools arm embedded/5.3 2016q1/bin/../lib/gcc/arm-none-eabi/5.3.1/../../../../arm-none-eabi/lib/armv7e-m\libm.a(lib_a-e_sqrt.o)
 .text          0x00000000        0x0 c:/program files (x86)/gnu tools arm embedded/5.3 2016q1/bin/../lib/gcc/arm-none-eabi/5.3.1/../../../../arm-none-eabi/lib/armv7e-m\libm.a(lib_a-k_cos.o)
 .data          0x00000000        0x0 c:/program files (x86)/gnu tools arm embedded/5.3 2016q1/bin/../lib/gcc/arm-none-eabi/5.3.1/../../../../arm-none-eabi/lib/armv7e-m\libm.a(lib_a-k_cos.o)
 .bss           0x00000000        0x0 c:/program files (x86)/gnu tools arm embedded/5.3 2016q1/bin/../lib/gcc/arm-none-eabi/5.3.1/../../../../arm-none-eabi/lib/armv7e-m\libm.a(lib_a-k_cos.o)
 .text          0x00000000        0x0 c:/program files (x86)/gnu tools arm embedded/5.3 2016q1/bin/../lib/gcc/arm-none-eabi/5.3.1/../../../../arm-none-eabi/lib/armv7e-m\libm.a(lib_a-k_rem_pio2.o)
 .data          0x00000000        0x0 c:/program files (x86)/gnu tools arm embedded/5.3 2016q1/bin/../lib/gcc/arm-none-eabi/5.3.1/../../../../arm-none-eabi/lib/armv7e-m\libm.a(lib_a-k_rem_pio2.o)
 .bss           0x00000000        0x0 c:/program files (x86)/gnu tools arm embedded/5.3 2016q1/bin/../lib/gcc/arm-none-eabi/5.3.1/../../../../arm-none-eabi/lib/armv7e-m\libm.a(lib_a-k_rem_pio2.o)
 .text          0x00000000        0x0 c:/program files (x86)/gnu tools arm embedded/5.3 2016q1/bin/../lib/gcc/arm-none-eabi/5.3.1/../../../../arm-none-eabi/lib/armv7e-m\libm.a(lib_a-k_sin.o)
 .data          0x00000000        0x0 c:/program files (x86)/gnu tools arm embedded/5.3 2016q1/bin/../lib/gcc/arm-none-eabi/5.3.1/../../../../arm-none-eabi/lib/armv7e-m\libm.a(lib_a-k_sin.o)
 .bss           0x00000000        0x0 c:/program files (x86)/gnu tools arm embedded/5.3 2016q1/bin/../lib/gcc/arm-none-eabi/5.3.1/../../../../arm-none-eabi/lib/armv7e-m\libm.a(lib_a-k_sin.o)
 .text          0x00000000        0x0 c:/program files (x86)/gnu tools arm embedded/5.3 2016q1/bin/../lib/gcc/arm-none-eabi/5.3.1/../../../../arm-none-eabi/lib/armv7e-m\libm.a(lib_a-s_fabs.o)
 .data          0x00000000        0x0 c:/program files (x86)/gnu tools arm embedded/5.3 2016q1/bin/../lib/gcc/arm-none-eabi/5.3.1/../../../../arm-none-eabi/lib/armv7e-m\libm.a(lib_a-s_fabs.o)
 .bss           0x00000000        0x0 c:/program files (x86)/gnu tools arm embedded/5.3 2016q1/bin/../lib/gcc/arm-none-eabi/5.3.1/../../../../arm-none-eabi/lib/armv7e-m\libm.a(lib_a-s_fabs.o)
 .text          0x00000000        0x0 c:/program files (x86)/gnu tools arm embedded/5.3 2016q1/bin/../lib/gcc/arm-none-eabi/5.3.1/../../../../arm-none-eabi/lib/armv7e-m\libm.a(lib_a-s_floor.o)
 .data          0x00000000        0x0 c:/program files (x86)/gnu tools arm embedded/5.3 2016q1/bin/../lib/gcc/arm-none-eabi/5.3.1/../../../../arm-none-eabi/lib/armv7e-m\libm.a(lib_a-s_floor.o)
 .bss           0x00000000        0x0 c:/program files (x86)/gnu tools arm embedded/5.3 2016q1/bin/../lib/gcc/arm-none-eabi/5.3.1/../../../../arm-none-eabi/lib/armv7e-m\libm.a(lib_a-s_floor.o)
 .text          0x00000000        0x0 c:/program files (x86)/gnu tools arm embedded/5.3 2016q1/bin/../lib/gcc/arm-none-eabi/5.3.1/../../../../arm-none-eabi/lib/armv7e-m\libm.a(lib_a-s_lib_ver.o)
 .data          0x00000000        0x0 c:/program files (x86)/gnu tools arm embedded/5.3 2016q1/bin/../lib/gcc/arm-none-eabi/5.3.1/../../../../arm-none-eabi/lib/armv7e-m\libm.a(lib_a-s_lib_ver.o)
 .bss           0x00000000        0x0 c:/program files (x86)/gnu tools arm embedded/5.3 2016q1/bin/../lib/gcc/arm-none-eabi/5.3.1/../../../../arm-none-eabi/lib/armv7e-m\libm.a(lib_a-s_lib_ver.o)
 .data.__fdlib_version
                0x00000000        0x1 c:/program files (x86)/gnu tools arm embedded/5.3 2016q1/bin/../lib/gcc/arm-none-eabi/5.3.1/../../../../arm-none-eabi/lib/armv7e-m\libm.a(lib_a-s_lib_ver.o)
 .ARM.attributes
                0x00000000       0x2e c:/program files (x86)/gnu tools arm embedded/5.3 2016q1/bin/../lib/gcc/arm-none-eabi/5.3.1/../../../../arm-none-eabi/lib/armv7e-m\libm.a(lib_a-s_lib_ver.o)
 .text          0x00000000        0x0 c:/program files (x86)/gnu tools arm embedded/5.3 2016q1/bin/../lib/gcc/arm-none-eabi/5.3.1/../../../../arm-none-eabi/lib/armv7e-m\libm.a(lib_a-s_matherr.o)
 .data          0x00000000        0x0 c:/program files (x86)/gnu tools arm embedded/5.3 2016q1/bin/../lib/gcc/arm-none-eabi/5.3.1/../../../../arm-none-eabi/lib/armv7e-m\libm.a(lib_a-s_matherr.o)
 .bss           0x00000000        0x0 c:/program files (x86)/gnu tools arm embedded/5.3 2016q1/bin/../lib/gcc/arm-none-eabi/5.3.1/../../../../arm-none-eabi/lib/armv7e-m\libm.a(lib_a-s_matherr.o)
 .text.matherr  0x00000000        0x4 c:/program files (x86)/gnu tools arm embedded/5.3 2016q1/bin/../lib/gcc/arm-none-eabi/5.3.1/../../../../arm-none-eabi/lib/armv7e-m\libm.a(lib_a-s_matherr.o)
 .debug_frame   0x00000000       0x20 c:/program files (x86)/gnu tools arm embedded/5.3 2016q1/bin/../lib/gcc/arm-none-eabi/5.3.1/../../../../arm-none-eabi/lib/armv7e-m\libm.a(lib_a-s_matherr.o)
 .ARM.attributes
                0x00000000       0x2e c:/program files (x86)/gnu tools arm embedded/5.3 2016q1/bin/../lib/gcc/arm-none-eabi/5.3.1/../../../../arm-none-eabi/lib/armv7e-m\libm.a(lib_a-s_matherr.o)
 .text          0x00000000        0x0 c:/program files (x86)/gnu tools arm embedded/5.3 2016q1/bin/../lib/gcc/arm-none-eabi/5.3.1/../../../../arm-none-eabi/lib/armv7e-m\libm.a(lib_a-s_scalbn.o)
 .data          0x00000000        0x0 c:/program files (x86)/gnu tools arm embedded/5.3 2016q1/bin/../lib/gcc/arm-none-eabi/5.3.1/../../../../arm-none-eabi/lib/armv7e-m\libm.a(lib_a-s_scalbn.o)
 .bss           0x00000000        0x0 c:/program files (x86)/gnu tools arm embedded/5.3 2016q1/bin/../lib/gcc/arm-none-eabi/5.3.1/../../../../arm-none-eabi/lib/armv7e-m\libm.a(lib_a-s_scalbn.o)
 .text          0x00000000        0x0 c:/program files (x86)/gnu tools arm embedded/5.3 2016q1/bin/../lib/gcc/arm-none-eabi/5.3.1/../../../../arm-none-eabi/lib/armv7e-m\libm.a(lib_a-s_copysign.o)
 .data          0x00000000        0x0 c:/program files (x86)/gnu tools arm embedded/5.3 2016q1/bin/../lib/gcc/arm-none-eabi/5.3.1/../../../../arm-none-eabi/lib/armv7e-m\libm.a(lib_a-s_copysign.o)
 .bss           0x00000000        0x0 c:/program files (x86)/gnu tools arm embedded/5.3 2016q1/bin/../lib/gcc/arm-none-eabi/5.3.1/../../../../arm-none-eabi/lib/armv7e-m\libm.a(lib_a-s_copysign.o)
 .data          0x00000000        0x0 c:/program files (x86)/gnu tools arm embedded/5.3 2016q1/bin/../lib/gcc/arm-none-eabi/5.3.1/armv7e-m\libgcc.a(_arm_addsubdf3.o)
 .bss           0x00000000        0x0 c:/program files (x86)/gnu tools arm embedded/5.3 2016q1/bin/../lib/gcc/arm-none-eabi/5.3.1/armv7e-m\libgcc.a(_arm_addsubdf3.o)
 .data          0x00000000        0x0 c:/program files (x86)/gnu tools arm embedded/5.3 2016q1/bin/../lib/gcc/arm-none-eabi/5.3.1/armv7e-m\libgcc.a(_arm_muldivdf3.o)
 .bss           0x00000000        0x0 c:/program files (x86)/gnu tools arm embedded/5.3 2016q1/bin/../lib/gcc/arm-none-eabi/5.3.1/armv7e-m\libgcc.a(_arm_muldivdf3.o)
 .data          0x00000000        0x0 c:/program files (x86)/gnu tools arm embedded/5.3 2016q1/bin/../lib/gcc/arm-none-eabi/5.3.1/armv7e-m\libgcc.a(_arm_cmpdf2.o)
 .bss           0x00000000        0x0 c:/program files (x86)/gnu tools arm embedded/5.3 2016q1/bin/../lib/gcc/arm-none-eabi/5.3.1/armv7e-m\libgcc.a(_arm_cmpdf2.o)
 .text          0x00000000       0x2c c:/program files (x86)/gnu tools arm embedded/5.3 2016q1/bin/../lib/gcc/arm-none-eabi/5.3.1/armv7e-m\libgcc.a(_arm_unorddf2.o)
 .data          0x00000000        0x0 c:/program files (x86)/gnu tools arm embedded/5.3 2016q1/bin/../lib/gcc/arm-none-eabi/5.3.1/armv7e-m\libgcc.a(_arm_unorddf2.o)
 .bss           0x00000000        0x0 c:/program files (x86)/gnu tools arm embedded/5.3 2016q1/bin/../lib/gcc/arm-none-eabi/5.3.1/armv7e-m\libgcc.a(_arm_unorddf2.o)
 .ARM.attributes
                0x00000000       0x1e c:/program files (x86)/gnu tools arm embedded/5.3 2016q1/bin/../lib/gcc/arm-none-eabi/5.3.1/armv7e-m\libgcc.a(_arm_unorddf2.o)
 .data          0x00000000        0x0 c:/program files (x86)/gnu tools arm embedded/5.3 2016q1/bin/../lib/gcc/arm-none-eabi/5.3.1/armv7e-m\libgcc.a(_arm_fixdfsi.o)
 .bss           0x00000000        0x0 c:/program files (x86)/gnu tools arm embedded/5.3 2016q1/bin/../lib/gcc/arm-none-eabi/5.3.1/armv7e-m\libgcc.a(_arm_fixdfsi.o)
 .data          0x00000000        0x0 c:/program files (x86)/gnu tools arm embedded/5.3 2016q1/bin/../lib/gcc/arm-none-eabi/5.3.1/armv7e-m\libgcc.a(_arm_truncdfsf2.o)
 .bss           0x00000000        0x0 c:/program files (x86)/gnu tools arm embedded/5.3 2016q1/bin/../lib/gcc/arm-none-eabi/5.3.1/armv7e-m\libgcc.a(_arm_truncdfsf2.o)
 .text          0x00000000      0x21c c:/program files (x86)/gnu tools arm embedded/5.3 2016q1/bin/../lib/gcc/arm-none-eabi/5.3.1/armv7e-m\libgcc.a(_arm_addsubsf3.o)
 .data          0x00000000        0x0 c:/program files (x86)/gnu tools arm embedded/5.3 2016q1/bin/../lib/gcc/arm-none-eabi/5.3.1/armv7e-m\libgcc.a(_arm_addsubsf3.o)
 .bss           0x00000000        0x0 c:/program files (x86)/gnu tools arm embedded/5.3 2016q1/bin/../lib/gcc/arm-none-eabi/5.3.1/armv7e-m\libgcc.a(_arm_addsubsf3.o)
 .ARM.attributes
                0x00000000       0x1e c:/program files (x86)/gnu tools arm embedded/5.3 2016q1/bin/../lib/gcc/arm-none-eabi/5.3.1/armv7e-m\libgcc.a(_arm_addsubsf3.o)
 .text          0x00000000      0x2a0 c:/program files (x86)/gnu tools arm embedded/5.3 2016q1/bin/../lib/gcc/arm-none-eabi/5.3.1/armv7e-m\libgcc.a(_arm_muldivsf3.o)
 .data          0x00000000        0x0 c:/program files (x86)/gnu tools arm embedded/5.3 2016q1/bin/../lib/gcc/arm-none-eabi/5.3.1/armv7e-m\libgcc.a(_arm_muldivsf3.o)
 .bss           0x00000000        0x0 c:/program files (x86)/gnu tools arm embedded/5.3 2016q1/bin/../lib/gcc/arm-none-eabi/5.3.1/armv7e-m\libgcc.a(_arm_muldivsf3.o)
 .ARM.attributes
                0x00000000       0x1e c:/program files (x86)/gnu tools arm embedded/5.3 2016q1/bin/../lib/gcc/arm-none-eabi/5.3.1/armv7e-m\libgcc.a(_arm_muldivsf3.o)
 .text          0x00000000       0xec c:/program files (x86)/gnu tools arm embedded/5.3 2016q1/bin/../lib/gcc/arm-none-eabi/5.3.1/armv7e-m\libgcc.a(_arm_cmpsf2.o)
 .data          0x00000000        0x0 c:/program files (x86)/gnu tools arm embedded/5.3 2016q1/bin/../lib/gcc/arm-none-eabi/5.3.1/armv7e-m\libgcc.a(_arm_cmpsf2.o)
 .bss           0x00000000        0x0 c:/program files (x86)/gnu tools arm embedded/5.3 2016q1/bin/../lib/gcc/arm-none-eabi/5.3.1/armv7e-m\libgcc.a(_arm_cmpsf2.o)
 .ARM.attributes
                0x00000000       0x1e c:/program files (x86)/gnu tools arm embedded/5.3 2016q1/bin/../lib/gcc/arm-none-eabi/5.3.1/armv7e-m\libgcc.a(_arm_cmpsf2.o)
 .text          0x00000000       0x4c c:/program files (x86)/gnu tools arm embedded/5.3 2016q1/bin/../lib/gcc/arm-none-eabi/5.3.1/armv7e-m\libgcc.a(_arm_fixsfsi.o)
 .data          0x00000000        0x0 c:/program files (x86)/gnu tools arm embedded/5.3 2016q1/bin/../lib/gcc/arm-none-eabi/5.3.1/armv7e-m\libgcc.a(_arm_fixsfsi.o)
 .bss           0x00000000        0x0 c:/program files (x86)/gnu tools arm embedded/5.3 2016q1/bin/../lib/gcc/arm-none-eabi/5.3.1/armv7e-m\libgcc.a(_arm_fixsfsi.o)
 .ARM.attributes
                0x00000000       0x1e c:/program files (x86)/gnu tools arm embedded/5.3 2016q1/bin/../lib/gcc/arm-none-eabi/5.3.1/armv7e-m\libgcc.a(_arm_fixsfsi.o)
 .text          0x00000000        0x0 c:/program files (x86)/gnu tools arm embedded/5.3 2016q1/bin/../lib/gcc/arm-none-eabi/5.3.1/../../../../arm-none-eabi/lib/armv7e-m\libg.a(lib_a-errno.o)
 .data          0x00000000        0x0 c:/program files (x86)/gnu tools arm embedded/5.3 2016q1/bin/../lib/gcc/arm-none-eabi/5.3.1/../../../../arm-none-eabi/lib/armv7e-m\libg.a(lib_a-errno.o)
 .bss           0x00000000        0x0 c:/program files (x86)/gnu tools arm embedded/5.3 2016q1/bin/../lib/gcc/arm-none-eabi/5.3.1/../../../../arm-none-eabi/lib/armv7e-m\libg.a(lib_a-errno.o)
 .text.__errno  0x00000000        0xc c:/program files (x86)/gnu tools arm embedded/5.3 2016q1/bin/../lib/gcc/arm-none-eabi/5.3.1/../../../../arm-none-eabi/lib/armv7e-m\libg.a(lib_a-errno.o)
 .debug_frame   0x00000000       0x20 c:/program files (x86)/gnu tools arm embedded/5.3 2016q1/bin/../lib/gcc/arm-none-eabi/5.3.1/../../../../arm-none-eabi/lib/armv7e-m\libg.a(lib_a-errno.o)
 .ARM.attributes
                0x00000000       0x2e c:/program files (x86)/gnu tools arm embedded/5.3 2016q1/bin/../lib/gcc/arm-none-eabi/5.3.1/../../../../arm-none-eabi/lib/armv7e-m\libg.a(lib_a-errno.o)
 .text          0x00000000        0x0 c:/program files (x86)/gnu tools arm embedded/5.3 2016q1/bin/../lib/gcc/arm-none-eabi/5.3.1/../../../../arm-none-eabi/lib/armv7e-m\libg.a(lib_a-impure.o)
 .data          0x00000000        0x0 c:/program files (x86)/gnu tools arm embedded/5.3 2016q1/bin/../lib/gcc/arm-none-eabi/5.3.1/../../../../arm-none-eabi/lib/armv7e-m\libg.a(lib_a-impure.o)
 .bss           0x00000000        0x0 c:/program files (x86)/gnu tools arm embedded/5.3 2016q1/bin/../lib/gcc/arm-none-eabi/5.3.1/../../../../arm-none-eabi/lib/armv7e-m\libg.a(lib_a-impure.o)
 .data.impure_data
                0x00000000      0x428 c:/program files (x86)/gnu tools arm embedded/5.3 2016q1/bin/../lib/gcc/arm-none-eabi/5.3.1/../../../../arm-none-eabi/lib/armv7e-m\libg.a(lib_a-impure.o)
 .data._impure_ptr
                0x00000000        0x4 c:/program files (x86)/gnu tools arm embedded/5.3 2016q1/bin/../lib/gcc/arm-none-eabi/5.3.1/../../../../arm-none-eabi/lib/armv7e-m\libg.a(lib_a-impure.o)
 .rodata.str1.4
                0x00000000        0x2 c:/program files (x86)/gnu tools arm embedded/5.3 2016q1/bin/../lib/gcc/arm-none-eabi/5.3.1/../../../../arm-none-eabi/lib/armv7e-m\libg.a(lib_a-impure.o)
 .rodata._global_impure_ptr
                0x00000000        0x4 c:/program files (x86)/gnu tools arm embedded/5.3 2016q1/bin/../lib/gcc/arm-none-eabi/5.3.1/../../../../arm-none-eabi/lib/armv7e-m\libg.a(lib_a-impure.o)
 .ARM.attributes
                0x00000000       0x2e c:/program files (x86)/gnu tools arm embedded/5.3 2016q1/bin/../lib/gcc/arm-none-eabi/5.3.1/../../../../arm-none-eabi/lib/armv7e-m\libg.a(lib_a-impure.o)

Memory Configuration

Name             Origin             Length             Attributes
rom              0x08000000         0x00100000         xr
ram              0x20000000         0x00020000         xrw
ram1             0x10000000         0x00010000         xrw
*default*        0x00000000         0xffffffff

Linker script and memory map

                0x20020000                _eram = 0x20020000

.text           0x08000000     0x35a0
 *(.isr_vector)
 .isr_vector    0x08000000      0x188 ..\obj\startup_stm32f4xx.o
                0x08000000                g_pfnVectors
 *(.text*)
 .text.Default_Reset_Handler
                0x08000188       0x5c ..\obj\startup_stm32f4xx.o
                0x08000188                Default_Reset_Handler
                0x08000188                Reset_Handler
 .text.Default_Handler
                0x080001e4        0x8 ..\obj\startup_stm32f4xx.o
                0x080001e4                RTC_Alarm_IRQHandler
                0x080001e4                HASH_RNG_IRQHandler
                0x080001e4                EXTI2_IRQHandler
                0x080001e4                TIM8_CC_IRQHandler
                0x080001e4                DebugMon_Handler
                0x080001e4                TIM1_CC_IRQHandler
                0x080001e4                HardFault_Handler
                0x080001e4                DMA1_Stream5_IRQHandler
                0x080001e4                SysTick_Handler
                0x080001e4                PVD_IRQHandler
                0x080001e4                SDIO_IRQHandler
                0x080001e4                TAMP_STAMP_IRQHandler
                0x080001e4                PendSV_Handler
                0x080001e4                NMI_Handler
                0x080001e4                CAN2_RX1_IRQHandler
                0x080001e4                EXTI3_IRQHandler
                0x080001e4                TIM8_TRG_COM_TIM14_IRQHandler
                0x080001e4                TIM1_UP_TIM10_IRQHandler
                0x080001e4                TIM8_UP_TIM13_IRQHandler
                0x080001e4                I2C3_ER_IRQHandler
                0x080001e4                EXTI0_IRQHandler
                0x080001e4                I2C2_EV_IRQHandler
                0x080001e4                DMA1_Stream2_IRQHandler
                0x080001e4                CAN1_RX0_IRQHandler
                0x080001e4                FPU_IRQHandler
                0x080001e4                OTG_HS_WKUP_IRQHandler
                0x080001e4                UsageFault_Handler
                0x080001e4                CAN2_SCE_IRQHandler
                0x080001e4                DMA2_Stream2_IRQHandler
                0x080001e4                SPI1_IRQHandler
                0x080001e4                TIM6_DAC_IRQHandler
                0x080001e4                TIM1_BRK_TIM9_IRQHandler
                0x080001e4                DCMI_IRQHandler
                0x080001e4                CAN2_RX0_IRQHandler
                0x080001e4                DMA2_Stream3_IRQHandler
                0x080001e4                USART6_IRQHandler
                0x080001e4                USART3_IRQHandler
                0x080001e4                CRYP_IRQHandler
                0x080001e4                CAN1_RX1_IRQHandler
                0x080001e4                UART5_IRQHandler
                0x080001e4                DMA2_Stream0_IRQHandler
                0x080001e4                TIM4_IRQHandler
                0x080001e4                I2C1_EV_IRQHandler
                0x080001e4                DMA1_Stream6_IRQHandler
                0x080001e4                DMA1_Stream1_IRQHandler
                0x080001e4                UART4_IRQHandler
                0x080001e4                TIM3_IRQHandler
                0x080001e4                RCC_IRQHandler
                0x080001e4                TIM8_BRK_TIM12_IRQHandler
                0x080001e4                EXTI15_10_IRQHandler
                0x080001e4                ADC_IRQHandler
                0x080001e4                DMA1_Stream7_IRQHandler
                0x080001e4                TIM7_IRQHandler
                0x080001e4                CAN2_TX_IRQHandler
                0x080001e4                TIM5_IRQHandler
                0x080001e4                DMA2_Stream7_IRQHandler
                0x080001e4                I2C3_EV_IRQHandler
                0x080001e4                EXTI9_5_IRQHandler
                0x080001e4                RTC_WKUP_IRQHandler
                0x080001e4                ETH_WKUP_IRQHandler
                0x080001e4                SPI2_IRQHandler
                0x080001e4                OTG_HS_EP1_IN_IRQHandler
                0x080001e4                MemManage_Handler
                0x080001e4                DMA1_Stream0_IRQHandler
                0x080001e4                CAN1_TX_IRQHandler
                0x080001e4                SVC_Handler
                0x080001e4                EXTI4_IRQHandler
                0x080001e4                FSMC_IRQHandler
                0x080001e4                ETH_IRQHandler
                0x080001e4                OTG_HS_EP1_OUT_IRQHandler
                0x080001e4                WWDG_IRQHandler
                0x080001e4                OTG_FS_WKUP_IRQHandler
                0x080001e4                TIM1_TRG_COM_TIM11_IRQHandler
                0x080001e4                OTG_HS_IRQHandler
                0x080001e4                EXTI1_IRQHandler
                0x080001e4                USART2_IRQHandler
                0x080001e4                I2C2_ER_IRQHandler
                0x080001e4                DMA2_Stream1_IRQHandler
                0x080001e4                CAN1_SCE_IRQHandler
                0x080001e4                FLASH_IRQHandler
                0x080001e4                DMA2_Stream4_IRQHandler
                0x080001e4                BusFault_Handler
                0x080001e4                USART1_IRQHandler
                0x080001e4                OTG_FS_IRQHandler
                0x080001e4                SPI3_IRQHandler
                0x080001e4                DMA1_Stream4_IRQHandler
                0x080001e4                I2C1_ER_IRQHandler
                0x080001e4                DMA2_Stream6_IRQHandler
                0x080001e4                DMA1_Stream3_IRQHandler
 .text.main     0x080001ec       0x80 ..\obj\main.o
                0x080001ec                main
 .text.RCC_AHB1PeriphClockCmd
                0x0800026c       0x3c ..\obj\stm32f4xx_rcc.o
                0x0800026c                RCC_AHB1PeriphClockCmd
 .text.RCC_APB1PeriphClockCmd
                0x080002a8       0x3c ..\obj\stm32f4xx_rcc.o
                0x080002a8                RCC_APB1PeriphClockCmd
 .text.RCC_APB2PeriphClockCmd
                0x080002e4       0x3c ..\obj\stm32f4xx_rcc.o
                0x080002e4                RCC_APB2PeriphClockCmd
 .text.GPIO_Init
                0x08000320      0x11c ..\obj\stm32f4xx_gpio.o
                0x08000320                GPIO_Init
 .text.GPIO_PinAFConfig
                0x0800043c       0x90 ..\obj\stm32f4xx_gpio.o
                0x0800043c                GPIO_PinAFConfig
 .text.SystemInit
                0x080004cc       0x5c ..\obj\system_stm32f4xx.o
                0x080004cc                SystemInit
 .text.SetSysClock
                0x08000528       0xf4 ..\obj\system_stm32f4xx.o
 .text.DMA_DeInit
                0x0800061c      0x1a4 ..\obj\stm32f4xx_dma.o
                0x0800061c                DMA_DeInit
 .text.DMA_Init
                0x080007c0       0xac ..\obj\stm32f4xx_dma.o
                0x080007c0                DMA_Init
 .text.DMA_Cmd  0x0800086c       0x38 ..\obj\stm32f4xx_dma.o
                0x0800086c                DMA_Cmd
 .text.DMA_ITConfig
                0x080008a4       0x74 ..\obj\stm32f4xx_dma.o
                0x080008a4                DMA_ITConfig
 .text.DMA_GetITStatus
                0x08000918       0xac ..\obj\stm32f4xx_dma.o
                0x08000918                DMA_GetITStatus
 .text.DMA_ClearITPendingBit
                0x080009c4       0x5c ..\obj\stm32f4xx_dma.o
                0x080009c4                DMA_ClearITPendingBit
 .text.UB_VGA_Screen_Init
                0x08000a20       0x80 ..\obj\stm32_ub_vga_screen.o
                0x08000a20                UB_VGA_Screen_Init
 .text.UB_VGA_FillScreen
                0x08000aa0       0x44 ..\obj\stm32_ub_vga_screen.o
                0x08000aa0                UB_VGA_FillScreen
 .text.UB_VGA_SetPixel
                0x08000ae4       0x4c ..\obj\stm32_ub_vga_screen.o
                0x08000ae4                UB_VGA_SetPixel
 .text.P_VGA_InitIO
                0x08000b30       0xa8 ..\obj\stm32_ub_vga_screen.o
                0x08000b30                P_VGA_InitIO
 .text.P_VGA_InitTIM
                0x08000bd8       0xcc ..\obj\stm32_ub_vga_screen.o
                0x08000bd8                P_VGA_InitTIM
 .text.P_VGA_InitINT
                0x08000ca4       0x58 ..\obj\stm32_ub_vga_screen.o
                0x08000ca4                P_VGA_InitINT
 .text.P_VGA_InitDMA
                0x08000cfc       0x90 ..\obj\stm32_ub_vga_screen.o
                0x08000cfc                P_VGA_InitDMA
 .text.TIM2_IRQHandler
                0x08000d8c       0xbc ..\obj\stm32_ub_vga_screen.o
                0x08000d8c                TIM2_IRQHandler
 .text.DMA2_Stream5_IRQHandler
                0x08000e48       0x4c ..\obj\stm32_ub_vga_screen.o
                0x08000e48                DMA2_Stream5_IRQHandler
 .text.NVIC_Init
                0x08000e94       0xc0 ..\obj\misc.o
                0x08000e94                NVIC_Init
 .text.DrawPixel
                0x08000f54       0x28 ..\obj\middle.o
                0x08000f54                DrawPixel
 .text.DrawRectangle
                0x08000f7c       0xd8 ..\obj\middle.o
                0x08000f7c                DrawRectangle
 *fill*         0x08001054        0x4 
 .text.DrawEllipse
                0x08001058      0x254 ..\obj\middle.o
                0x08001058                DrawEllipse
 .text.TIM_TimeBaseInit
                0x080012ac       0xd4 ..\obj\stm32f4xx_tim.o
                0x080012ac                TIM_TimeBaseInit
 .text.TIM_ARRPreloadConfig
                0x08001380       0x40 ..\obj\stm32f4xx_tim.o
                0x08001380                TIM_ARRPreloadConfig
 .text.TIM_Cmd  0x080013c0       0x40 ..\obj\stm32f4xx_tim.o
                0x080013c0                TIM_Cmd
 .text.TIM_OC3Init
                0x08001400      0x10c ..\obj\stm32f4xx_tim.o
                0x08001400                TIM_OC3Init
 .text.TIM_OC4Init
                0x0800150c       0xcc ..\obj\stm32f4xx_tim.o
                0x0800150c                TIM_OC4Init
 .text.TIM_OC3PreloadConfig
                0x080015d8       0x38 ..\obj\stm32f4xx_tim.o
                0x080015d8                TIM_OC3PreloadConfig
 .text.TIM_OC4PreloadConfig
                0x08001610       0x3c ..\obj\stm32f4xx_tim.o
                0x08001610                TIM_OC4PreloadConfig
 .text.TIM_ITConfig
                0x0800164c       0x48 ..\obj\stm32f4xx_tim.o
                0x0800164c                TIM_ITConfig
 .text.TIM_ClearITPendingBit
                0x08001694       0x20 ..\obj\stm32f4xx_tim.o
                0x08001694                TIM_ClearITPendingBit
 .text.TIM_DMACmd
                0x080016b4       0x48 ..\obj\stm32f4xx_tim.o
                0x080016b4                TIM_DMACmd
 .text.cos      0x080016fc       0x94 c:/program files (x86)/gnu tools arm embedded/5.3 2016q1/bin/../lib/gcc/arm-none-eabi/5.3.1/../../../../arm-none-eabi/lib/armv7e-m\libm.a(lib_a-s_cos.o)
                0x080016fc                cos
 .text.sin      0x08001790       0x88 c:/program files (x86)/gnu tools arm embedded/5.3 2016q1/bin/../lib/gcc/arm-none-eabi/5.3.1/../../../../arm-none-eabi/lib/armv7e-m\libm.a(lib_a-s_sin.o)
                0x08001790                sin
 .text.__ieee754_rem_pio2
                0x08001818      0x444 c:/program files (x86)/gnu tools arm embedded/5.3 2016q1/bin/../lib/gcc/arm-none-eabi/5.3.1/../../../../arm-none-eabi/lib/armv7e-m\libm.a(lib_a-e_rem_pio2.o)
                0x08001818                __ieee754_rem_pio2
 *fill*         0x08001c5c        0x4 
 .text.__kernel_cos
                0x08001c60      0x248 c:/program files (x86)/gnu tools arm embedded/5.3 2016q1/bin/../lib/gcc/arm-none-eabi/5.3.1/../../../../arm-none-eabi/lib/armv7e-m\libm.a(lib_a-k_cos.o)
                0x08001c60                __kernel_cos
 .text.__kernel_rem_pio2
                0x08001ea8      0x7f8 c:/program files (x86)/gnu tools arm embedded/5.3 2016q1/bin/../lib/gcc/arm-none-eabi/5.3.1/../../../../arm-none-eabi/lib/armv7e-m\libm.a(lib_a-k_rem_pio2.o)
                0x08001ea8                __kernel_rem_pio2
 .text.__kernel_sin
                0x080026a0      0x16c c:/program files (x86)/gnu tools arm embedded/5.3 2016q1/bin/../lib/gcc/arm-none-eabi/5.3.1/../../../../arm-none-eabi/lib/armv7e-m\libm.a(lib_a-k_sin.o)
                0x080026a0                __kernel_sin
 .text.fabs     0x0800280c        0x8 c:/program files (x86)/gnu tools arm embedded/5.3 2016q1/bin/../lib/gcc/arm-none-eabi/5.3.1/../../../../arm-none-eabi/lib/armv7e-m\libm.a(lib_a-s_fabs.o)
                0x0800280c                fabs
 *fill*         0x08002814        0x4 
 .text.floor    0x08002818      0x110 c:/program files (x86)/gnu tools arm embedded/5.3 2016q1/bin/../lib/gcc/arm-none-eabi/5.3.1/../../../../arm-none-eabi/lib/armv7e-m\libm.a(lib_a-s_floor.o)
                0x08002818                floor
 .text.scalbn   0x08002928       0xfc c:/program files (x86)/gnu tools arm embedded/5.3 2016q1/bin/../lib/gcc/arm-none-eabi/5.3.1/../../../../arm-none-eabi/lib/armv7e-m\libm.a(lib_a-s_scalbn.o)
                0x08002928                scalbn
 .text.copysign
                0x08002a24       0x10 c:/program files (x86)/gnu tools arm embedded/5.3 2016q1/bin/../lib/gcc/arm-none-eabi/5.3.1/../../../../arm-none-eabi/lib/armv7e-m\libm.a(lib_a-s_copysign.o)
                0x08002a24                copysign
 .text          0x08002a34      0x370 c:/program files (x86)/gnu tools arm embedded/5.3 2016q1/bin/../lib/gcc/arm-none-eabi/5.3.1/armv7e-m\libgcc.a(_arm_addsubdf3.o)
                0x08002a34                __aeabi_drsub
                0x08002a3c                __aeabi_dsub
                0x08002a3c                __subdf3
                0x08002a40                __aeabi_dadd
                0x08002a40                __adddf3
                0x08002cb8                __floatunsidf
                0x08002cb8                __aeabi_ui2d
                0x08002cd8                __floatsidf
                0x08002cd8                __aeabi_i2d
                0x08002cfc                __aeabi_f2d
                0x08002cfc                __extendsfdf2
                0x08002d38                __floatundidf
                0x08002d38                __aeabi_ul2d
                0x08002d48                __floatdidf
                0x08002d48                __aeabi_l2d
 .text          0x08002da4      0x424 c:/program files (x86)/gnu tools arm embedded/5.3 2016q1/bin/../lib/gcc/arm-none-eabi/5.3.1/armv7e-m\libgcc.a(_arm_muldivdf3.o)
                0x08002da4                __aeabi_dmul
                0x08002da4                __muldf3
                0x08002ff8                __divdf3
                0x08002ff8                __aeabi_ddiv
 .text          0x080031c8      0x110 c:/program files (x86)/gnu tools arm embedded/5.3 2016q1/bin/../lib/gcc/arm-none-eabi/5.3.1/armv7e-m\libgcc.a(_arm_cmpdf2.o)
                0x080031c8                __gtdf2
                0x080031c8                __gedf2
                0x080031d0                __ltdf2
                0x080031d0                __ledf2
                0x080031d8                __nedf2
                0x080031d8                __eqdf2
                0x080031d8                __cmpdf2
                0x08003254                __aeabi_cdrcmple
                0x08003264                __aeabi_cdcmpeq
                0x08003264                __aeabi_cdcmple
                0x08003274                __aeabi_dcmpeq
                0x08003288                __aeabi_dcmplt
                0x0800329c                __aeabi_dcmple
                0x080032b0                __aeabi_dcmpge
                0x080032c4                __aeabi_dcmpgt
 .text          0x080032d8       0x50 c:/program files (x86)/gnu tools arm embedded/5.3 2016q1/bin/../lib/gcc/arm-none-eabi/5.3.1/armv7e-m\libgcc.a(_arm_fixdfsi.o)
                0x080032d8                __aeabi_d2iz
                0x080032d8                __fixdfsi
 .text          0x08003328       0xa0 c:/program files (x86)/gnu tools arm embedded/5.3 2016q1/bin/../lib/gcc/arm-none-eabi/5.3.1/armv7e-m\libgcc.a(_arm_truncdfsf2.o)
                0x08003328                __truncdfsf2
                0x08003328                __aeabi_d2f
 *(.init)
 *(.fini)
 *crtbegin.o(.ctors)
 *crtbegin?.o(.ctors)
 *(EXCLUDE_FILE(*crtend.o *crtend?.o) .ctors)
 *(SORT(.ctors.*))
 *(.ctors)
 *crtbegin.o(.dtors)
 *crtbegin?.o(.dtors)
 *(EXCLUDE_FILE(*crtend.o *crtend?.o) .dtors)
 *(SORT(.dtors.*))
 *(.dtors)
 *(.rodata*)
 .rodata.npio2_hw
                0x080033c8       0x80 c:/program files (x86)/gnu tools arm embedded/5.3 2016q1/bin/../lib/gcc/arm-none-eabi/5.3.1/../../../../arm-none-eabi/lib/armv7e-m\libm.a(lib_a-e_rem_pio2.o)
 .rodata.two_over_pi
                0x08003448      0x108 c:/program files (x86)/gnu tools arm embedded/5.3 2016q1/bin/../lib/gcc/arm-none-eabi/5.3.1/../../../../arm-none-eabi/lib/armv7e-m\libm.a(lib_a-e_rem_pio2.o)
 .rodata.init_jk
                0x08003550       0x10 c:/program files (x86)/gnu tools arm embedded/5.3 2016q1/bin/../lib/gcc/arm-none-eabi/5.3.1/../../../../arm-none-eabi/lib/armv7e-m\libm.a(lib_a-k_rem_pio2.o)
 .rodata.PIo2   0x08003560       0x40 c:/program files (x86)/gnu tools arm embedded/5.3 2016q1/bin/../lib/gcc/arm-none-eabi/5.3.1/../../../../arm-none-eabi/lib/armv7e-m\libm.a(lib_a-k_rem_pio2.o)
 *(.eh_fram e*)

.glue_7         0x080035a0        0x0
 .glue_7        0x080035a0        0x0 linker stubs

.glue_7t        0x080035a0        0x0
 .glue_7t       0x080035a0        0x0 linker stubs

.vfp11_veneer   0x080035a0        0x0
 .vfp11_veneer  0x080035a0        0x0 linker stubs

.v4_bx          0x080035a0        0x0
 .v4_bx         0x080035a0        0x0 linker stubs

.iplt           0x080035a0        0x0
 .iplt          0x080035a0        0x0 ..\obj\startup_stm32f4xx.o

.rel.dyn        0x080035a0        0x0
 .rel.iplt      0x080035a0        0x0 ..\obj\startup_stm32f4xx.o

.ARM.extab
 *(.ARM.extab* .gnu.linkonce.armextab.*)
                0x080035a0                __exidx_start = .

.ARM.exidx
 *(.ARM.exidx* .gnu.linkonce.armexidx.*)
                0x080035a0                __exidx_end = .
                0x080035a0                __etext = .
                0x080035a0                _sidata = __etext

.data           0x20000000        0x0 load address 0x080035a0
                0x20000000                __data_start__ = .
                0x20000000                _sdata = __data_start__
 *(vtable)
 *(.data*)
                0x20000000                . = ALIGN (0x4)
                [!provide]                PROVIDE (__preinit_array_start, .)
 *(.preinit_array)
                [!provide]                PROVIDE (__preinit_array_end, .)
                0x20000000                . = ALIGN (0x4)
                [!provide]                PROVIDE (__init_array_start, .)
 *(SORT(.init_array.*))
 *(.init_array)
                [!provide]                PROVIDE (__init_array_end, .)
                0x20000000                . = ALIGN (0x4)
                [!provide]                PROVIDE (__fini_array_start, .)
 *(SORT(.fini_array.*))
 *(.fini_array)
                [!provide]                PROVIDE (__fini_array_end, .)
 *(.jcr*)
                0x20000000                . = ALIGN (0x4)
                0x20000000                __data_end__ = .
                0x20000000                _edata = __data_end__

.igot.plt       0x20000000        0x0
 .igot.plt      0x20000000        0x0 ..\obj\startup_stm32f4xx.o

.bss            0x20000000    0x12d00
                0x20000000                . = ALIGN (0x4)
                0x20000000                __bss_start__ = .
                0x20000000                _sbss = __bss_start__
 *(.bss*)
 *(COMMON)
 COMMON         0x20000000    0x12d00 ..\obj\main.o
                0x20000000                fillColor
                0x20000004                VGA
                0x20000010                VGA_RAM1
                0x20012d00                . = ALIGN (0x4)
                0x20012d00                __bss_end__ = .
                0x20012d00                _ebss = __bss_end__

.heap           0x20012d00        0x0
                0x20012d00                __end__ = .
                0x20012d00                _end = __end__
                0x20012d00                end = __end__
 *(.heap*)
                0x20012d00                __HeapLimit = .

.co_stack       0x20012d00      0x800
                0x20012d00                . = ALIGN (0x8)
 *(.co_stack .co_stack.*)
 .co_stack      0x20012d00      0x800 ..\obj\startup_stm32f4xx.o
                0x20012d00                pulStack
                0x20020000                __StackTop = (ORIGIN (ram) + LENGTH (ram))
                0x2001f800                __StackLimit = (__StackTop - SIZEOF (.co_stack))
                [!provide]                PROVIDE (__stack, __StackTop)
                0x00000001                ASSERT ((__StackLimit >= __HeapLimit), region ram  overflowed with stack)
LOAD ..\obj\startup_stm32f4xx.o
LOAD ..\obj\main.o
LOAD ..\obj\stm32f4xx_rcc.o
LOAD ..\obj\top.o
LOAD ..\obj\stm32f4xx_gpio.o
LOAD ..\obj\system_stm32f4xx.o
LOAD ..\obj\syscalls.o
LOAD ..\obj\stm32f4xx_dma.o
LOAD ..\obj\stm32_ub_vga_screen.o
LOAD ..\obj\misc.o
LOAD ..\obj\middle.o
LOAD ..\obj\stm32f4xx_tim.o
LOAD c:/program files (x86)/gnu tools arm embedded/5.3 2016q1/bin/../lib/gcc/arm-none-eabi/5.3.1/../../../../arm-none-eabi/lib/armv7e-m\libm.a
START GROUP
LOAD c:/program files (x86)/gnu tools arm embedded/5.3 2016q1/bin/../lib/gcc/arm-none-eabi/5.3.1/armv7e-m\libgcc.a
LOAD c:/program files (x86)/gnu tools arm embedded/5.3 2016q1/bin/../lib/gcc/arm-none-eabi/5.3.1/../../../../arm-none-eabi/lib/armv7e-m\libg.a
LOAD c:/program files (x86)/gnu tools arm embedded/5.3 2016q1/bin/../lib/gcc/arm-none-eabi/5.3.1/../../../../arm-none-eabi/lib/armv7e-m\libc.a
END GROUP
OUTPUT(SoftwareOntwikkeling.elf elf32-littlearm)

.debug_info     0x00000000     0x538e
 .debug_info    0x00000000       0xf2 ..\obj\startup_stm32f4xx.o
 .debug_info    0x000000f2      0x187 ..\obj\main.o
 .debug_info    0x00000279      0xc63 ..\obj\stm32f4xx_rcc.o
 .debug_info    0x00000edc      0x61a ..\obj\stm32f4xx_gpio.o
 .debug_info    0x000014f6      0x5c5 ..\obj\system_stm32f4xx.o
 .debug_info    0x00001abb      0x741 ..\obj\stm32f4xx_dma.o
 .debug_info    0x000021fc      0xad9 ..\obj\stm32_ub_vga_screen.o
 .debug_info    0x00002cd5      0x556 ..\obj\misc.o
 .debug_info    0x0000322b      0x4fa ..\obj\middle.o
 .debug_info    0x00003725     0x1c69 ..\obj\stm32f4xx_tim.o

.debug_abbrev   0x00000000      0xd29
 .debug_abbrev  0x00000000       0xb0 ..\obj\startup_stm32f4xx.o
 .debug_abbrev  0x000000b0       0xb7 ..\obj\main.o
 .debug_abbrev  0x00000167      0x1e5 ..\obj\stm32f4xx_rcc.o
 .debug_abbrev  0x0000034c      0x1a7 ..\obj\stm32f4xx_gpio.o
 .debug_abbrev  0x000004f3      0x138 ..\obj\system_stm32f4xx.o
 .debug_abbrev  0x0000062b      0x157 ..\obj\stm32f4xx_dma.o
 .debug_abbrev  0x00000782      0x1d0 ..\obj\stm32_ub_vga_screen.o
 .debug_abbrev  0x00000952      0x147 ..\obj\misc.o
 .debug_abbrev  0x00000a99      0x107 ..\obj\middle.o
 .debug_abbrev  0x00000ba0      0x189 ..\obj\stm32f4xx_tim.o

.debug_aranges  0x00000000      0x708
 .debug_aranges
                0x00000000       0x28 ..\obj\startup_stm32f4xx.o
 .debug_aranges
                0x00000028       0x20 ..\obj\main.o
 .debug_aranges
                0x00000048      0x178 ..\obj\stm32f4xx_rcc.o
 .debug_aranges
                0x000001c0       0x88 ..\obj\stm32f4xx_gpio.o
 .debug_aranges
                0x00000248       0x30 ..\obj\system_stm32f4xx.o
 .debug_aranges
                0x00000278       0xb0 ..\obj\stm32f4xx_dma.o
 .debug_aranges
                0x00000328       0x60 ..\obj\stm32_ub_vga_screen.o
 .debug_aranges
                0x00000388       0x40 ..\obj\misc.o
 .debug_aranges
                0x000003c8       0x48 ..\obj\middle.o
 .debug_aranges
                0x00000410      0x2f8 ..\obj\stm32f4xx_tim.o

.debug_ranges   0x00000000      0x668
 .debug_ranges  0x00000000       0x18 ..\obj\startup_stm32f4xx.o
 .debug_ranges  0x00000018       0x10 ..\obj\main.o
 .debug_ranges  0x00000028      0x168 ..\obj\stm32f4xx_rcc.o
 .debug_ranges  0x00000190       0x78 ..\obj\stm32f4xx_gpio.o
 .debug_ranges  0x00000208       0x20 ..\obj\system_stm32f4xx.o
 .debug_ranges  0x00000228       0xa0 ..\obj\stm32f4xx_dma.o
 .debug_ranges  0x000002c8       0x50 ..\obj\stm32_ub_vga_screen.o
 .debug_ranges  0x00000318       0x30 ..\obj\misc.o
 .debug_ranges  0x00000348       0x38 ..\obj\middle.o
 .debug_ranges  0x00000380      0x2e8 ..\obj\stm32f4xx_tim.o

.debug_line     0x00000000     0x2609
 .debug_line    0x00000000       0xa1 ..\obj\startup_stm32f4xx.o
 .debug_line    0x000000a1      0x1c8 ..\obj\main.o
 .debug_line    0x00000269      0x5c5 ..\obj\stm32f4xx_rcc.o
 .debug_line    0x0000082e      0x380 ..\obj\stm32f4xx_gpio.o
 .debug_line    0x00000bae      0x202 ..\obj\system_stm32f4xx.o
 .debug_line    0x00000db0      0x44a ..\obj\stm32f4xx_dma.o
 .debug_line    0x000011fa      0x3b2 ..\obj\stm32_ub_vga_screen.o
 .debug_line    0x000015ac      0x25e ..\obj\misc.o
 .debug_line    0x0000180a      0x31e ..\obj\middle.o
 .debug_line    0x00001b28      0xae1 ..\obj\stm32f4xx_tim.o

.debug_str      0x00000000     0x253c
 .debug_str     0x00000000      0x135 ..\obj\startup_stm32f4xx.o
                                0x147 (size before relaxing)
 .debug_str     0x00000135      0x106 ..\obj\main.o
                                0x1ed (size before relaxing)
 .debug_str     0x0000023b      0x6b4 ..\obj\stm32f4xx_rcc.o
                                0x850 (size before relaxing)
 .debug_str     0x000008ef      0x328 ..\obj\stm32f4xx_gpio.o
                                0x4a3 (size before relaxing)
 .debug_str     0x00000c17      0x118 ..\obj\system_stm32f4xx.o
                                0x3aa (size before relaxing)
 .debug_str     0x00000d2f      0x397 ..\obj\stm32f4xx_dma.o
                                0x542 (size before relaxing)
 .debug_str     0x000010c6      0x83a ..\obj\stm32_ub_vga_screen.o
                                0xcdd (size before relaxing)
 .debug_str     0x00001900      0x161 ..\obj\misc.o
                                0x3ce (size before relaxing)
 .debug_str     0x00001a61       0xdd ..\obj\middle.o
                                0x2a2 (size before relaxing)
 .debug_str     0x00001b3e      0x9fe ..\obj\stm32f4xx_tim.o
                                0xdd0 (size before relaxing)

.comment        0x00000000       0x6e
 .comment       0x00000000       0x6e ..\obj\startup_stm32f4xx.o
                                 0x6f (size before relaxing)
 .comment       0x0000006e       0x6f ..\obj\main.o
 .comment       0x0000006e       0x6f ..\obj\stm32f4xx_rcc.o
 .comment       0x0000006e       0x6f ..\obj\stm32f4xx_gpio.o
 .comment       0x0000006e       0x6f ..\obj\system_stm32f4xx.o
 .comment       0x0000006e       0x6f ..\obj\stm32f4xx_dma.o
 .comment       0x0000006e       0x6f ..\obj\stm32_ub_vga_screen.o
 .comment       0x0000006e       0x6f ..\obj\misc.o
 .comment       0x0000006e       0x6f ..\obj\middle.o
 .comment       0x0000006e       0x6f ..\obj\stm32f4xx_tim.o

.ARM.attributes
                0x00000000       0x33
 .ARM.attributes
                0x00000000       0x33 ..\obj\startup_stm32f4xx.o
 .ARM.attributes
                0x00000033       0x33 ..\obj\main.o
 .ARM.attributes
                0x00000066       0x33 ..\obj\stm32f4xx_rcc.o
 .ARM.attributes
                0x00000099       0x33 ..\obj\stm32f4xx_gpio.o
 .ARM.attributes
                0x000000cc       0x33 ..\obj\system_stm32f4xx.o
 .ARM.attributes
                0x000000ff       0x33 ..\obj\stm32f4xx_dma.o
 .ARM.attributes
                0x00000132       0x33 ..\obj\stm32_ub_vga_screen.o
 .ARM.attributes
                0x00000165       0x33 ..\obj\misc.o
 .ARM.attributes
                0x00000198       0x33 ..\obj\middle.o
 .ARM.attributes
                0x000001cb       0x33 ..\obj\stm32f4xx_tim.o
 .ARM.attributes
                0x000001fe       0x2e c:/program files (x86)/gnu tools arm embedded/5.3 2016q1/bin/../lib/gcc/arm-none-eabi/5.3.1/../../../../arm-none-eabi/lib/armv7e-m\libm.a(lib_a-s_cos.o)
 .ARM.attributes
                0x0000022c       0x2e c:/program files (x86)/gnu tools arm embedded/5.3 2016q1/bin/../lib/gcc/arm-none-eabi/5.3.1/../../../../arm-none-eabi/lib/armv7e-m\libm.a(lib_a-s_sin.o)
 .ARM.attributes
                0x0000025a       0x2e c:/program files (x86)/gnu tools arm embedded/5.3 2016q1/bin/../lib/gcc/arm-none-eabi/5.3.1/../../../../arm-none-eabi/lib/armv7e-m\libm.a(lib_a-e_rem_pio2.o)
 .ARM.attributes
                0x00000288       0x2e c:/program files (x86)/gnu tools arm embedded/5.3 2016q1/bin/../lib/gcc/arm-none-eabi/5.3.1/../../../../arm-none-eabi/lib/armv7e-m\libm.a(lib_a-k_cos.o)
 .ARM.attributes
                0x000002b6       0x2e c:/program files (x86)/gnu tools arm embedded/5.3 2016q1/bin/../lib/gcc/arm-none-eabi/5.3.1/../../../../arm-none-eabi/lib/armv7e-m\libm.a(lib_a-k_rem_pio2.o)
 .ARM.attributes
                0x000002e4       0x2e c:/program files (x86)/gnu tools arm embedded/5.3 2016q1/bin/../lib/gcc/arm-none-eabi/5.3.1/../../../../arm-none-eabi/lib/armv7e-m\libm.a(lib_a-k_sin.o)
 .ARM.attributes
                0x00000312       0x2e c:/program files (x86)/gnu tools arm embedded/5.3 2016q1/bin/../lib/gcc/arm-none-eabi/5.3.1/../../../../arm-none-eabi/lib/armv7e-m\libm.a(lib_a-s_fabs.o)
 .ARM.attributes
                0x00000340       0x2e c:/program files (x86)/gnu tools arm embedded/5.3 2016q1/bin/../lib/gcc/arm-none-eabi/5.3.1/../../../../arm-none-eabi/lib/armv7e-m\libm.a(lib_a-s_floor.o)
 .ARM.attributes
                0x0000036e       0x2e c:/program files (x86)/gnu tools arm embedded/5.3 2016q1/bin/../lib/gcc/arm-none-eabi/5.3.1/../../../../arm-none-eabi/lib/armv7e-m\libm.a(lib_a-s_scalbn.o)
 .ARM.attributes
                0x0000039c       0x2e c:/program files (x86)/gnu tools arm embedded/5.3 2016q1/bin/../lib/gcc/arm-none-eabi/5.3.1/../../../../arm-none-eabi/lib/armv7e-m\libm.a(lib_a-s_copysign.o)
 .ARM.attributes
                0x000003ca       0x1e c:/program files (x86)/gnu tools arm embedded/5.3 2016q1/bin/../lib/gcc/arm-none-eabi/5.3.1/armv7e-m\libgcc.a(_arm_addsubdf3.o)
 .ARM.attributes
                0x000003e8       0x1e c:/program files (x86)/gnu tools arm embedded/5.3 2016q1/bin/../lib/gcc/arm-none-eabi/5.3.1/armv7e-m\libgcc.a(_arm_muldivdf3.o)
 .ARM.attributes
                0x00000406       0x1e c:/program files (x86)/gnu tools arm embedded/5.3 2016q1/bin/../lib/gcc/arm-none-eabi/5.3.1/armv7e-m\libgcc.a(_arm_cmpdf2.o)
 .ARM.attributes
                0x00000424       0x1e c:/program files (x86)/gnu tools arm embedded/5.3 2016q1/bin/../lib/gcc/arm-none-eabi/5.3.1/armv7e-m\libgcc.a(_arm_fixdfsi.o)
 .ARM.attributes
                0x00000442       0x1e c:/program files (x86)/gnu tools arm embedded/5.3 2016q1/bin/../lib/gcc/arm-none-eabi/5.3.1/armv7e-m\libgcc.a(_arm_truncdfsf2.o)

.debug_frame    0x00000000     0x20cc
 .debug_frame   0x00000000       0x4c ..\obj\startup_stm32f4xx.o
 .debug_frame   0x0000004c       0x30 ..\obj\main.o
 .debug_frame   0x0000007c      0x6d4 ..\obj\stm32f4xx_rcc.o
 .debug_frame   0x00000750      0x23c ..\obj\stm32f4xx_gpio.o
 .debug_frame   0x0000098c       0x7c ..\obj\system_stm32f4xx.o
 .debug_frame   0x00000a08      0x308 ..\obj\stm32f4xx_dma.o
 .debug_frame   0x00000d10      0x148 ..\obj\stm32_ub_vga_screen.o
 .debug_frame   0x00000e58       0xd8 ..\obj\misc.o
 .debug_frame   0x00000f30      0x108 ..\obj\middle.o
 .debug_frame   0x00001038      0xe54 ..\obj\stm32f4xx_tim.o
 .debug_frame   0x00001e8c       0x38 c:/program files (x86)/gnu tools arm embedded/5.3 2016q1/bin/../lib/gcc/arm-none-eabi/5.3.1/../../../../arm-none-eabi/lib/armv7e-m\libm.a(lib_a-s_cos.o)
 .debug_frame   0x00001ec4       0x38 c:/program files (x86)/gnu tools arm embedded/5.3 2016q1/bin/../lib/gcc/arm-none-eabi/5.3.1/../../../../arm-none-eabi/lib/armv7e-m\libm.a(lib_a-s_sin.o)
 .debug_frame   0x00001efc       0x48 c:/program files (x86)/gnu tools arm embedded/5.3 2016q1/bin/../lib/gcc/arm-none-eabi/5.3.1/../../../../arm-none-eabi/lib/armv7e-m\libm.a(lib_a-e_rem_pio2.o)
 .debug_frame   0x00001f44       0x4c c:/program files (x86)/gnu tools arm embedded/5.3 2016q1/bin/../lib/gcc/arm-none-eabi/5.3.1/../../../../arm-none-eabi/lib/armv7e-m\libm.a(lib_a-k_cos.o)
 .debug_frame   0x00001f90       0x50 c:/program files (x86)/gnu tools arm embedded/5.3 2016q1/bin/../lib/gcc/arm-none-eabi/5.3.1/../../../../arm-none-eabi/lib/armv7e-m\libm.a(lib_a-k_rem_pio2.o)
 .debug_frame   0x00001fe0       0x48 c:/program files (x86)/gnu tools arm embedded/5.3 2016q1/bin/../lib/gcc/arm-none-eabi/5.3.1/../../../../arm-none-eabi/lib/armv7e-m\libm.a(lib_a-k_sin.o)
 .debug_frame   0x00002028       0x20 c:/program files (x86)/gnu tools arm embedded/5.3 2016q1/bin/../lib/gcc/arm-none-eabi/5.3.1/../../../../arm-none-eabi/lib/armv7e-m\libm.a(lib_a-s_fabs.o)
 .debug_frame   0x00002048       0x34 c:/program files (x86)/gnu tools arm embedded/5.3 2016q1/bin/../lib/gcc/arm-none-eabi/5.3.1/../../../../arm-none-eabi/lib/armv7e-m\libm.a(lib_a-s_floor.o)
 .debug_frame   0x0000207c       0x30 c:/program files (x86)/gnu tools arm embedded/5.3 2016q1/bin/../lib/gcc/arm-none-eabi/5.3.1/../../../../arm-none-eabi/lib/armv7e-m\libm.a(lib_a-s_scalbn.o)
 .debug_frame   0x000020ac       0x20 c:/program files (x86)/gnu tools arm embedded/5.3 2016q1/bin/../lib/gcc/arm-none-eabi/5.3.1/../../../../arm-none-eabi/lib/armv7e-m\libm.a(lib_a-s_copysign.o)
