Archive member included because of file (symbol)

c:/program files (x86)/gnu tools arm embedded/4.8 2013q4/bin/../lib/gcc/arm-none-eabi/4.8.3/../../../../arm-none-eabi/lib/armv7e-m\libm.a(lib_a-w_sqrt.o)
                              ..\obj\middle.o (sqrt)
c:/program files (x86)/gnu tools arm embedded/4.8 2013q4/bin/../lib/gcc/arm-none-eabi/4.8.3/../../../../arm-none-eabi/lib/armv7e-m\libm.a(lib_a-e_sqrt.o)
                              c:/program files (x86)/gnu tools arm embedded/4.8 2013q4/bin/../lib/gcc/arm-none-eabi/4.8.3/../../../../arm-none-eabi/lib/armv7e-m\libm.a(lib_a-w_sqrt.o) (__ieee754_sqrt)
c:/program files (x86)/gnu tools arm embedded/4.8 2013q4/bin/../lib/gcc/arm-none-eabi/4.8.3/../../../../arm-none-eabi/lib/armv7e-m\libm.a(lib_a-s_fpclassify.o)
                              c:/program files (x86)/gnu tools arm embedded/4.8 2013q4/bin/../lib/gcc/arm-none-eabi/4.8.3/../../../../arm-none-eabi/lib/armv7e-m\libm.a(lib_a-w_sqrt.o) (__fpclassifyd)
c:/program files (x86)/gnu tools arm embedded/4.8 2013q4/bin/../lib/gcc/arm-none-eabi/4.8.3/../../../../arm-none-eabi/lib/armv7e-m\libm.a(lib_a-s_lib_ver.o)
                              c:/program files (x86)/gnu tools arm embedded/4.8 2013q4/bin/../lib/gcc/arm-none-eabi/4.8.3/../../../../arm-none-eabi/lib/armv7e-m\libm.a(lib_a-w_sqrt.o) (__fdlib_version)
c:/program files (x86)/gnu tools arm embedded/4.8 2013q4/bin/../lib/gcc/arm-none-eabi/4.8.3/../../../../arm-none-eabi/lib/armv7e-m\libm.a(lib_a-s_matherr.o)
                              c:/program files (x86)/gnu tools arm embedded/4.8 2013q4/bin/../lib/gcc/arm-none-eabi/4.8.3/../../../../arm-none-eabi/lib/armv7e-m\libm.a(lib_a-w_sqrt.o) (matherr)
c:/program files (x86)/gnu tools arm embedded/4.8 2013q4/bin/../lib/gcc/arm-none-eabi/4.8.3/armv7e-m\libgcc.a(_arm_addsubdf3.o)
                              ..\obj\middle.o (__aeabi_dsub)
c:/program files (x86)/gnu tools arm embedded/4.8 2013q4/bin/../lib/gcc/arm-none-eabi/4.8.3/armv7e-m\libgcc.a(_arm_muldivdf3.o)
                              ..\obj\middle.o (__aeabi_dmul)
c:/program files (x86)/gnu tools arm embedded/4.8 2013q4/bin/../lib/gcc/arm-none-eabi/4.8.3/armv7e-m\libgcc.a(_arm_cmpdf2.o)
                              c:/program files (x86)/gnu tools arm embedded/4.8 2013q4/bin/../lib/gcc/arm-none-eabi/4.8.3/../../../../arm-none-eabi/lib/armv7e-m\libm.a(lib_a-w_sqrt.o) (__aeabi_dcmplt)
c:/program files (x86)/gnu tools arm embedded/4.8 2013q4/bin/../lib/gcc/arm-none-eabi/4.8.3/armv7e-m\libgcc.a(_arm_fixdfsi.o)
                              ..\obj\middle.o (__aeabi_d2iz)
c:/program files (x86)/gnu tools arm embedded/4.8 2013q4/bin/../lib/gcc/arm-none-eabi/4.8.3/armv7e-m\libgcc.a(_arm_truncdfsf2.o)
                              ..\obj\middle.o (__aeabi_d2f)
c:/program files (x86)/gnu tools arm embedded/4.8 2013q4/bin/../lib/gcc/arm-none-eabi/4.8.3/armv7e-m\libgcc.a(_arm_addsubsf3.o)
                              ..\obj\middle.o (__aeabi_fsub)
c:/program files (x86)/gnu tools arm embedded/4.8 2013q4/bin/../lib/gcc/arm-none-eabi/4.8.3/armv7e-m\libgcc.a(_arm_muldivsf3.o)
                              ..\obj\middle.o (__aeabi_fmul)
c:/program files (x86)/gnu tools arm embedded/4.8 2013q4/bin/../lib/gcc/arm-none-eabi/4.8.3/armv7e-m\libgcc.a(_arm_cmpsf2.o)
                              ..\obj\middle.o (__aeabi_fcmplt)
c:/program files (x86)/gnu tools arm embedded/4.8 2013q4/bin/../lib/gcc/arm-none-eabi/4.8.3/armv7e-m\libgcc.a(_arm_fixsfsi.o)
                              ..\obj\middle.o (__aeabi_f2iz)
c:/program files (x86)/gnu tools arm embedded/4.8 2013q4/bin/../lib/gcc/arm-none-eabi/4.8.3/../../../../arm-none-eabi/lib/armv7e-m\libg.a(lib_a-errno.o)
                              c:/program files (x86)/gnu tools arm embedded/4.8 2013q4/bin/../lib/gcc/arm-none-eabi/4.8.3/../../../../arm-none-eabi/lib/armv7e-m\libm.a(lib_a-w_sqrt.o) (__errno)
c:/program files (x86)/gnu tools arm embedded/4.8 2013q4/bin/../lib/gcc/arm-none-eabi/4.8.3/../../../../arm-none-eabi/lib/armv7e-m\libg.a(lib_a-impure.o)
                              c:/program files (x86)/gnu tools arm embedded/4.8 2013q4/bin/../lib/gcc/arm-none-eabi/4.8.3/../../../../arm-none-eabi/lib/armv7e-m\libg.a(lib_a-errno.o) (_impure_ptr)

Allocating common symbols
Common symbol       size              file

textColor           0x1               ..\obj\main.o
fillColor           0x1               ..\obj\main.o
VGA                 0xc               ..\obj\main.o
VGA_RAM1            0x12cf0           ..\obj\main.o
lineColor           0x1               ..\obj\main.o
currentFontInfo     0x4               ..\obj\main.o

Discarded input sections

 .text          0x00000000        0x0 ..\obj\tnrCursive.o
 .data          0x00000000        0x0 ..\obj\tnrCursive.o
 .bss           0x00000000        0x0 ..\obj\tnrCursive.o
 .text          0x00000000        0x0 ..\obj\keys.o
 .data          0x00000000        0x0 ..\obj\keys.o
 .bss           0x00000000        0x0 ..\obj\keys.o
 .text          0x00000000        0x0 ..\obj\arialCursive.o
 .data          0x00000000        0x0 ..\obj\arialCursive.o
 .bss           0x00000000        0x0 ..\obj\arialCursive.o
 .text          0x00000000        0x0 ..\obj\arialNormal.o
 .data          0x00000000        0x0 ..\obj\arialNormal.o
 .bss           0x00000000        0x0 ..\obj\arialNormal.o
 .text          0x00000000        0x0 ..\obj\startup_stm32f4xx.o
 .data          0x00000000        0x0 ..\obj\startup_stm32f4xx.o
 .bss           0x00000000        0x0 ..\obj\startup_stm32f4xx.o
 .text          0x00000000        0x0 ..\obj\main.o
 .data          0x00000000        0x0 ..\obj\main.o
 .bss           0x00000000        0x0 ..\obj\main.o
 .text          0x00000000        0x0 ..\obj\stm32f4xx_rcc.o
 .data          0x00000000       0x10 ..\obj\stm32f4xx_rcc.o
 .bss           0x00000000        0x0 ..\obj\stm32f4xx_rcc.o
 .text.RCC_DeInit
                0x00000000       0x50 ..\obj\stm32f4xx_rcc.o
 .text.RCC_HSEConfig
                0x00000000       0x24 ..\obj\stm32f4xx_rcc.o
 .text.RCC_WaitForHSEStartUp
                0x00000000       0x50 ..\obj\stm32f4xx_rcc.o
 .text.RCC_AdjustHSICalibrationValue
                0x00000000       0x3c ..\obj\stm32f4xx_rcc.o
 .text.RCC_HSICmd
                0x00000000       0x20 ..\obj\stm32f4xx_rcc.o
 .text.RCC_LSEConfig
                0x00000000       0x40 ..\obj\stm32f4xx_rcc.o
 .text.RCC_LSICmd
                0x00000000       0x20 ..\obj\stm32f4xx_rcc.o
 .text.RCC_PLLConfig
                0x00000000       0x3c ..\obj\stm32f4xx_rcc.o
 .text.RCC_PLLCmd
                0x00000000       0x20 ..\obj\stm32f4xx_rcc.o
 .text.RCC_PLLI2SConfig
                0x00000000       0x28 ..\obj\stm32f4xx_rcc.o
 .text.RCC_PLLI2SCmd
                0x00000000       0x20 ..\obj\stm32f4xx_rcc.o
 .text.RCC_ClockSecuritySystemCmd
                0x00000000       0x20 ..\obj\stm32f4xx_rcc.o
 .text.RCC_MCO1Config
                0x00000000       0x3c ..\obj\stm32f4xx_rcc.o
 .text.RCC_MCO2Config
                0x00000000       0x3c ..\obj\stm32f4xx_rcc.o
 .text.RCC_SYSCLKConfig
                0x00000000       0x38 ..\obj\stm32f4xx_rcc.o
 .text.RCC_GetSYSCLKSource
                0x00000000       0x20 ..\obj\stm32f4xx_rcc.o
 .text.RCC_HCLKConfig
                0x00000000       0x38 ..\obj\stm32f4xx_rcc.o
 .text.RCC_PCLK1Config
                0x00000000       0x38 ..\obj\stm32f4xx_rcc.o
 .text.RCC_PCLK2Config
                0x00000000       0x38 ..\obj\stm32f4xx_rcc.o
 .text.RCC_GetClocksFreq
                0x00000000      0x154 ..\obj\stm32f4xx_rcc.o
 .text.RCC_RTCCLKConfig
                0x00000000       0x5c ..\obj\stm32f4xx_rcc.o
 .text.RCC_RTCCLKCmd
                0x00000000       0x20 ..\obj\stm32f4xx_rcc.o
 .text.RCC_BackupResetCmd
                0x00000000       0x20 ..\obj\stm32f4xx_rcc.o
 .text.RCC_I2SCLKConfig
                0x00000000       0x1c ..\obj\stm32f4xx_rcc.o
 .text.RCC_AHB2PeriphClockCmd
                0x00000000       0x3c ..\obj\stm32f4xx_rcc.o
 .text.RCC_AHB3PeriphClockCmd
                0x00000000       0x3c ..\obj\stm32f4xx_rcc.o
 .text.RCC_AHB1PeriphResetCmd
                0x00000000       0x3c ..\obj\stm32f4xx_rcc.o
 .text.RCC_AHB2PeriphResetCmd
                0x00000000       0x3c ..\obj\stm32f4xx_rcc.o
 .text.RCC_AHB3PeriphResetCmd
                0x00000000       0x3c ..\obj\stm32f4xx_rcc.o
 .text.RCC_APB1PeriphResetCmd
                0x00000000       0x3c ..\obj\stm32f4xx_rcc.o
 .text.RCC_APB2PeriphResetCmd
                0x00000000       0x3c ..\obj\stm32f4xx_rcc.o
 .text.RCC_AHB1PeriphClockLPModeCmd
                0x00000000       0x3c ..\obj\stm32f4xx_rcc.o
 .text.RCC_AHB2PeriphClockLPModeCmd
                0x00000000       0x3c ..\obj\stm32f4xx_rcc.o
 .text.RCC_AHB3PeriphClockLPModeCmd
                0x00000000       0x3c ..\obj\stm32f4xx_rcc.o
 .text.RCC_APB1PeriphClockLPModeCmd
                0x00000000       0x3c ..\obj\stm32f4xx_rcc.o
 .text.RCC_APB2PeriphClockLPModeCmd
                0x00000000       0x3c ..\obj\stm32f4xx_rcc.o
 .text.RCC_ITConfig
                0x00000000       0x48 ..\obj\stm32f4xx_rcc.o
 .text.RCC_GetFlagStatus
                0x00000000       0x74 ..\obj\stm32f4xx_rcc.o
 .text.RCC_ClearFlag
                0x00000000       0x1c ..\obj\stm32f4xx_rcc.o
 .text.RCC_GetITStatus
                0x00000000       0x38 ..\obj\stm32f4xx_rcc.o
 .text.RCC_ClearITPendingBit
                0x00000000       0x20 ..\obj\stm32f4xx_rcc.o
 .text          0x00000000        0x0 ..\obj\text.o
 .bss           0x00000000        0x0 ..\obj\text.o
 .text          0x00000000        0x0 ..\obj\stm32f4xx_gpio.o
 .data          0x00000000        0x0 ..\obj\stm32f4xx_gpio.o
 .bss           0x00000000        0x0 ..\obj\stm32f4xx_gpio.o
 .text.GPIO_DeInit
                0x00000000      0x120 ..\obj\stm32f4xx_gpio.o
 .text.GPIO_StructInit
                0x00000000       0x34 ..\obj\stm32f4xx_gpio.o
 .text.GPIO_PinLockConfig
                0x00000000       0x44 ..\obj\stm32f4xx_gpio.o
 .text.GPIO_ReadInputData
                0x00000000       0x1c ..\obj\stm32f4xx_gpio.o
 .text.GPIO_ReadOutputDataBit
                0x00000000       0x34 ..\obj\stm32f4xx_gpio.o
 .text.GPIO_ReadOutputData
                0x00000000       0x1c ..\obj\stm32f4xx_gpio.o
 .text.GPIO_WriteBit
                0x00000000       0x30 ..\obj\stm32f4xx_gpio.o
 .text.GPIO_Write
                0x00000000       0x1c ..\obj\stm32f4xx_gpio.o
 .text.GPIO_ToggleBits
                0x00000000       0x24 ..\obj\stm32f4xx_gpio.o
 .text          0x00000000        0x0 ..\obj\tnrBold.o
 .data          0x00000000        0x0 ..\obj\tnrBold.o
 .bss           0x00000000        0x0 ..\obj\tnrBold.o
 .text          0x00000000        0x0 ..\obj\system_stm32f4xx.o
 .data          0x00000000       0x14 ..\obj\system_stm32f4xx.o
 .bss           0x00000000        0x0 ..\obj\system_stm32f4xx.o
 .text.SystemCoreClockUpdate
                0x00000000       0xf8 ..\obj\system_stm32f4xx.o
 .text          0x00000000        0x0 ..\obj\syscalls.o
 .data          0x00000000        0x0 ..\obj\syscalls.o
 .bss           0x00000000        0x4 ..\obj\syscalls.o
 .text._sbrk    0x00000000       0x40 ..\obj\syscalls.o
 .text.link     0x00000000       0x1c ..\obj\syscalls.o
 .text._close   0x00000000       0x18 ..\obj\syscalls.o
 .text._fstat   0x00000000       0x20 ..\obj\syscalls.o
 .text._isatty  0x00000000       0x18 ..\obj\syscalls.o
 .text._lseek   0x00000000       0x1c ..\obj\syscalls.o
 .text._read    0x00000000       0x1c ..\obj\syscalls.o
 .text._write   0x00000000       0x1c ..\obj\syscalls.o
 .text.abort    0x00000000        0x8 ..\obj\syscalls.o
 .debug_info    0x00000000      0x3ee ..\obj\syscalls.o
 .debug_abbrev  0x00000000       0xe2 ..\obj\syscalls.o
 .debug_aranges
                0x00000000       0x60 ..\obj\syscalls.o
 .debug_ranges  0x00000000       0x50 ..\obj\syscalls.o
 .debug_line    0x00000000      0x188 ..\obj\syscalls.o
 .debug_str     0x00000000      0x2ff ..\obj\syscalls.o
 .comment       0x00000000       0x71 ..\obj\syscalls.o
 .ARM.attributes
                0x00000000       0x33 ..\obj\syscalls.o
 .debug_frame   0x00000000      0x108 ..\obj\syscalls.o
 .text          0x00000000        0x0 ..\obj\stm32f4xx_dma.o
 .data          0x00000000        0x0 ..\obj\stm32f4xx_dma.o
 .bss           0x00000000        0x0 ..\obj\stm32f4xx_dma.o
 .text.DMA_StructInit
                0x00000000       0x6c ..\obj\stm32f4xx_dma.o
 .text.DMA_PeriphIncOffsetSizeConfig
                0x00000000       0x34 ..\obj\stm32f4xx_dma.o
 .text.DMA_FlowControllerConfig
                0x00000000       0x34 ..\obj\stm32f4xx_dma.o
 .text.DMA_SetCurrDataCounter
                0x00000000       0x1c ..\obj\stm32f4xx_dma.o
 .text.DMA_GetCurrDataCounter
                0x00000000       0x1c ..\obj\stm32f4xx_dma.o
 .text.DMA_DoubleBufferModeConfig
                0x00000000       0x3c ..\obj\stm32f4xx_dma.o
 .text.DMA_DoubleBufferModeCmd
                0x00000000       0x38 ..\obj\stm32f4xx_dma.o
 .text.DMA_MemoryTargetConfig
                0x00000000       0x2c ..\obj\stm32f4xx_dma.o
 .text.DMA_GetCurrentMemoryTarget
                0x00000000       0x30 ..\obj\stm32f4xx_dma.o
 .text.DMA_GetCmdStatus
                0x00000000       0x30 ..\obj\stm32f4xx_dma.o
 .text.DMA_GetFIFOStatus
                0x00000000       0x24 ..\obj\stm32f4xx_dma.o
 .text.DMA_GetFlagStatus
                0x00000000       0x78 ..\obj\stm32f4xx_dma.o
 .text.DMA_ClearFlag
                0x00000000       0x5c ..\obj\stm32f4xx_dma.o
 .text          0x00000000        0x0 ..\obj\arialBold.o
 .data          0x00000000        0x0 ..\obj\arialBold.o
 .bss           0x00000000        0x0 ..\obj\arialBold.o
 .text          0x00000000        0x0 ..\obj\stm32_ub_vga_screen.o
 .data          0x00000000        0x0 ..\obj\stm32_ub_vga_screen.o
 .bss           0x00000000        0x0 ..\obj\stm32_ub_vga_screen.o
 .text          0x00000000        0x0 ..\obj\misc.o
 .data          0x00000000        0x0 ..\obj\misc.o
 .bss           0x00000000        0x0 ..\obj\misc.o
 .text.NVIC_PriorityGroupConfig
                0x00000000       0x24 ..\obj\misc.o
 .text.NVIC_SetVectorTable
                0x00000000       0x2c ..\obj\misc.o
 .text.NVIC_SystemLPConfig
                0x00000000       0x40 ..\obj\misc.o
 .text.SysTick_CLKSourceConfig
                0x00000000       0x38 ..\obj\misc.o
 .text          0x00000000        0x0 ..\obj\tnrNormal.o
 .data          0x00000000        0x0 ..\obj\tnrNormal.o
 .bss           0x00000000        0x0 ..\obj\tnrNormal.o
 .text          0x00000000        0x0 ..\obj\middle.o
 .data          0x00000000        0x0 ..\obj\middle.o
 .bss           0x00000000        0x0 ..\obj\middle.o
 .text          0x00000000        0x0 ..\obj\image.o
 .data          0x00000000        0x0 ..\obj\image.o
 .bss           0x00000000        0x0 ..\obj\image.o
 .text          0x00000000        0x0 ..\obj\stm32f4xx_tim.o
 .data          0x00000000        0x0 ..\obj\stm32f4xx_tim.o
 .bss           0x00000000        0x0 ..\obj\stm32f4xx_tim.o
 .text.TIM_DeInit
                0x00000000      0x1bc ..\obj\stm32f4xx_tim.o
 .text.TIM_TimeBaseStructInit
                0x00000000       0x34 ..\obj\stm32f4xx_tim.o
 .text.TIM_PrescalerConfig
                0x00000000       0x28 ..\obj\stm32f4xx_tim.o
 .text.TIM_CounterModeConfig
                0x00000000       0x38 ..\obj\stm32f4xx_tim.o
 .text.TIM_SetCounter
                0x00000000       0x1c ..\obj\stm32f4xx_tim.o
 .text.TIM_SetAutoreload
                0x00000000       0x1c ..\obj\stm32f4xx_tim.o
 .text.TIM_GetCounter
                0x00000000       0x18 ..\obj\stm32f4xx_tim.o
 .text.TIM_GetPrescaler
                0x00000000       0x1c ..\obj\stm32f4xx_tim.o
 .text.TIM_UpdateDisableConfig
                0x00000000       0x40 ..\obj\stm32f4xx_tim.o
 .text.TIM_UpdateRequestConfig
                0x00000000       0x40 ..\obj\stm32f4xx_tim.o
 .text.TIM_SelectOnePulseMode
                0x00000000       0x38 ..\obj\stm32f4xx_tim.o
 .text.TIM_SetClockDivision
                0x00000000       0x38 ..\obj\stm32f4xx_tim.o
 .text.TIM_OC1Init
                0x00000000       0xf4 ..\obj\stm32f4xx_tim.o
 .text.TIM_OC2Init
                0x00000000      0x110 ..\obj\stm32f4xx_tim.o
 .text.TIM_OCStructInit
                0x00000000       0x44 ..\obj\stm32f4xx_tim.o
 .text.TIM_SelectOCxM
                0x00000000       0xac ..\obj\stm32f4xx_tim.o
 .text.TIM_SetCompare1
                0x00000000       0x1c ..\obj\stm32f4xx_tim.o
 .text.TIM_SetCompare2
                0x00000000       0x1c ..\obj\stm32f4xx_tim.o
 .text.TIM_SetCompare3
                0x00000000       0x1c ..\obj\stm32f4xx_tim.o
 .text.TIM_SetCompare4
                0x00000000       0x1c ..\obj\stm32f4xx_tim.o
 .text.TIM_ForcedOC1Config
                0x00000000       0x38 ..\obj\stm32f4xx_tim.o
 .text.TIM_ForcedOC2Config
                0x00000000       0x3c ..\obj\stm32f4xx_tim.o
 .text.TIM_ForcedOC3Config
                0x00000000       0x38 ..\obj\stm32f4xx_tim.o
 .text.TIM_ForcedOC4Config
                0x00000000       0x3c ..\obj\stm32f4xx_tim.o
 .text.TIM_OC1PreloadConfig
                0x00000000       0x38 ..\obj\stm32f4xx_tim.o
 .text.TIM_OC2PreloadConfig
                0x00000000       0x3c ..\obj\stm32f4xx_tim.o
 .text.TIM_OC1FastConfig
                0x00000000       0x38 ..\obj\stm32f4xx_tim.o
 .text.TIM_OC2FastConfig
                0x00000000       0x3c ..\obj\stm32f4xx_tim.o
 .text.TIM_OC3FastConfig
                0x00000000       0x38 ..\obj\stm32f4xx_tim.o
 .text.TIM_OC4FastConfig
                0x00000000       0x3c ..\obj\stm32f4xx_tim.o
 .text.TIM_ClearOC1Ref
                0x00000000       0x38 ..\obj\stm32f4xx_tim.o
 .text.TIM_ClearOC2Ref
                0x00000000       0x3c ..\obj\stm32f4xx_tim.o
 .text.TIM_ClearOC3Ref
                0x00000000       0x38 ..\obj\stm32f4xx_tim.o
 .text.TIM_ClearOC4Ref
                0x00000000       0x3c ..\obj\stm32f4xx_tim.o
 .text.TIM_OC1PolarityConfig
                0x00000000       0x38 ..\obj\stm32f4xx_tim.o
 .text.TIM_OC1NPolarityConfig
                0x00000000       0x38 ..\obj\stm32f4xx_tim.o
 .text.TIM_OC2PolarityConfig
                0x00000000       0x3c ..\obj\stm32f4xx_tim.o
 .text.TIM_OC2NPolarityConfig
                0x00000000       0x3c ..\obj\stm32f4xx_tim.o
 .text.TIM_OC3PolarityConfig
                0x00000000       0x3c ..\obj\stm32f4xx_tim.o
 .text.TIM_OC3NPolarityConfig
                0x00000000       0x3c ..\obj\stm32f4xx_tim.o
 .text.TIM_OC4PolarityConfig
                0x00000000       0x3c ..\obj\stm32f4xx_tim.o
 .text.TIM_CCxCmd
                0x00000000       0x54 ..\obj\stm32f4xx_tim.o
 .text.TIM_CCxNCmd
                0x00000000       0x54 ..\obj\stm32f4xx_tim.o
 .text.TIM_ICInit
                0x00000000       0xa8 ..\obj\stm32f4xx_tim.o
 .text.TIM_ICStructInit
                0x00000000       0x30 ..\obj\stm32f4xx_tim.o
 .text.TIM_PWMIConfig
                0x00000000       0xb8 ..\obj\stm32f4xx_tim.o
 .text.TIM_GetCapture1
                0x00000000       0x18 ..\obj\stm32f4xx_tim.o
 .text.TIM_GetCapture2
                0x00000000       0x18 ..\obj\stm32f4xx_tim.o
 .text.TIM_GetCapture3
                0x00000000       0x18 ..\obj\stm32f4xx_tim.o
 .text.TIM_GetCapture4
                0x00000000       0x18 ..\obj\stm32f4xx_tim.o
 .text.TIM_SetIC1Prescaler
                0x00000000       0x38 ..\obj\stm32f4xx_tim.o
 .text.TIM_SetIC2Prescaler
                0x00000000       0x3c ..\obj\stm32f4xx_tim.o
 .text.TIM_SetIC3Prescaler
                0x00000000       0x38 ..\obj\stm32f4xx_tim.o
 .text.TIM_SetIC4Prescaler
                0x00000000       0x3c ..\obj\stm32f4xx_tim.o
 .text.TIM_BDTRConfig
                0x00000000       0x50 ..\obj\stm32f4xx_tim.o
 .text.TIM_BDTRStructInit
                0x00000000       0x3c ..\obj\stm32f4xx_tim.o
 .text.TIM_CtrlPWMOutputs
                0x00000000       0x4c ..\obj\stm32f4xx_tim.o
 .text.TIM_SelectCOM
                0x00000000       0x40 ..\obj\stm32f4xx_tim.o
 .text.TIM_CCPreloadControl
                0x00000000       0x40 ..\obj\stm32f4xx_tim.o
 .text.TIM_GenerateEvent
                0x00000000       0x1c ..\obj\stm32f4xx_tim.o
 .text.TIM_GetFlagStatus
                0x00000000       0x38 ..\obj\stm32f4xx_tim.o
 .text.TIM_ClearFlag
                0x00000000       0x20 ..\obj\stm32f4xx_tim.o
 .text.TIM_GetITStatus
                0x00000000       0x54 ..\obj\stm32f4xx_tim.o
 .text.TIM_DMAConfig
                0x00000000       0x28 ..\obj\stm32f4xx_tim.o
 .text.TIM_SelectCCDMA
                0x00000000       0x40 ..\obj\stm32f4xx_tim.o
 .text.TIM_InternalClockConfig
                0x00000000       0x24 ..\obj\stm32f4xx_tim.o
 .text.TIM_ITRxExternalClockConfig
                0x00000000       0x2c ..\obj\stm32f4xx_tim.o
 .text.TIM_TIxExternalClockConfig
                0x00000000       0x54 ..\obj\stm32f4xx_tim.o
 .text.TIM_ETRClockMode1Config
                0x00000000       0x50 ..\obj\stm32f4xx_tim.o
 .text.TIM_ETRClockMode2Config
                0x00000000       0x30 ..\obj\stm32f4xx_tim.o
 .text.TIM_SelectInputTrigger
                0x00000000       0x38 ..\obj\stm32f4xx_tim.o
 .text.TIM_SelectOutputTrigger
                0x00000000       0x38 ..\obj\stm32f4xx_tim.o
 .text.TIM_SelectSlaveMode
                0x00000000       0x38 ..\obj\stm32f4xx_tim.o
 .text.TIM_SelectMasterSlaveMode
                0x00000000       0x38 ..\obj\stm32f4xx_tim.o
 .text.TIM_ETRConfig
                0x00000000       0x48 ..\obj\stm32f4xx_tim.o
 .text.TIM_EncoderInterfaceConfig
                0x00000000       0x8c ..\obj\stm32f4xx_tim.o
 .text.TIM_SelectHallSensor
                0x00000000       0x40 ..\obj\stm32f4xx_tim.o
 .text.TIM_RemapConfig
                0x00000000       0x20 ..\obj\stm32f4xx_tim.o
 .text.TI1_Config
                0x00000000       0x78 ..\obj\stm32f4xx_tim.o
 .text.TI2_Config
                0x00000000       0x8c ..\obj\stm32f4xx_tim.o
 .text.TI3_Config
                0x00000000       0x84 ..\obj\stm32f4xx_tim.o
 .text.TI4_Config
                0x00000000       0x90 ..\obj\stm32f4xx_tim.o
 .text          0x00000000        0x0 c:/program files (x86)/gnu tools arm embedded/4.8 2013q4/bin/../lib/gcc/arm-none-eabi/4.8.3/../../../../arm-none-eabi/lib/armv7e-m\libm.a(lib_a-w_sqrt.o)
 .data          0x00000000        0x0 c:/program files (x86)/gnu tools arm embedded/4.8 2013q4/bin/../lib/gcc/arm-none-eabi/4.8.3/../../../../arm-none-eabi/lib/armv7e-m\libm.a(lib_a-w_sqrt.o)
 .bss           0x00000000        0x0 c:/program files (x86)/gnu tools arm embedded/4.8 2013q4/bin/../lib/gcc/arm-none-eabi/4.8.3/../../../../arm-none-eabi/lib/armv7e-m\libm.a(lib_a-w_sqrt.o)
 .text          0x00000000        0x0 c:/program files (x86)/gnu tools arm embedded/4.8 2013q4/bin/../lib/gcc/arm-none-eabi/4.8.3/../../../../arm-none-eabi/lib/armv7e-m\libm.a(lib_a-e_sqrt.o)
 .data          0x00000000        0x0 c:/program files (x86)/gnu tools arm embedded/4.8 2013q4/bin/../lib/gcc/arm-none-eabi/4.8.3/../../../../arm-none-eabi/lib/armv7e-m\libm.a(lib_a-e_sqrt.o)
 .bss           0x00000000        0x0 c:/program files (x86)/gnu tools arm embedded/4.8 2013q4/bin/../lib/gcc/arm-none-eabi/4.8.3/../../../../arm-none-eabi/lib/armv7e-m\libm.a(lib_a-e_sqrt.o)
 .text          0x00000000        0x0 c:/program files (x86)/gnu tools arm embedded/4.8 2013q4/bin/../lib/gcc/arm-none-eabi/4.8.3/../../../../arm-none-eabi/lib/armv7e-m\libm.a(lib_a-s_fpclassify.o)
 .data          0x00000000        0x0 c:/program files (x86)/gnu tools arm embedded/4.8 2013q4/bin/../lib/gcc/arm-none-eabi/4.8.3/../../../../arm-none-eabi/lib/armv7e-m\libm.a(lib_a-s_fpclassify.o)
 .bss           0x00000000        0x0 c:/program files (x86)/gnu tools arm embedded/4.8 2013q4/bin/../lib/gcc/arm-none-eabi/4.8.3/../../../../arm-none-eabi/lib/armv7e-m\libm.a(lib_a-s_fpclassify.o)
 .text          0x00000000        0x0 c:/program files (x86)/gnu tools arm embedded/4.8 2013q4/bin/../lib/gcc/arm-none-eabi/4.8.3/../../../../arm-none-eabi/lib/armv7e-m\libm.a(lib_a-s_lib_ver.o)
 .data          0x00000000        0x0 c:/program files (x86)/gnu tools arm embedded/4.8 2013q4/bin/../lib/gcc/arm-none-eabi/4.8.3/../../../../arm-none-eabi/lib/armv7e-m\libm.a(lib_a-s_lib_ver.o)
 .bss           0x00000000        0x0 c:/program files (x86)/gnu tools arm embedded/4.8 2013q4/bin/../lib/gcc/arm-none-eabi/4.8.3/../../../../arm-none-eabi/lib/armv7e-m\libm.a(lib_a-s_lib_ver.o)
 .text          0x00000000        0x0 c:/program files (x86)/gnu tools arm embedded/4.8 2013q4/bin/../lib/gcc/arm-none-eabi/4.8.3/../../../../arm-none-eabi/lib/armv7e-m\libm.a(lib_a-s_matherr.o)
 .data          0x00000000        0x0 c:/program files (x86)/gnu tools arm embedded/4.8 2013q4/bin/../lib/gcc/arm-none-eabi/4.8.3/../../../../arm-none-eabi/lib/armv7e-m\libm.a(lib_a-s_matherr.o)
 .bss           0x00000000        0x0 c:/program files (x86)/gnu tools arm embedded/4.8 2013q4/bin/../lib/gcc/arm-none-eabi/4.8.3/../../../../arm-none-eabi/lib/armv7e-m\libm.a(lib_a-s_matherr.o)
 .data          0x00000000        0x0 c:/program files (x86)/gnu tools arm embedded/4.8 2013q4/bin/../lib/gcc/arm-none-eabi/4.8.3/armv7e-m\libgcc.a(_arm_addsubdf3.o)
 .bss           0x00000000        0x0 c:/program files (x86)/gnu tools arm embedded/4.8 2013q4/bin/../lib/gcc/arm-none-eabi/4.8.3/armv7e-m\libgcc.a(_arm_addsubdf3.o)
 .data          0x00000000        0x0 c:/program files (x86)/gnu tools arm embedded/4.8 2013q4/bin/../lib/gcc/arm-none-eabi/4.8.3/armv7e-m\libgcc.a(_arm_muldivdf3.o)
 .bss           0x00000000        0x0 c:/program files (x86)/gnu tools arm embedded/4.8 2013q4/bin/../lib/gcc/arm-none-eabi/4.8.3/armv7e-m\libgcc.a(_arm_muldivdf3.o)
 .data          0x00000000        0x0 c:/program files (x86)/gnu tools arm embedded/4.8 2013q4/bin/../lib/gcc/arm-none-eabi/4.8.3/armv7e-m\libgcc.a(_arm_cmpdf2.o)
 .bss           0x00000000        0x0 c:/program files (x86)/gnu tools arm embedded/4.8 2013q4/bin/../lib/gcc/arm-none-eabi/4.8.3/armv7e-m\libgcc.a(_arm_cmpdf2.o)
 .data          0x00000000        0x0 c:/program files (x86)/gnu tools arm embedded/4.8 2013q4/bin/../lib/gcc/arm-none-eabi/4.8.3/armv7e-m\libgcc.a(_arm_fixdfsi.o)
 .bss           0x00000000        0x0 c:/program files (x86)/gnu tools arm embedded/4.8 2013q4/bin/../lib/gcc/arm-none-eabi/4.8.3/armv7e-m\libgcc.a(_arm_fixdfsi.o)
 .data          0x00000000        0x0 c:/program files (x86)/gnu tools arm embedded/4.8 2013q4/bin/../lib/gcc/arm-none-eabi/4.8.3/armv7e-m\libgcc.a(_arm_truncdfsf2.o)
 .bss           0x00000000        0x0 c:/program files (x86)/gnu tools arm embedded/4.8 2013q4/bin/../lib/gcc/arm-none-eabi/4.8.3/armv7e-m\libgcc.a(_arm_truncdfsf2.o)
 .data          0x00000000        0x0 c:/program files (x86)/gnu tools arm embedded/4.8 2013q4/bin/../lib/gcc/arm-none-eabi/4.8.3/armv7e-m\libgcc.a(_arm_addsubsf3.o)
 .bss           0x00000000        0x0 c:/program files (x86)/gnu tools arm embedded/4.8 2013q4/bin/../lib/gcc/arm-none-eabi/4.8.3/armv7e-m\libgcc.a(_arm_addsubsf3.o)
 .data          0x00000000        0x0 c:/program files (x86)/gnu tools arm embedded/4.8 2013q4/bin/../lib/gcc/arm-none-eabi/4.8.3/armv7e-m\libgcc.a(_arm_muldivsf3.o)
 .bss           0x00000000        0x0 c:/program files (x86)/gnu tools arm embedded/4.8 2013q4/bin/../lib/gcc/arm-none-eabi/4.8.3/armv7e-m\libgcc.a(_arm_muldivsf3.o)
 .data          0x00000000        0x0 c:/program files (x86)/gnu tools arm embedded/4.8 2013q4/bin/../lib/gcc/arm-none-eabi/4.8.3/armv7e-m\libgcc.a(_arm_cmpsf2.o)
 .bss           0x00000000        0x0 c:/program files (x86)/gnu tools arm embedded/4.8 2013q4/bin/../lib/gcc/arm-none-eabi/4.8.3/armv7e-m\libgcc.a(_arm_cmpsf2.o)
 .data          0x00000000        0x0 c:/program files (x86)/gnu tools arm embedded/4.8 2013q4/bin/../lib/gcc/arm-none-eabi/4.8.3/armv7e-m\libgcc.a(_arm_fixsfsi.o)
 .bss           0x00000000        0x0 c:/program files (x86)/gnu tools arm embedded/4.8 2013q4/bin/../lib/gcc/arm-none-eabi/4.8.3/armv7e-m\libgcc.a(_arm_fixsfsi.o)
 .text          0x00000000        0x0 c:/program files (x86)/gnu tools arm embedded/4.8 2013q4/bin/../lib/gcc/arm-none-eabi/4.8.3/../../../../arm-none-eabi/lib/armv7e-m\libg.a(lib_a-errno.o)
 .data          0x00000000        0x0 c:/program files (x86)/gnu tools arm embedded/4.8 2013q4/bin/../lib/gcc/arm-none-eabi/4.8.3/../../../../arm-none-eabi/lib/armv7e-m\libg.a(lib_a-errno.o)
 .bss           0x00000000        0x0 c:/program files (x86)/gnu tools arm embedded/4.8 2013q4/bin/../lib/gcc/arm-none-eabi/4.8.3/../../../../arm-none-eabi/lib/armv7e-m\libg.a(lib_a-errno.o)
 .text          0x00000000        0x0 c:/program files (x86)/gnu tools arm embedded/4.8 2013q4/bin/../lib/gcc/arm-none-eabi/4.8.3/../../../../arm-none-eabi/lib/armv7e-m\libg.a(lib_a-impure.o)
 .data          0x00000000        0x0 c:/program files (x86)/gnu tools arm embedded/4.8 2013q4/bin/../lib/gcc/arm-none-eabi/4.8.3/../../../../arm-none-eabi/lib/armv7e-m\libg.a(lib_a-impure.o)
 .bss           0x00000000        0x0 c:/program files (x86)/gnu tools arm embedded/4.8 2013q4/bin/../lib/gcc/arm-none-eabi/4.8.3/../../../../arm-none-eabi/lib/armv7e-m\libg.a(lib_a-impure.o)
 .rodata._global_impure_ptr
                0x00000000        0x4 c:/program files (x86)/gnu tools arm embedded/4.8 2013q4/bin/../lib/gcc/arm-none-eabi/4.8.3/../../../../arm-none-eabi/lib/armv7e-m\libg.a(lib_a-impure.o)

Memory Configuration

Name             Origin             Length             Attributes
rom              0x08000000         0x00100000         xr
ram              0x20000000         0x00020000         xrw
ram1             0x10000000         0x00010000         xrw
*default*        0x00000000         0xffffffff

Linker script and memory map

                0x20020000                _eram = 0x20020000

.text           0x08000000    0x12124
 *(.isr_vector)
 .isr_vector    0x08000000      0x188 ..\obj\startup_stm32f4xx.o
                0x08000000                g_pfnVectors
 *(.text*)
 .text.KEYS_init
                0x08000188       0x5c ..\obj\keys.o
                0x08000188                KEYS_init
 .text.KEYS_read
                0x080001e4       0xa8 ..\obj\keys.o
                0x080001e4                KEYS_read
 .text.KEYS_kolom
                0x0800028c       0x64 ..\obj\keys.o
                0x0800028c                KEYS_kolom
 .text.Default_Reset_Handler
                0x080002f0       0x5c ..\obj\startup_stm32f4xx.o
                0x080002f0                Default_Reset_Handler
                0x080002f0                Reset_Handler
 .text.Default_Handler
                0x0800034c        0x8 ..\obj\startup_stm32f4xx.o
                0x0800034c                RTC_Alarm_IRQHandler
                0x0800034c                HASH_RNG_IRQHandler
                0x0800034c                EXTI2_IRQHandler
                0x0800034c                TIM8_CC_IRQHandler
                0x0800034c                DebugMon_Handler
                0x0800034c                TIM1_CC_IRQHandler
                0x0800034c                HardFault_Handler
                0x0800034c                DMA1_Stream5_IRQHandler
                0x0800034c                SysTick_Handler
                0x0800034c                PVD_IRQHandler
                0x0800034c                SDIO_IRQHandler
                0x0800034c                TAMP_STAMP_IRQHandler
                0x0800034c                PendSV_Handler
                0x0800034c                NMI_Handler
                0x0800034c                CAN2_RX1_IRQHandler
                0x0800034c                EXTI3_IRQHandler
                0x0800034c                TIM8_TRG_COM_TIM14_IRQHandler
                0x0800034c                TIM1_UP_TIM10_IRQHandler
                0x0800034c                TIM8_UP_TIM13_IRQHandler
                0x0800034c                I2C3_ER_IRQHandler
                0x0800034c                EXTI0_IRQHandler
                0x0800034c                I2C2_EV_IRQHandler
                0x0800034c                DMA1_Stream2_IRQHandler
                0x0800034c                CAN1_RX0_IRQHandler
                0x0800034c                FPU_IRQHandler
                0x0800034c                OTG_HS_WKUP_IRQHandler
                0x0800034c                UsageFault_Handler
                0x0800034c                CAN2_SCE_IRQHandler
                0x0800034c                DMA2_Stream2_IRQHandler
                0x0800034c                SPI1_IRQHandler
                0x0800034c                TIM6_DAC_IRQHandler
                0x0800034c                TIM1_BRK_TIM9_IRQHandler
                0x0800034c                DCMI_IRQHandler
                0x0800034c                CAN2_RX0_IRQHandler
                0x0800034c                DMA2_Stream3_IRQHandler
                0x0800034c                USART6_IRQHandler
                0x0800034c                USART3_IRQHandler
                0x0800034c                CRYP_IRQHandler
                0x0800034c                CAN1_RX1_IRQHandler
                0x0800034c                UART5_IRQHandler
                0x0800034c                DMA2_Stream0_IRQHandler
                0x0800034c                TIM4_IRQHandler
                0x0800034c                I2C1_EV_IRQHandler
                0x0800034c                DMA1_Stream6_IRQHandler
                0x0800034c                DMA1_Stream1_IRQHandler
                0x0800034c                UART4_IRQHandler
                0x0800034c                TIM3_IRQHandler
                0x0800034c                RCC_IRQHandler
                0x0800034c                TIM8_BRK_TIM12_IRQHandler
                0x0800034c                EXTI15_10_IRQHandler
                0x0800034c                ADC_IRQHandler
                0x0800034c                DMA1_Stream7_IRQHandler
                0x0800034c                TIM7_IRQHandler
                0x0800034c                CAN2_TX_IRQHandler
                0x0800034c                TIM5_IRQHandler
                0x0800034c                DMA2_Stream7_IRQHandler
                0x0800034c                I2C3_EV_IRQHandler
                0x0800034c                EXTI9_5_IRQHandler
                0x0800034c                RTC_WKUP_IRQHandler
                0x0800034c                ETH_WKUP_IRQHandler
                0x0800034c                SPI2_IRQHandler
                0x0800034c                OTG_HS_EP1_IN_IRQHandler
                0x0800034c                MemManage_Handler
                0x0800034c                DMA1_Stream0_IRQHandler
                0x0800034c                CAN1_TX_IRQHandler
                0x0800034c                SVC_Handler
                0x0800034c                EXTI4_IRQHandler
                0x0800034c                FSMC_IRQHandler
                0x0800034c                ETH_IRQHandler
                0x0800034c                OTG_HS_EP1_OUT_IRQHandler
                0x0800034c                WWDG_IRQHandler
                0x0800034c                OTG_FS_WKUP_IRQHandler
                0x0800034c                TIM1_TRG_COM_TIM11_IRQHandler
                0x0800034c                OTG_HS_IRQHandler
                0x0800034c                EXTI1_IRQHandler
                0x0800034c                USART2_IRQHandler
                0x0800034c                I2C2_ER_IRQHandler
                0x0800034c                DMA2_Stream1_IRQHandler
                0x0800034c                CAN1_SCE_IRQHandler
                0x0800034c                FLASH_IRQHandler
                0x0800034c                DMA2_Stream4_IRQHandler
                0x0800034c                BusFault_Handler
                0x0800034c                USART1_IRQHandler
                0x0800034c                OTG_FS_IRQHandler
                0x0800034c                SPI3_IRQHandler
                0x0800034c                DMA1_Stream4_IRQHandler
                0x0800034c                I2C1_ER_IRQHandler
                0x0800034c                DMA2_Stream6_IRQHandler
                0x0800034c                DMA1_Stream3_IRQHandler
 .text.main     0x08000354      0x17c ..\obj\main.o
                0x08000354                main
 .text.RCC_AHB1PeriphClockCmd
                0x080004d0       0x3c ..\obj\stm32f4xx_rcc.o
                0x080004d0                RCC_AHB1PeriphClockCmd
 .text.RCC_APB1PeriphClockCmd
                0x0800050c       0x3c ..\obj\stm32f4xx_rcc.o
                0x0800050c                RCC_APB1PeriphClockCmd
 .text.RCC_APB2PeriphClockCmd
                0x08000548       0x3c ..\obj\stm32f4xx_rcc.o
                0x08000548                RCC_APB2PeriphClockCmd
 .text.SetTextColor
                0x08000584       0x20 ..\obj\text.o
                0x08000584                SetTextColor
 .text.SetFont  0x080005a4       0x4c ..\obj\text.o
                0x080005a4                SetFont
 .text.DrawChar
                0x080005f0      0x110 ..\obj\text.o
                0x080005f0                DrawChar
 .text.DrawString
                0x08000700       0x70 ..\obj\text.o
                0x08000700                DrawString
 .text.GPIO_Init
                0x08000770      0x11c ..\obj\stm32f4xx_gpio.o
                0x08000770                GPIO_Init
 .text.GPIO_ReadInputDataBit
                0x0800088c       0x34 ..\obj\stm32f4xx_gpio.o
                0x0800088c                GPIO_ReadInputDataBit
 .text.GPIO_SetBits
                0x080008c0       0x1c ..\obj\stm32f4xx_gpio.o
                0x080008c0                GPIO_SetBits
 .text.GPIO_ResetBits
                0x080008dc       0x1c ..\obj\stm32f4xx_gpio.o
                0x080008dc                GPIO_ResetBits
 .text.GPIO_PinAFConfig
                0x080008f8       0x8c ..\obj\stm32f4xx_gpio.o
                0x080008f8                GPIO_PinAFConfig
 .text.SystemInit
                0x08000984       0x58 ..\obj\system_stm32f4xx.o
                0x08000984                SystemInit
 .text.SetSysClock
                0x080009dc       0xf4 ..\obj\system_stm32f4xx.o
 .text.DMA_DeInit
                0x08000ad0      0x1a4 ..\obj\stm32f4xx_dma.o
                0x08000ad0                DMA_DeInit
 .text.DMA_Init
                0x08000c74       0xac ..\obj\stm32f4xx_dma.o
                0x08000c74                DMA_Init
 .text.DMA_Cmd  0x08000d20       0x38 ..\obj\stm32f4xx_dma.o
                0x08000d20                DMA_Cmd
 .text.DMA_ITConfig
                0x08000d58       0x74 ..\obj\stm32f4xx_dma.o
                0x08000d58                DMA_ITConfig
 .text.DMA_GetITStatus
                0x08000dcc       0xb0 ..\obj\stm32f4xx_dma.o
                0x08000dcc                DMA_GetITStatus
 .text.DMA_ClearITPendingBit
                0x08000e7c       0x5c ..\obj\stm32f4xx_dma.o
                0x08000e7c                DMA_ClearITPendingBit
 .text.UB_VGA_Screen_Init
                0x08000ed8       0x80 ..\obj\stm32_ub_vga_screen.o
                0x08000ed8                UB_VGA_Screen_Init
 .text.UB_VGA_FillScreen
                0x08000f58       0x48 ..\obj\stm32_ub_vga_screen.o
                0x08000f58                UB_VGA_FillScreen
 .text.UB_VGA_SetPixel
                0x08000fa0       0x78 ..\obj\stm32_ub_vga_screen.o
                0x08000fa0                UB_VGA_SetPixel
 .text.P_VGA_InitIO
                0x08001018       0xa8 ..\obj\stm32_ub_vga_screen.o
                0x08001018                P_VGA_InitIO
 .text.P_VGA_InitTIM
                0x080010c0       0xc8 ..\obj\stm32_ub_vga_screen.o
                0x080010c0                P_VGA_InitTIM
 .text.P_VGA_InitINT
                0x08001188       0x58 ..\obj\stm32_ub_vga_screen.o
                0x08001188                P_VGA_InitINT
 .text.P_VGA_InitDMA
                0x080011e0       0x90 ..\obj\stm32_ub_vga_screen.o
                0x080011e0                P_VGA_InitDMA
 .text.TIM2_IRQHandler
                0x08001270       0xb8 ..\obj\stm32_ub_vga_screen.o
                0x08001270                TIM2_IRQHandler
 .text.DMA2_Stream5_IRQHandler
                0x08001328       0x4c ..\obj\stm32_ub_vga_screen.o
                0x08001328                DMA2_Stream5_IRQHandler
 .text.NVIC_Init
                0x08001374       0xbc ..\obj\misc.o
                0x08001374                NVIC_Init
 .text.InitMiddle
                0x08001430       0x20 ..\obj\middle.o
                0x08001430                InitMiddle
 .text.SetLineColor
                0x08001450       0x20 ..\obj\middle.o
                0x08001450                SetLineColor
 .text.SetFillColor
                0x08001470       0x20 ..\obj\middle.o
                0x08001470                SetFillColor
 .text.DrawPixel
                0x08001490       0x28 ..\obj\middle.o
                0x08001490                DrawPixel
 .text.DrawCircle
                0x080014b8      0x220 ..\obj\middle.o
                0x080014b8                DrawCircle
 .text.DrawRectangle
                0x080016d8       0xec ..\obj\middle.o
                0x080016d8                DrawRectangle
 .text.DrawLineCol
                0x080017c4      0x114 ..\obj\middle.o
                0x080017c4                DrawLineCol
 .text.DrawLine
                0x080018d8       0x2c ..\obj\middle.o
                0x080018d8                DrawLine
 .text.DrawTriangle
                0x08001904      0x364 ..\obj\middle.o
                0x08001904                DrawTriangle
 .text.DrawSimpleTriangle
                0x08001c68      0x1d0 ..\obj\middle.o
                0x08001c68                DrawSimpleTriangle
 .text.DrawEllipse
                0x08001e38      0x610 ..\obj\middle.o
                0x08001e38                DrawEllipse
 .text.DrawBMP  0x08002448       0x7c ..\obj\image.o
                0x08002448                DrawBMP
 .text.DrawBackGround
                0x080024c4       0xec ..\obj\image.o
                0x080024c4                DrawBackGround
 .text.TIM_TimeBaseInit
                0x080025b0       0xd4 ..\obj\stm32f4xx_tim.o
                0x080025b0                TIM_TimeBaseInit
 .text.TIM_ARRPreloadConfig
                0x08002684       0x40 ..\obj\stm32f4xx_tim.o
                0x08002684                TIM_ARRPreloadConfig
 .text.TIM_Cmd  0x080026c4       0x40 ..\obj\stm32f4xx_tim.o
                0x080026c4                TIM_Cmd
 .text.TIM_OC3Init
                0x08002704      0x10c ..\obj\stm32f4xx_tim.o
                0x08002704                TIM_OC3Init
 .text.TIM_OC4Init
                0x08002810       0xcc ..\obj\stm32f4xx_tim.o
                0x08002810                TIM_OC4Init
 .text.TIM_OC3PreloadConfig
                0x080028dc       0x38 ..\obj\stm32f4xx_tim.o
                0x080028dc                TIM_OC3PreloadConfig
 .text.TIM_OC4PreloadConfig
                0x08002914       0x3c ..\obj\stm32f4xx_tim.o
                0x08002914                TIM_OC4PreloadConfig
 .text.TIM_ITConfig
                0x08002950       0x48 ..\obj\stm32f4xx_tim.o
                0x08002950                TIM_ITConfig
 .text.TIM_ClearITPendingBit
                0x08002998       0x20 ..\obj\stm32f4xx_tim.o
                0x08002998                TIM_ClearITPendingBit
 .text.TIM_DMACmd
                0x080029b8       0x48 ..\obj\stm32f4xx_tim.o
                0x080029b8                TIM_DMACmd
 .text.sqrt     0x08002a00       0xac c:/program files (x86)/gnu tools arm embedded/4.8 2013q4/bin/../lib/gcc/arm-none-eabi/4.8.3/../../../../arm-none-eabi/lib/armv7e-m\libm.a(lib_a-w_sqrt.o)
                0x08002a00                sqrt
 .text.__ieee754_sqrt
                0x08002aac      0x180 c:/program files (x86)/gnu tools arm embedded/4.8 2013q4/bin/../lib/gcc/arm-none-eabi/4.8.3/../../../../arm-none-eabi/lib/armv7e-m\libm.a(lib_a-e_sqrt.o)
                0x08002aac                __ieee754_sqrt
 .text.__fpclassifyd
                0x08002c2c       0x50 c:/program files (x86)/gnu tools arm embedded/4.8 2013q4/bin/../lib/gcc/arm-none-eabi/4.8.3/../../../../arm-none-eabi/lib/armv7e-m\libm.a(lib_a-s_fpclassify.o)
                0x08002c2c                __fpclassifyd
 .text.matherr  0x08002c7c        0x4 c:/program files (x86)/gnu tools arm embedded/4.8 2013q4/bin/../lib/gcc/arm-none-eabi/4.8.3/../../../../arm-none-eabi/lib/armv7e-m\libm.a(lib_a-s_matherr.o)
                0x08002c7c                matherr
 .text          0x08002c80      0x370 c:/program files (x86)/gnu tools arm embedded/4.8 2013q4/bin/../lib/gcc/arm-none-eabi/4.8.3/armv7e-m\libgcc.a(_arm_addsubdf3.o)
                0x08002c80                __aeabi_drsub
                0x08002c88                __aeabi_dsub
                0x08002c88                __subdf3
                0x08002c8c                __aeabi_dadd
                0x08002c8c                __adddf3
                0x08002f04                __floatunsidf
                0x08002f04                __aeabi_ui2d
                0x08002f24                __floatsidf
                0x08002f24                __aeabi_i2d
                0x08002f48                __aeabi_f2d
                0x08002f48                __extendsfdf2
                0x08002f84                __floatundidf
                0x08002f84                __aeabi_ul2d
                0x08002f94                __floatdidf
                0x08002f94                __aeabi_l2d
 .text          0x08002ff0      0x424 c:/program files (x86)/gnu tools arm embedded/4.8 2013q4/bin/../lib/gcc/arm-none-eabi/4.8.3/armv7e-m\libgcc.a(_arm_muldivdf3.o)
                0x08002ff0                __aeabi_dmul
                0x08002ff0                __muldf3
                0x08003244                __divdf3
                0x08003244                __aeabi_ddiv
 .text          0x08003414      0x110 c:/program files (x86)/gnu tools arm embedded/4.8 2013q4/bin/../lib/gcc/arm-none-eabi/4.8.3/armv7e-m\libgcc.a(_arm_cmpdf2.o)
                0x08003414                __gtdf2
                0x08003414                __gedf2
                0x0800341c                __ltdf2
                0x0800341c                __ledf2
                0x08003424                __nedf2
                0x08003424                __eqdf2
                0x08003424                __cmpdf2
                0x080034a0                __aeabi_cdrcmple
                0x080034b0                __aeabi_cdcmpeq
                0x080034b0                __aeabi_cdcmple
                0x080034c0                __aeabi_dcmpeq
                0x080034d4                __aeabi_dcmplt
                0x080034e8                __aeabi_dcmple
                0x080034fc                __aeabi_dcmpge
                0x08003510                __aeabi_dcmpgt
 .text          0x08003524       0x50 c:/program files (x86)/gnu tools arm embedded/4.8 2013q4/bin/../lib/gcc/arm-none-eabi/4.8.3/armv7e-m\libgcc.a(_arm_fixdfsi.o)
                0x08003524                __aeabi_d2iz
                0x08003524                __fixdfsi
 .text          0x08003574       0xa0 c:/program files (x86)/gnu tools arm embedded/4.8 2013q4/bin/../lib/gcc/arm-none-eabi/4.8.3/armv7e-m\libgcc.a(_arm_truncdfsf2.o)
                0x08003574                __truncdfsf2
                0x08003574                __aeabi_d2f
 .text          0x08003614      0x21c c:/program files (x86)/gnu tools arm embedded/4.8 2013q4/bin/../lib/gcc/arm-none-eabi/4.8.3/armv7e-m\libgcc.a(_arm_addsubsf3.o)
                0x08003614                __aeabi_frsub
                0x0800361c                __subsf3
                0x0800361c                __aeabi_fsub
                0x08003620                __aeabi_fadd
                0x08003620                __addsf3
                0x08003780                __aeabi_ui2f
                0x08003780                __floatunsisf
                0x08003788                __aeabi_i2f
                0x08003788                __floatsisf
                0x080037a4                __aeabi_ul2f
                0x080037a4                __floatundisf
                0x080037b4                __aeabi_l2f
                0x080037b4                __floatdisf
 .text          0x08003830      0x2a0 c:/program files (x86)/gnu tools arm embedded/4.8 2013q4/bin/../lib/gcc/arm-none-eabi/4.8.3/armv7e-m\libgcc.a(_arm_muldivsf3.o)
                0x08003830                __mulsf3
                0x08003830                __aeabi_fmul
                0x08003998                __aeabi_fdiv
                0x08003998                __divsf3
 .text          0x08003ad0       0xec c:/program files (x86)/gnu tools arm embedded/4.8 2013q4/bin/../lib/gcc/arm-none-eabi/4.8.3/armv7e-m\libgcc.a(_arm_cmpsf2.o)
                0x08003ad0                __gesf2
                0x08003ad0                __gtsf2
                0x08003ad8                __lesf2
                0x08003ad8                __ltsf2
                0x08003ae0                __nesf2
                0x08003ae0                __eqsf2
                0x08003ae0                __cmpsf2
                0x08003b40                __aeabi_cfrcmple
                0x08003b48                __aeabi_cfcmpeq
                0x08003b48                __aeabi_cfcmple
                0x08003b58                __aeabi_fcmpeq
                0x08003b6c                __aeabi_fcmplt
                0x08003b80                __aeabi_fcmple
                0x08003b94                __aeabi_fcmpge
                0x08003ba8                __aeabi_fcmpgt
 .text          0x08003bbc       0x4c c:/program files (x86)/gnu tools arm embedded/4.8 2013q4/bin/../lib/gcc/arm-none-eabi/4.8.3/armv7e-m\libgcc.a(_arm_fixsfsi.o)
                0x08003bbc                __aeabi_f2iz
                0x08003bbc                __fixsfsi
 .text.__errno  0x08003c08        0xc c:/program files (x86)/gnu tools arm embedded/4.8 2013q4/bin/../lib/gcc/arm-none-eabi/4.8.3/../../../../arm-none-eabi/lib/armv7e-m\libg.a(lib_a-errno.o)
                0x08003c08                __errno
 *(.init)
 *(.fini)
 *crtbegin.o(.ctors)
 *crtbegin?.o(.ctors)
 *(EXCLUDE_FILE(*crtend.o *crtend?.o) .ctors)
 *(SORT(.ctors.*))
 *(.ctors)
 *crtbegin.o(.dtors)
 *crtbegin?.o(.dtors)
 *(EXCLUDE_FILE(*crtend.o *crtend?.o) .dtors)
 *(SORT(.dtors.*))
 *(.dtors)
 *(.rodata*)
 .rodata        0x08003c14      0x7c0 ..\obj\tnrCursive.o
                0x08003c14                timesNewRomanCursive_8ptBitmaps
                0x080040d0                timesNewRomanCursive_8ptDescriptors
                0x080043c0                timesNewRomanCursive_8ptFontInfo
 .rodata        0x080043d4     0x1090 ..\obj\arialCursive.o
                0x080043d4                arialCursive_16ptBitmaps
                0x08005160                arialCursive_16ptDescriptors
                0x08005450                arialCursive_16ptFontInfo
 .rodata        0x08005464     0x1050 ..\obj\arialNormal.o
                0x08005464                arial_16ptBitmaps
                0x080061b0                arial_16ptDescriptors
                0x080064a0                arial_16ptFontInfo
 .rodata        0x080064b4       0xa4 ..\obj\main.o
 .rodata        0x08006558      0x750 ..\obj\tnrBold.o
                0x08006558                timesNewRomanBold_8ptBitmaps
                0x080069a4                timesNewRomanBold_8ptDescriptors
                0x08006c94                timesNewRomanBold_8ptFontInfo
 .rodata        0x08006ca8     0x1078 ..\obj\arialBold.o
                0x08006ca8                arialBold_16ptBitmaps
                0x08007a1c                arialBold_16ptDescriptors
                0x08007d0c                arialBold_16ptFontInfo
 .rodata        0x08007d20      0x7a8 ..\obj\tnrNormal.o
                0x08007d20                timesNewRoman_8ptBitmaps
                0x080081c4                timesNewRoman_8ptDescriptors
                0x080084b4                timesNewRoman_8ptFontInfo
 .rodata        0x080084c8     0x9c50 ..\obj\image.o
                0x080084c8                wc
                0x0800d2f0                snoopy
 .rodata.str1.4
                0x08012118        0x5 c:/program files (x86)/gnu tools arm embedded/4.8 2013q4/bin/../lib/gcc/arm-none-eabi/4.8.3/../../../../arm-none-eabi/lib/armv7e-m\libm.a(lib_a-w_sqrt.o)
                                  0x8 (size before relaxing)
 *fill*         0x0801211d        0x3 
 .rodata.str1.4
                0x08012120        0x4 c:/program files (x86)/gnu tools arm embedded/4.8 2013q4/bin/../lib/gcc/arm-none-eabi/4.8.3/../../../../arm-none-eabi/lib/armv7e-m\libg.a(lib_a-impure.o)
 *(.eh_fram e*)

.glue_7         0x08012124        0x0
 .glue_7        0x00000000        0x0 linker stubs

.glue_7t        0x08012124        0x0
 .glue_7t       0x00000000        0x0 linker stubs

.vfp11_veneer   0x08012124        0x0
 .vfp11_veneer  0x00000000        0x0 linker stubs

.v4_bx          0x08012124        0x0
 .v4_bx         0x00000000        0x0 linker stubs

.iplt           0x08012124        0x0
 .iplt          0x00000000        0x0 ..\obj\tnrCursive.o

.rel.dyn        0x08012124        0x0
 .rel.iplt      0x00000000        0x0 ..\obj\tnrCursive.o

.ARM.extab
 *(.ARM.extab* .gnu.linkonce.armextab.*)
                0x08012124                __exidx_start = .

.ARM.exidx
 *(.ARM.exidx* .gnu.linkonce.armexidx.*)
                0x08012124                __exidx_end = .
                0x08012124                __etext = .
                0x08012124                _sidata = __etext

.data           0x20000000      0x454 load address 0x08012124
                0x20000000                __data_start__ = .
                0x20000000                _sdata = __data_start__
 *(vtable)
 *(.data*)
 .data          0x20000000       0x20 ..\obj\text.o
                0x20000000                fArial16p
                0x20000010                fTimesNewRoman8p
 .data.__fdlib_version
                0x20000020        0x1 c:/program files (x86)/gnu tools arm embedded/4.8 2013q4/bin/../lib/gcc/arm-none-eabi/4.8.3/../../../../arm-none-eabi/lib/armv7e-m\libm.a(lib_a-s_lib_ver.o)
                0x20000020                __fdlib_version
 *fill*         0x20000021        0x7 
 .data.impure_data
                0x20000028      0x428 c:/program files (x86)/gnu tools arm embedded/4.8 2013q4/bin/../lib/gcc/arm-none-eabi/4.8.3/../../../../arm-none-eabi/lib/armv7e-m\libg.a(lib_a-impure.o)
 .data._impure_ptr
                0x20000450        0x4 c:/program files (x86)/gnu tools arm embedded/4.8 2013q4/bin/../lib/gcc/arm-none-eabi/4.8.3/../../../../arm-none-eabi/lib/armv7e-m\libg.a(lib_a-impure.o)
                0x20000450                _impure_ptr
                0x20000454                . = ALIGN (0x4)
                0x20000454                PROVIDE (__preinit_array_start, .)
 *(.preinit_array)
                0x20000454                PROVIDE (__preinit_array_end, .)
                0x20000454                . = ALIGN (0x4)
                0x20000454                PROVIDE (__init_array_start, .)
 *(SORT(.init_array.*))
 *(.init_array)
                0x20000454                PROVIDE (__init_array_end, .)
                0x20000454                . = ALIGN (0x4)
                0x20000454                PROVIDE (__fini_array_start, .)
 *(SORT(.fini_array.*))
 *(.fini_array)
                0x20000454                PROVIDE (__fini_array_end, .)
 *(.jcr*)
                0x20000454                . = ALIGN (0x4)
                0x20000454                __data_end__ = .
                0x20000454                _edata = __data_end__

.igot.plt       0x20000454        0x0 load address 0x08012578
 .igot.plt      0x00000000        0x0 ..\obj\tnrCursive.o

.bss            0x20000454    0x12d08 load address 0x08012578
                0x20000454                . = ALIGN (0x4)
                0x20000454                __bss_start__ = .
                0x20000454                _sbss = __bss_start__
 *(.bss*)
 *(COMMON)
 COMMON         0x20000454    0x12d08 ..\obj\main.o
                0x20000454                textColor
                0x20000455                fillColor
                0x20000458                VGA
                0x20000464                VGA_RAM1
                0x20013154                lineColor
                0x20013158                currentFontInfo
                0x2001315c                . = ALIGN (0x4)
                0x2001315c                __bss_end__ = .
                0x2001315c                _ebss = __bss_end__

.heap           0x2001315c        0x0
                0x2001315c                __end__ = .
                0x2001315c                _end = __end__
                0x2001315c                end = __end__
 *(.heap*)
                0x2001315c                __HeapLimit = .

.co_stack       0x2001315c      0x804 load address 0x08025280
                0x20013160                . = ALIGN (0x8)
 *fill*         0x2001315c        0x4 
 *(.co_stack .co_stack.*)
 .co_stack      0x20013160      0x800 ..\obj\startup_stm32f4xx.o
                0x20013160                pulStack
                0x20020000                __StackTop = (ORIGIN (ram) + 0x20000)
                0x2001f7fc                __StackLimit = (__StackTop - SIZEOF (.co_stack))
                0x20020000                PROVIDE (__stack, __StackTop)
                0x00000001                ASSERT ((__StackLimit >= __HeapLimit), region ram  overflowed with stack)
LOAD ..\obj\tnrCursive.o
LOAD ..\obj\keys.o
LOAD ..\obj\arialCursive.o
LOAD ..\obj\arialNormal.o
LOAD ..\obj\startup_stm32f4xx.o
LOAD ..\obj\main.o
LOAD ..\obj\stm32f4xx_rcc.o
LOAD ..\obj\text.o
LOAD ..\obj\stm32f4xx_gpio.o
LOAD ..\obj\tnrBold.o
LOAD ..\obj\system_stm32f4xx.o
LOAD ..\obj\syscalls.o
LOAD ..\obj\stm32f4xx_dma.o
LOAD ..\obj\arialBold.o
LOAD ..\obj\stm32_ub_vga_screen.o
LOAD ..\obj\misc.o
LOAD ..\obj\tnrNormal.o
LOAD ..\obj\middle.o
LOAD ..\obj\image.o
LOAD ..\obj\stm32f4xx_tim.o
LOAD c:/program files (x86)/gnu tools arm embedded/4.8 2013q4/bin/../lib/gcc/arm-none-eabi/4.8.3/../../../../arm-none-eabi/lib/armv7e-m\libm.a
START GROUP
LOAD c:/program files (x86)/gnu tools arm embedded/4.8 2013q4/bin/../lib/gcc/arm-none-eabi/4.8.3/armv7e-m\libgcc.a
LOAD c:/program files (x86)/gnu tools arm embedded/4.8 2013q4/bin/../lib/gcc/arm-none-eabi/4.8.3/../../../../arm-none-eabi/lib/armv7e-m\libg.a
LOAD c:/program files (x86)/gnu tools arm embedded/4.8 2013q4/bin/../lib/gcc/arm-none-eabi/4.8.3/../../../../arm-none-eabi/lib/armv7e-m\libc.a
END GROUP
OUTPUT(SoftwareOntwikkeling.elf elf32-littlearm)

.debug_info     0x00000000     0x64e3
 .debug_info    0x00000000      0x132 ..\obj\tnrCursive.o
 .debug_info    0x00000132      0x2fe ..\obj\keys.o
 .debug_info    0x00000430      0x132 ..\obj\arialCursive.o
 .debug_info    0x00000562      0x132 ..\obj\arialNormal.o
 .debug_info    0x00000694       0xed ..\obj\startup_stm32f4xx.o
 .debug_info    0x00000781      0x2d0 ..\obj\main.o
 .debug_info    0x00000a51      0xc21 ..\obj\stm32f4xx_rcc.o
 .debug_info    0x00001672      0x39d ..\obj\text.o
 .debug_info    0x00001a0f      0x5d6 ..\obj\stm32f4xx_gpio.o
 .debug_info    0x00001fe5      0x132 ..\obj\tnrBold.o
 .debug_info    0x00002117      0x566 ..\obj\system_stm32f4xx.o
 .debug_info    0x0000267d      0x718 ..\obj\stm32f4xx_dma.o
 .debug_info    0x00002d95      0x132 ..\obj\arialBold.o
 .debug_info    0x00002ec7      0xaa9 ..\obj\stm32_ub_vga_screen.o
 .debug_info    0x00003970      0x51c ..\obj\misc.o
 .debug_info    0x00003e8c      0x132 ..\obj\tnrNormal.o
 .debug_info    0x00003fbe      0x6e5 ..\obj\middle.o
 .debug_info    0x000046a3      0x20b ..\obj\image.o
 .debug_info    0x000048ae     0x1c35 ..\obj\stm32f4xx_tim.o

.debug_abbrev   0x00000000     0x14a1
 .debug_abbrev  0x00000000       0x9a ..\obj\tnrCursive.o
 .debug_abbrev  0x0000009a      0x12a ..\obj\keys.o
 .debug_abbrev  0x000001c4       0x9a ..\obj\arialCursive.o
 .debug_abbrev  0x0000025e       0x9a ..\obj\arialNormal.o
 .debug_abbrev  0x000002f8       0xb0 ..\obj\startup_stm32f4xx.o
 .debug_abbrev  0x000003a8      0x122 ..\obj\main.o
 .debug_abbrev  0x000004ca      0x1e3 ..\obj\stm32f4xx_rcc.o
 .debug_abbrev  0x000006ad      0x140 ..\obj\text.o
 .debug_abbrev  0x000007ed      0x1a3 ..\obj\stm32f4xx_gpio.o
 .debug_abbrev  0x00000990       0x9a ..\obj\tnrBold.o
 .debug_abbrev  0x00000a2a      0x136 ..\obj\system_stm32f4xx.o
 .debug_abbrev  0x00000b60      0x155 ..\obj\stm32f4xx_dma.o
 .debug_abbrev  0x00000cb5       0x9a ..\obj\arialBold.o
 .debug_abbrev  0x00000d4f      0x1c1 ..\obj\stm32_ub_vga_screen.o
 .debug_abbrev  0x00000f10      0x145 ..\obj\misc.o
 .debug_abbrev  0x00001055       0x9a ..\obj\tnrNormal.o
 .debug_abbrev  0x000010ef      0x137 ..\obj\middle.o
 .debug_abbrev  0x00001226       0xf4 ..\obj\image.o
 .debug_abbrev  0x0000131a      0x187 ..\obj\stm32f4xx_tim.o

.debug_aranges  0x00000000      0x850
 .debug_aranges
                0x00000000       0x18 ..\obj\tnrCursive.o
 .debug_aranges
                0x00000018       0x30 ..\obj\keys.o
 .debug_aranges
                0x00000048       0x18 ..\obj\arialCursive.o
 .debug_aranges
                0x00000060       0x18 ..\obj\arialNormal.o
 .debug_aranges
                0x00000078       0x28 ..\obj\startup_stm32f4xx.o
 .debug_aranges
                0x000000a0       0x20 ..\obj\main.o
 .debug_aranges
                0x000000c0      0x178 ..\obj\stm32f4xx_rcc.o
 .debug_aranges
                0x00000238       0x38 ..\obj\text.o
 .debug_aranges
                0x00000270       0x88 ..\obj\stm32f4xx_gpio.o
 .debug_aranges
                0x000002f8       0x18 ..\obj\tnrBold.o
 .debug_aranges
                0x00000310       0x30 ..\obj\system_stm32f4xx.o
 .debug_aranges
                0x00000340       0xb0 ..\obj\stm32f4xx_dma.o
 .debug_aranges
                0x000003f0       0x18 ..\obj\arialBold.o
 .debug_aranges
                0x00000408       0x60 ..\obj\stm32_ub_vga_screen.o
 .debug_aranges
                0x00000468       0x40 ..\obj\misc.o
 .debug_aranges
                0x000004a8       0x18 ..\obj\tnrNormal.o
 .debug_aranges
                0x000004c0       0x70 ..\obj\middle.o
 .debug_aranges
                0x00000530       0x28 ..\obj\image.o
 .debug_aranges
                0x00000558      0x2f8 ..\obj\stm32f4xx_tim.o

.debug_line     0x00000000     0x2af6
 .debug_line    0x00000000       0x6f ..\obj\tnrCursive.o
 .debug_line    0x0000006f      0x244 ..\obj\keys.o
 .debug_line    0x000002b3       0x71 ..\obj\arialCursive.o
 .debug_line    0x00000324       0x70 ..\obj\arialNormal.o
 .debug_line    0x00000394       0xb1 ..\obj\startup_stm32f4xx.o
 .debug_line    0x00000445      0x1cc ..\obj\main.o
 .debug_line    0x00000611      0x57e ..\obj\stm32f4xx_rcc.o
 .debug_line    0x00000b8f      0x15e ..\obj\text.o
 .debug_line    0x00000ced      0x323 ..\obj\stm32f4xx_gpio.o
 .debug_line    0x00001010       0x6c ..\obj\tnrBold.o
 .debug_line    0x0000107c      0x1ab ..\obj\system_stm32f4xx.o
 .debug_line    0x00001227      0x3c0 ..\obj\stm32f4xx_dma.o
 .debug_line    0x000015e7       0x6e ..\obj\arialBold.o
 .debug_line    0x00001655      0x37a ..\obj\stm32_ub_vga_screen.o
 .debug_line    0x000019cf      0x229 ..\obj\misc.o
 .debug_line    0x00001bf8       0x6e ..\obj\tnrNormal.o
 .debug_line    0x00001c66      0x36c ..\obj\middle.o
 .debug_line    0x00001fd2       0xdb ..\obj\image.o
 .debug_line    0x000020ad      0xa49 ..\obj\stm32f4xx_tim.o

.debug_str      0x00000000     0x2cb4
 .debug_str     0x00000000      0x1a2 ..\obj\tnrCursive.o
                                0x1ad (size before relaxing)
 .debug_str     0x000001a2      0x280 ..\obj\keys.o
                                0x341 (size before relaxing)
 .debug_str     0x00000422       0x97 ..\obj\arialCursive.o
                                0x19a (size before relaxing)
 .debug_str     0x000004b9       0x81 ..\obj\arialNormal.o
                                0x184 (size before relaxing)
 .debug_str     0x0000053a       0xc0 ..\obj\startup_stm32f4xx.o
                                0x157 (size before relaxing)
 .debug_str     0x000005fa       0xec ..\obj\main.o
                                0x2a9 (size before relaxing)
 .debug_str     0x000006e6      0x6b5 ..\obj\stm32f4xx_rcc.o
                                0x836 (size before relaxing)
 .debug_str     0x00000d9b      0x194 ..\obj\text.o
                                0x340 (size before relaxing)
 .debug_str     0x00000f2f      0x1a1 ..\obj\stm32f4xx_gpio.o
                                0x489 (size before relaxing)
 .debug_str     0x000010d0       0x80 ..\obj\tnrBold.o
                                0x1a1 (size before relaxing)
 .debug_str     0x00001150      0x128 ..\obj\system_stm32f4xx.o
                                0x390 (size before relaxing)
 .debug_str     0x00001278      0x3a7 ..\obj\stm32f4xx_dma.o
                                0x532 (size before relaxing)
 .debug_str     0x0000161f       0x74 ..\obj\arialBold.o
                                0x18e (size before relaxing)
 .debug_str     0x00001693      0x844 ..\obj\stm32_ub_vga_screen.o
                                0xcc3 (size before relaxing)
 .debug_str     0x00001ed7      0x16a ..\obj\misc.o
                                0x3bf (size before relaxing)
 .debug_str     0x00002041       0x7a ..\obj\tnrNormal.o
                                0x197 (size before relaxing)
 .debug_str     0x000020bb      0x161 ..\obj\middle.o
                                0x30d (size before relaxing)
 .debug_str     0x0000221c       0x8a ..\obj\image.o
                                0x14d (size before relaxing)
 .debug_str     0x000022a6      0xa0e ..\obj\stm32f4xx_tim.o
                                0xdb6 (size before relaxing)

.comment        0x00000000       0x70
 .comment       0x00000000       0x70 ..\obj\tnrCursive.o
                                 0x71 (size before relaxing)
 .comment       0x00000000       0x71 ..\obj\keys.o
 .comment       0x00000000       0x71 ..\obj\arialCursive.o
 .comment       0x00000000       0x71 ..\obj\arialNormal.o
 .comment       0x00000000       0x71 ..\obj\startup_stm32f4xx.o
 .comment       0x00000000       0x71 ..\obj\main.o
 .comment       0x00000000       0x71 ..\obj\stm32f4xx_rcc.o
 .comment       0x00000000       0x71 ..\obj\text.o
 .comment       0x00000000       0x71 ..\obj\stm32f4xx_gpio.o
 .comment       0x00000000       0x71 ..\obj\tnrBold.o
 .comment       0x00000000       0x71 ..\obj\system_stm32f4xx.o
 .comment       0x00000000       0x71 ..\obj\stm32f4xx_dma.o
 .comment       0x00000000       0x71 ..\obj\arialBold.o
 .comment       0x00000000       0x71 ..\obj\stm32_ub_vga_screen.o
 .comment       0x00000000       0x71 ..\obj\misc.o
 .comment       0x00000000       0x71 ..\obj\tnrNormal.o
 .comment       0x00000000       0x71 ..\obj\middle.o
 .comment       0x00000000       0x71 ..\obj\image.o
 .comment       0x00000000       0x71 ..\obj\stm32f4xx_tim.o

.ARM.attributes
                0x00000000       0x33
 .ARM.attributes
                0x00000000       0x33 ..\obj\tnrCursive.o
 .ARM.attributes
                0x00000033       0x33 ..\obj\keys.o
 .ARM.attributes
                0x00000066       0x33 ..\obj\arialCursive.o
 .ARM.attributes
                0x00000099       0x33 ..\obj\arialNormal.o
 .ARM.attributes
                0x000000cc       0x33 ..\obj\startup_stm32f4xx.o
 .ARM.attributes
                0x000000ff       0x33 ..\obj\main.o
 .ARM.attributes
                0x00000132       0x33 ..\obj\stm32f4xx_rcc.o
 .ARM.attributes
                0x00000165       0x33 ..\obj\text.o
 .ARM.attributes
                0x00000198       0x33 ..\obj\stm32f4xx_gpio.o
 .ARM.attributes
                0x000001cb       0x33 ..\obj\tnrBold.o
 .ARM.attributes
                0x000001fe       0x33 ..\obj\system_stm32f4xx.o
 .ARM.attributes
                0x00000231       0x33 ..\obj\stm32f4xx_dma.o
 .ARM.attributes
                0x00000264       0x33 ..\obj\arialBold.o
 .ARM.attributes
                0x00000297       0x33 ..\obj\stm32_ub_vga_screen.o
 .ARM.attributes
                0x000002ca       0x33 ..\obj\misc.o
 .ARM.attributes
                0x000002fd       0x33 ..\obj\tnrNormal.o
 .ARM.attributes
                0x00000330       0x33 ..\obj\middle.o
 .ARM.attributes
                0x00000363       0x33 ..\obj\image.o
 .ARM.attributes
                0x00000396       0x33 ..\obj\stm32f4xx_tim.o
 .ARM.attributes
                0x000003c9       0x2e c:/program files (x86)/gnu tools arm embedded/4.8 2013q4/bin/../lib/gcc/arm-none-eabi/4.8.3/../../../../arm-none-eabi/lib/armv7e-m\libm.a(lib_a-w_sqrt.o)
 .ARM.attributes
                0x000003f7       0x2e c:/program files (x86)/gnu tools arm embedded/4.8 2013q4/bin/../lib/gcc/arm-none-eabi/4.8.3/../../../../arm-none-eabi/lib/armv7e-m\libm.a(lib_a-e_sqrt.o)
 .ARM.attributes
                0x00000425       0x2e c:/program files (x86)/gnu tools arm embedded/4.8 2013q4/bin/../lib/gcc/arm-none-eabi/4.8.3/../../../../arm-none-eabi/lib/armv7e-m\libm.a(lib_a-s_fpclassify.o)
 .ARM.attributes
                0x00000453       0x2e c:/program files (x86)/gnu tools arm embedded/4.8 2013q4/bin/../lib/gcc/arm-none-eabi/4.8.3/../../../../arm-none-eabi/lib/armv7e-m\libm.a(lib_a-s_lib_ver.o)
 .ARM.attributes
                0x00000481       0x2e c:/program files (x86)/gnu tools arm embedded/4.8 2013q4/bin/../lib/gcc/arm-none-eabi/4.8.3/../../../../arm-none-eabi/lib/armv7e-m\libm.a(lib_a-s_matherr.o)
 .ARM.attributes
                0x000004af       0x1e c:/program files (x86)/gnu tools arm embedded/4.8 2013q4/bin/../lib/gcc/arm-none-eabi/4.8.3/armv7e-m\libgcc.a(_arm_addsubdf3.o)
 .ARM.attributes
                0x000004cd       0x1e c:/program files (x86)/gnu tools arm embedded/4.8 2013q4/bin/../lib/gcc/arm-none-eabi/4.8.3/armv7e-m\libgcc.a(_arm_muldivdf3.o)
 .ARM.attributes
                0x000004eb       0x1e c:/program files (x86)/gnu tools arm embedded/4.8 2013q4/bin/../lib/gcc/arm-none-eabi/4.8.3/armv7e-m\libgcc.a(_arm_cmpdf2.o)
 .ARM.attributes
                0x00000509       0x1e c:/program files (x86)/gnu tools arm embedded/4.8 2013q4/bin/../lib/gcc/arm-none-eabi/4.8.3/armv7e-m\libgcc.a(_arm_fixdfsi.o)
 .ARM.attributes
                0x00000527       0x1e c:/program files (x86)/gnu tools arm embedded/4.8 2013q4/bin/../lib/gcc/arm-none-eabi/4.8.3/armv7e-m\libgcc.a(_arm_truncdfsf2.o)
 .ARM.attributes
                0x00000545       0x1e c:/program files (x86)/gnu tools arm embedded/4.8 2013q4/bin/../lib/gcc/arm-none-eabi/4.8.3/armv7e-m\libgcc.a(_arm_addsubsf3.o)
 .ARM.attributes
                0x00000563       0x1e c:/program files (x86)/gnu tools arm embedded/4.8 2013q4/bin/../lib/gcc/arm-none-eabi/4.8.3/armv7e-m\libgcc.a(_arm_muldivsf3.o)
 .ARM.attributes
                0x00000581       0x1e c:/program files (x86)/gnu tools arm embedded/4.8 2013q4/bin/../lib/gcc/arm-none-eabi/4.8.3/armv7e-m\libgcc.a(_arm_cmpsf2.o)
 .ARM.attributes
                0x0000059f       0x1e c:/program files (x86)/gnu tools arm embedded/4.8 2013q4/bin/../lib/gcc/arm-none-eabi/4.8.3/armv7e-m\libgcc.a(_arm_fixsfsi.o)
 .ARM.attributes
                0x000005bd       0x2e c:/program files (x86)/gnu tools arm embedded/4.8 2013q4/bin/../lib/gcc/arm-none-eabi/4.8.3/../../../../arm-none-eabi/lib/armv7e-m\libg.a(lib_a-errno.o)
 .ARM.attributes
                0x000005eb       0x2e c:/program files (x86)/gnu tools arm embedded/4.8 2013q4/bin/../lib/gcc/arm-none-eabi/4.8.3/../../../../arm-none-eabi/lib/armv7e-m\libg.a(lib_a-impure.o)

.debug_ranges   0x00000000      0x6f0
 .debug_ranges  0x00000000       0x20 ..\obj\keys.o
 .debug_ranges  0x00000020       0x18 ..\obj\startup_stm32f4xx.o
 .debug_ranges  0x00000038       0x10 ..\obj\main.o
 .debug_ranges  0x00000048      0x168 ..\obj\stm32f4xx_rcc.o
 .debug_ranges  0x000001b0       0x28 ..\obj\text.o
 .debug_ranges  0x000001d8       0x78 ..\obj\stm32f4xx_gpio.o
 .debug_ranges  0x00000250       0x20 ..\obj\system_stm32f4xx.o
 .debug_ranges  0x00000270       0xa0 ..\obj\stm32f4xx_dma.o
 .debug_ranges  0x00000310       0x50 ..\obj\stm32_ub_vga_screen.o
 .debug_ranges  0x00000360       0x30 ..\obj\misc.o
 .debug_ranges  0x00000390       0x60 ..\obj\middle.o
 .debug_ranges  0x000003f0       0x18 ..\obj\image.o
 .debug_ranges  0x00000408      0x2e8 ..\obj\stm32f4xx_tim.o

.debug_frame    0x00000000     0x18f8
 .debug_frame   0x00000000       0x70 ..\obj\keys.o
 .debug_frame   0x00000070       0x48 ..\obj\startup_stm32f4xx.o
 .debug_frame   0x000000b8       0x30 ..\obj\main.o
 .debug_frame   0x000000e8      0x4d8 ..\obj\stm32f4xx_rcc.o
 .debug_frame   0x000005c0       0x88 ..\obj\text.o
 .debug_frame   0x00000648      0x19c ..\obj\stm32f4xx_gpio.o
 .debug_frame   0x000007e4       0x64 ..\obj\system_stm32f4xx.o
 .debug_frame   0x00000848      0x224 ..\obj\stm32f4xx_dma.o
 .debug_frame   0x00000a6c      0x124 ..\obj\stm32_ub_vga_screen.o
 .debug_frame   0x00000b90       0x9c ..\obj\misc.o
 .debug_frame   0x00000c2c      0x16c ..\obj\middle.o
 .debug_frame   0x00000d98       0x50 ..\obj\image.o
 .debug_frame   0x00000de8      0xa3c ..\obj\stm32f4xx_tim.o
 .debug_frame   0x00001824       0x38 c:/program files (x86)/gnu tools arm embedded/4.8 2013q4/bin/../lib/gcc/arm-none-eabi/4.8.3/../../../../arm-none-eabi/lib/armv7e-m\libm.a(lib_a-w_sqrt.o)
 .debug_frame   0x0000185c       0x34 c:/program files (x86)/gnu tools arm embedded/4.8 2013q4/bin/../lib/gcc/arm-none-eabi/4.8.3/../../../../arm-none-eabi/lib/armv7e-m\libm.a(lib_a-e_sqrt.o)
 .debug_frame   0x00001890       0x28 c:/program files (x86)/gnu tools arm embedded/4.8 2013q4/bin/../lib/gcc/arm-none-eabi/4.8.3/../../../../arm-none-eabi/lib/armv7e-m\libm.a(lib_a-s_fpclassify.o)
 .debug_frame   0x000018b8       0x20 c:/program files (x86)/gnu tools arm embedded/4.8 2013q4/bin/../lib/gcc/arm-none-eabi/4.8.3/../../../../arm-none-eabi/lib/armv7e-m\libm.a(lib_a-s_matherr.o)
 .debug_frame   0x000018d8       0x20 c:/program files (x86)/gnu tools arm embedded/4.8 2013q4/bin/../lib/gcc/arm-none-eabi/4.8.3/../../../../arm-none-eabi/lib/armv7e-m\libg.a(lib_a-errno.o)
